<html>
<body>
<pre>
<h1>µVision Build Log</h1>
<h2>Tool Versions:</h2>
IDE-Version: ¦ÌVision V5.24.2.0
Copyright (C) 2017 ARM Ltd and ARM Germany GmbH. All rights reserved.
License Information: ABC ABC, ABC, LIC=14HLQ-NVGUI-W28LL-00PSK-8EHBI-76H5W
 
Tool Versions:
Toolchain:       MDK-ARM Plus  Version: 5.24.1
Toolchain Path:  C:\Keil_v5\ARM\ARMCC\Bin
C Compiler:      Armcc.exe V5.06 update 5 (build 528)
Assembler:       Armasm.exe V5.06 update 5 (build 528)
Linker/Locator:  ArmLink.exe V5.06 update 5 (build 528)
Library Manager: ArmAr.exe V5.06 update 5 (build 528)
Hex Converter:   FromElf.exe V5.06 update 5 (build 528)
CPU DLL:         SARMCM3.DLL V5.24.1
Dialog DLL:      DARMSTM.DLL V1.68.0.0
Target DLL:      Segger\JL2CM3.dll V2.99.26.0
Dialog DLL:      TARMSTM.DLL V1.66.0.0
 
<h2>Project:</h2>
C:\Users\ABC\Desktop\FFT2\MDK-Proj\FFT2.uvproj
Project File Date:  08/12/2017

<h2>Output:</h2>
*** Using Compiler 'V5.06 update 5 (build 528)', folder: 'C:\Keil_v5\ARM\ARMCC\Bin'
Rebuild target 'STM32_FFT2'
compiling stm32f10x_it.c...
compiling main.c...
compiling stm32f10x_rcc.c...
compiling stm32f10x_rtc.c...
compiling stm32f10x_sdio.c...
compiling stm32f10x_tim.c...
compiling misc.c...
compiling stm32f10x_gpio.c...
compiling stm32f10x_adc.c...
compiling stm32f10x_dma.c...
compiling stm32f10x_flash.c...
compiling stm32f10x_usart.c...
compiling core_cm3.c...
assembling startup_stm32f10x_cl.s...
assembling cr4_fft_64_stm32.s...
assembling cr4_fft_256_stm32.s...
assembling cr4_fft_1024_stm32.s...
compiling system_stm32f10x.c...
compiling bsp.c...
compiling FFT2.c...
compiling dsp_asm.c...
..\source\DSP_test\dsp_asm.c(172): warning:  #167-D: argument of type "u8 *" is incompatible with parameter of type "char *restrict"
  		sprintf(temp,"%d Times Mag:%.2f\r\n\0",i,lBUFMAG[i]);
..\source\DSP_test\dsp_asm.c(172): warning:  #181-D: argument is incompatible with corresponding format string conversion
  		sprintf(temp,"%d Times Mag:%.2f\r\n\0",i,lBUFMAG[i]);
..\source\DSP_test\dsp_asm.c: 2 warnings, 0 errors
compiling dsp_g2.c...
..\source\DSP_test\dsp_g2.c(124): warning:  #167-D: argument of type "u8 *" is incompatible with parameter of type "char *restrict"
  		sprintf(temp,"%d Times Result:%.2f\r\n\0",i,result[i]);
..\source\DSP_test\dsp_g2.c: 1 warning, 0 errors
compiling USART1.c...
compiling delay.c...
compiling sys.c...
linking...
Program Size: Code=20368 RO-data=800 RW-data=68 ZI-data=7940  
FromELF: creating hex file...
"..\Debug\output\FFT2.axf" - 0 Error(s), 3 Warning(s).
Build Time Elapsed:  00:00:07
</pre>
</body>
</html>
