Component: ARM Compiler 5.06 update 5 (build 528) Tool: armlink [4d35e2]

==============================================================================

Section Cross References

    stm32f10x_it.o(.text) refers to main.o(.text) for TimingDelay_Decrement
    stm32f10x_it.o(.text) refers to stm32f10x_adc.o(.text) for ADC_GetConversionValue
    stm32f10x_it.o(.text) refers to stm32f10x_it.o(.data) for TimingCounter
    main.o(.text) refers to stm32f10x_gpio.o(.text) for GPIO_SetBits
    main.o(.text) refers to delay.o(.text) for delay_init
    main.o(.text) refers to usart1.o(.text) for UART5_Config
    main.o(.text) refers to bsp.o(.text) for BSP_Init
    main.o(.text) refers to dsp_asm.o(.text) for dsp_asm_init
    main.o(.text) refers to dsp_g2.o(.text) for dsp_g2_test
    main.o(.text) refers to main.o(.data) for TimingDelay
    main.o(.text) refers to system_stm32f10x.o(.data) for SystemCoreClock
    stm32f10x_rcc.o(.text) refers to stm32f10x_rcc.o(.data) for APBAHBPrescTable
    stm32f10x_tim.o(.text) refers to stm32f10x_rcc.o(.text) for RCC_APB2PeriphResetCmd
    stm32f10x_gpio.o(.text) refers to stm32f10x_rcc.o(.text) for RCC_APB2PeriphResetCmd
    stm32f10x_adc.o(.text) refers to stm32f10x_rcc.o(.text) for RCC_APB2PeriphResetCmd
    stm32f10x_usart.o(.text) refers to stm32f10x_rcc.o(.text) for RCC_APB2PeriphResetCmd
    system_stm32f10x.o(.text) refers to system_stm32f10x.o(.data) for SystemCoreClock
    startup_stm32f10x_cl.o(RESET) refers to startup_stm32f10x_cl.o(STACK) for __initial_sp
    startup_stm32f10x_cl.o(RESET) refers to startup_stm32f10x_cl.o(.text) for Reset_Handler
    startup_stm32f10x_cl.o(RESET) refers to stm32f10x_it.o(.text) for NMI_Handler
    startup_stm32f10x_cl.o(RESET) refers to usart1.o(.text) for USART1_IRQHandler
    startup_stm32f10x_cl.o(.text) refers to system_stm32f10x.o(.text) for SystemInit
    startup_stm32f10x_cl.o(.text) refers to entry.o(.ARM.Collect$$$$00000000) for __main
    bsp.o(.text) refers to usart1.o(.text) for USART1_Init
    bsp.o(.text) refers to stm32f10x_gpio.o(.text) for GPIO_Init
    bsp.o(.text) refers to stm32f10x_rcc.o(.text) for RCC_DeInit
    bsp.o(.text) refers to stm32f10x_flash.o(.text) for FLASH_PrefetchBufferCmd
    bsp.o(.text) refers to bsp.o(.data) for HSEStartUpStatus
    fft2.o(.text) refers to dmul.o(.text) for __aeabi_dmul
    fft2.o(.text) refers to dadd.o(.text) for __aeabi_dsub
    fft2.o(.text) refers to dflti.o(.text) for __aeabi_i2d
    fft2.o(.text) refers to pow.o(i.pow) for pow
    fft2.o(.text) refers to dfixi.o(.text) for __aeabi_d2iz
    fft2.o(.text) refers to fflti.o(.text) for __aeabi_i2f
    fft2.o(.text) refers to fmul.o(.text) for __aeabi_fmul
    fft2.o(.text) refers to fdiv.o(.text) for __aeabi_fdiv
    fft2.o(.text) refers to f2d.o(.text) for __aeabi_f2d
    fft2.o(.text) refers to cos.o(i.cos) for cos
    fft2.o(.text) refers to sin.o(i.sin) for sin
    dsp_asm.o(.text) refers to dfltui.o(.text) for __aeabi_ui2d
    dsp_asm.o(.text) refers to dmul.o(.text) for __aeabi_dmul
    dsp_asm.o(.text) refers to ddiv.o(.text) for __aeabi_ddiv
    dsp_asm.o(.text) refers to sin.o(i.sin) for sin
    dsp_asm.o(.text) refers to dadd.o(.text) for __aeabi_dadd
    dsp_asm.o(.text) refers to d2f.o(.text) for __aeabi_d2f
    dsp_asm.o(.text) refers to ffixi.o(.text) for __aeabi_f2iz
    dsp_asm.o(.text) refers to memseta.o(.text) for __aeabi_memclr4
    dsp_asm.o(.text) refers to fflti.o(.text) for __aeabi_i2f
    dsp_asm.o(.text) refers to fmul.o(.text) for __aeabi_fmul
    dsp_asm.o(.text) refers to fdiv.o(.text) for __aeabi_fdiv
    dsp_asm.o(.text) refers to fadd.o(.text) for __aeabi_fadd
    dsp_asm.o(.text) refers to f2d.o(.text) for __aeabi_f2d
    dsp_asm.o(.text) refers to sqrt.o(i.sqrt) for sqrt
    dsp_asm.o(.text) refers to ffixui.o(.text) for __aeabi_f2uiz
    dsp_asm.o(.text) refers to printfa.o(i.__0sprintf) for __2sprintf
    dsp_asm.o(.text) refers to usart1.o(.text) for Uart5_Send_String
    dsp_asm.o(.text) refers to delay.o(.text) for delay_ms
    dsp_asm.o(.text) refers to cr4_fft_64_stm32.o(.text) for cr4_fft_64_stm32
    dsp_asm.o(.text) refers to dsp_asm.o(.bss) for lBUFIN
    dsp_g2.o(.text) refers to memseta.o(.text) for __aeabi_memclr4
    dsp_g2.o(.text) refers to ffltui.o(.text) for __aeabi_ui2f
    dsp_g2.o(.text) refers to fdiv.o(.text) for __aeabi_fdiv
    dsp_g2.o(.text) refers to f2d.o(.text) for __aeabi_f2d
    dsp_g2.o(.text) refers to dfltui.o(.text) for __aeabi_ui2d
    dsp_g2.o(.text) refers to dmul.o(.text) for __aeabi_dmul
    dsp_g2.o(.text) refers to sin.o(i.sin) for sin
    dsp_g2.o(.text) refers to dadd.o(.text) for __aeabi_dadd
    dsp_g2.o(.text) refers to fft2.o(.text) for FFT
    dsp_g2.o(.text) refers to sqrt.o(i.sqrt) for sqrt
    dsp_g2.o(.text) refers to ddiv.o(.text) for __aeabi_ddiv
    dsp_g2.o(.text) refers to printfa.o(i.__0sprintf) for __2sprintf
    dsp_g2.o(.text) refers to usart1.o(.text) for Uart5_Send_String
[...]
    printf7.o(i.__0fprintf$7) refers to usart1.o(.text) for fputc
    printf7.o(i.__0printf$7) refers to printf7.o(i._printf_core) for _printf_core
    printf7.o(i.__0printf$7) refers to usart1.o(.text) for fputc
    printf7.o(i.__0printf$7) refers to stdout.o(.data) for __stdout
    printf7.o(i.__0snprintf$7) refers to printf7.o(i._printf_core) for _printf_core
    printf7.o(i.__0snprintf$7) refers to printf7.o(i._snputc) for _snputc
    printf7.o(i.__0sprintf$7) refers to printf7.o(i._printf_core) for _printf_core
    printf7.o(i.__0sprintf$7) refers to printf7.o(i._sputc) for _sputc
    printf7.o(i.__0vfprintf$7) refers to printf7.o(i._printf_core) for _printf_core
    printf7.o(i.__0vfprintf$7) refers to usart1.o(.text) for fputc
    printf7.o(i.__0vprintf$7) refers to printf7.o(i._printf_core) for _printf_core
    printf7.o(i.__0vprintf$7) refers to usart1.o(.text) for fputc
    printf7.o(i.__0vprintf$7) refers to stdout.o(.data) for __stdout
    printf7.o(i.__0vsnprintf$7) refers to printf7.o(i._printf_core) for _printf_core
    printf7.o(i.__0vsnprintf$7) refers to printf7.o(i._snputc) for _snputc
    printf7.o(i.__0vsprintf$7) refers to printf7.o(i._printf_core) for _printf_core
    printf7.o(i.__0vsprintf$7) refers to printf7.o(i._sputc) for _sputc
    printf7.o(i._printf_core) refers to printf7.o(i._printf_pre_padding) for _printf_pre_padding
    printf7.o(i._printf_core) refers to uldiv.o(.text) for __aeabi_uldivmod
    printf7.o(i._printf_core) refers to printf7.o(i._printf_post_padding) for _printf_post_padding
    printf8.o(i.__0fprintf$8) refers to printf8.o(i._printf_core) for _printf_core
    printf8.o(i.__0fprintf$8) refers to usart1.o(.text) for fputc
    printf8.o(i.__0printf$8) refers to printf8.o(i._printf_core) for _printf_core
    printf8.o(i.__0printf$8) refers to usart1.o(.text) for fputc
    printf8.o(i.__0printf$8) refers to stdout.o(.data) for __stdout
    printf8.o(i.__0snprintf$8) refers to printf8.o(i._printf_core) for _printf_core
    printf8.o(i.__0snprintf$8) refers to printf8.o(i._snputc) for _snputc
    printf8.o(i.__0sprintf$8) refers to printf8.o(i._printf_core) for _printf_core
    printf8.o(i.__0sprintf$8) refers to printf8.o(i._sputc) for _sputc
    printf8.o(i.__0vfprintf$8) refers to printf8.o(i._printf_core) for _printf_core
    printf8.o(i.__0vfprintf$8) refers to usart1.o(.text) for fputc
    printf8.o(i.__0vprintf$8) refers to printf8.o(i._printf_core) for _printf_core
    printf8.o(i.__0vprintf$8) refers to usart1.o(.text) for fputc
    printf8.o(i.__0vprintf$8) refers to stdout.o(.data) for __stdout
    printf8.o(i.__0vsnprintf$8) refers to printf8.o(i._printf_core) for _printf_core
    printf8.o(i.__0vsnprintf$8) refers to printf8.o(i._snputc) for _snputc
    printf8.o(i.__0vsprintf$8) refers to printf8.o(i._printf_core) for _printf_core
    printf8.o(i.__0vsprintf$8) refers to printf8.o(i._sputc) for _sputc
    printf8.o(i._printf_core) refers to printf8.o(i._printf_pre_padding) for _printf_pre_padding
    printf8.o(i._printf_core) refers to uldiv.o(.text) for __aeabi_uldivmod
    printf8.o(i._printf_core) refers to printf8.o(i._printf_post_padding) for _printf_post_padding
    printfa.o(i.__0fprintf) refers (Special) to iusefp.o(.text) for __I$use$fp
    printfa.o(i.__0fprintf) refers to printfa.o(i._printf_core) for _printf_core
    printfa.o(i.__0fprintf) refers to usart1.o(.text) for fputc
    printfa.o(i.__0printf) refers (Special) to iusefp.o(.text) for __I$use$fp
    printfa.o(i.__0printf) refers to printfa.o(i._printf_core) for _printf_core
    printfa.o(i.__0printf) refers to usart1.o(.text) for fputc
    printfa.o(i.__0printf) refers to stdout.o(.data) for __stdout
    printfa.o(i.__0snprintf) refers (Special) to iusefp.o(.text) for __I$use$fp
    printfa.o(i.__0snprintf) refers to printfa.o(i._printf_core) for _printf_core
    printfa.o(i.__0snprintf) refers to printfa.o(i._snputc) for _snputc
    printfa.o(i.__0sprintf) refers (Special) to iusefp.o(.text) for __I$use$fp
    printfa.o(i.__0sprintf) refers to printfa.o(i._printf_core) for _printf_core
    printfa.o(i.__0sprintf) refers to printfa.o(i._sputc) for _sputc
    printfa.o(i.__0vfprintf) refers (Special) to iusefp.o(.text) for __I$use$fp
    printfa.o(i.__0vfprintf) refers to printfa.o(i._printf_core) for _printf_core
    printfa.o(i.__0vfprintf) refers to usart1.o(.text) for fputc
    printfa.o(i.__0vprintf) refers (Special) to iusefp.o(.text) for __I$use$fp
    printfa.o(i.__0vprintf) refers to printfa.o(i._printf_core) for _printf_core
    printfa.o(i.__0vprintf) refers to usart1.o(.text) for fputc
    printfa.o(i.__0vprintf) refers to stdout.o(.data) for __stdout
    printfa.o(i.__0vsnprintf) refers (Special) to iusefp.o(.text) for __I$use$fp
    printfa.o(i.__0vsnprintf) refers to printfa.o(i._printf_core) for _printf_core
    printfa.o(i.__0vsnprintf) refers to printfa.o(i._snputc) for _snputc
    printfa.o(i.__0vsprintf) refers (Special) to iusefp.o(.text) for __I$use$fp
    printfa.o(i.__0vsprintf) refers to printfa.o(i._printf_core) for _printf_core
    printfa.o(i.__0vsprintf) refers to printfa.o(i._sputc) for _sputc
    printfa.o(i._fp_digits) refers (Special) to iusefp.o(.text) for __I$use$fp
    printfa.o(i._fp_digits) refers to dmul.o(.text) for __aeabi_dmul
    printfa.o(i._fp_digits) refers to ddiv.o(.text) for __aeabi_ddiv
    printfa.o(i._fp_digits) refers to cdrcmple.o(.text) for __aeabi_cdrcmple
    printfa.o(i._fp_digits) refers to dadd.o(.text) for __aeabi_dadd
    printfa.o(i._fp_digits) refers to dfixul.o(.text) for __aeabi_d2ulz
    printfa.o(i._fp_digits) refers to uldiv.o(.text) for __aeabi_uldivmod
    printfa.o(i._printf_core) refers (Special) to iusefp.o(.text) for __I$use$fp
    printfa.o(i._printf_core) refers to printfa.o(i._printf_pre_padding) for _printf_pre_padding
    printfa.o(i._printf_core) refers to uldiv.o(.text) for __aeabi_uldivmod
    printfa.o(i._printf_core) refers to printfa.o(i._printf_post_padding) for _printf_post_padding
    printfa.o(i._printf_core) refers to printfa.o(i._fp_digits) for _fp_digits
    printfa.o(i._printf_core) refers to uidiv.o(.text) for __aeabi_uidivmod
    printfa.o(i._printf_post_padding) refers (Special) to iusefp.o(.text) for __I$use$fp
    printfa.o(i._printf_pre_padding) refers (Special) to iusefp.o(.text) for __I$use$fp
    printfa.o(i._snputc) refers (Special) to iusefp.o(.text) for __I$use$fp
    printfa.o(i._sputc) refers (Special) to iusefp.o(.text) for __I$use$fp
    fadd.o(.text) refers (Special) to iusefp.o(.text) for __I$use$fp
    fadd.o(.text) refers to fepilogue.o(.text) for _float_epilogue
    fmul.o(.text) refers (Special) to iusefp.o(.text) for __I$use$fp
    fdiv.o(.text) refers (Special) to iusefp.o(.text) for __I$use$fp
    fdiv.o(.text) refers to fepilogue.o(.text) for _float_round
    dadd.o(.text) refers (Special) to iusefp.o(.text) for __I$use$fp
    dadd.o(.text) refers to llshl.o(.text) for __aeabi_llsl
    dadd.o(.text) refers to llsshr.o(.text) for __aeabi_lasr
    dadd.o(.text) refers to depilogue.o(.text) for _double_epilogue
    dmul.o(.text) refers (Special) to iusefp.o(.text) for __I$use$fp
    dmul.o(.text) refers to depilogue.o(.text) for _double_epilogue
    ddiv.o(.text) refers (Special) to iusefp.o(.text) for __I$use$fp
    ddiv.o(.text) refers to depilogue.o(.text) for _double_round
    fflti.o(.text) refers (Special) to iusefp.o(.text) for __I$use$fp
    fflti.o(.text) refers to fepilogue.o(.text) for _float_epilogue
    ffltui.o(.text) refers (Special) to iusefp.o(.text) for __I$use$fp
    ffltui.o(.text) refers to fepilogue.o(.text) for _float_epilogue
    dflti.o(.text) refers (Special) to iusefp.o(.text) for __I$use$fp
    dflti.o(.text) refers to depilogue.o(.text) for _double_epilogue
    dfltui.o(.text) refers (Special) to iusefp.o(.text) for __I$use$fp
    dfltui.o(.text) refers to depilogue.o(.text) for _double_epilogue
    ffixi.o(.text) refers (Special) to iusefp.o(.text) for __I$use$fp
    ffixui.o(.text) refers (Special) to iusefp.o(.text) for __I$use$fp
    dfixi.o(.text) refers (Special) to iusefp.o(.text) for __I$use$fp
    dfixi.o(.text) refers to llushr.o(.text) for __aeabi_llsr
    f2d.o(.text) refers (Special) to iusefp.o(.text) for __I$use$fp
    d2f.o(.text) refers (Special) to iusefp.o(.text) for __I$use$fp
    d2f.o(.text) refers to fepilogue.o(.text) for _float_round
    cos_i.o(i.__kernel_cos) refers (Special) to iusefp.o(.text) for __I$use$fp
    cos_i.o(i.__kernel_cos) refers to dfixi.o(.text) for __aeabi_d2iz
    cos_i.o(i.__kernel_cos) refers to dmul.o(.text) for __aeabi_dmul
    cos_i.o(i.__kernel_cos) refers to poly.o(i.__kernel_poly) for __kernel_poly
    cos_i.o(i.__kernel_cos) refers to dadd.o(.text) for __aeabi_dsub
    cos_i.o(i.__kernel_cos) refers to dscalb.o(.text) for __ARM_scalbn
    cos_i.o(i.__kernel_cos) refers to cos_i.o(.constdata) for .constdata
    cos_i.o(.constdata) refers (Special) to iusefp.o(.text) for __I$use$fp
    dunder.o(i.__mathlib_dbl_divzero) refers to ddiv.o(.text) for __aeabi_ddiv
    dunder.o(i.__mathlib_dbl_infnan) refers to dscalb.o(.text) for __ARM_scalbn
    dunder.o(i.__mathlib_dbl_infnan2) refers to dadd.o(.text) for __aeabi_dadd
    dunder.o(i.__mathlib_dbl_invalid) refers to ddiv.o(.text) for __aeabi_ddiv
    dunder.o(i.__mathlib_dbl_overflow) refers to dscalb.o(.text) for __ARM_scalbn
    dunder.o(i.__mathlib_dbl_posinfnan) refers to dmul.o(.text) for __aeabi_dmul
    dunder.o(i.__mathlib_dbl_underflow) refers to dscalb.o(.text) for __ARM_scalbn
    fpclassify.o(i.__ARM_fpclassify) refers (Special) to iusefp.o(.text) for __I$use$fp
    poly.o(i.__kernel_poly) refers (Special) to iusefp.o(.text) for __I$use$fp
    poly.o(i.__kernel_poly) refers to dmul.o(.text) for __aeabi_dmul
    poly.o(i.__kernel_poly) refers to dadd.o(.text) for __aeabi_dadd
    qnan.o(.constdata) refers (Special) to iusefp.o(.text) for __I$use$fp
    rred.o(i.__ieee754_rem_pio2) refers (Special) to iusefp.o(.text) for __I$use$fp
    rred.o(i.__ieee754_rem_pio2) refers to dadd.o(.text) for __aeabi_dsub
    rred.o(i.__ieee754_rem_pio2) refers to dmul.o(.text) for __aeabi_dmul
    rred.o(i.__ieee754_rem_pio2) refers to dfixi.o(.text) for __aeabi_d2iz
    rred.o(i.__ieee754_rem_pio2) refers to dflti.o(.text) for __aeabi_i2d
    rred.o(i.__ieee754_rem_pio2) refers to dfltui.o(.text) for __aeabi_ui2d
    rred.o(i.__ieee754_rem_pio2) refers to dscalb.o(.text) for __ARM_scalbn
    rred.o(i.__ieee754_rem_pio2) refers to rred.o(.constdata) for .constdata
    rred.o(i.__use_accurate_range_reduction) refers (Special) to iusefp.o(.text) for __I$use$fp
    rred.o(.constdata) refers (Special) to iusefp.o(.text) for __I$use$fp
    sin_i.o(i.__kernel_sin) refers (Special) to iusefp.o(.text) for __I$use$fp
    sin_i.o(i.__kernel_sin) refers to fpclassify.o(i.__ARM_fpclassify) for __ARM_fpclassify
    sin_i.o(i.__kernel_sin) refers to dunder.o(i.__mathlib_dbl_underflow) for __mathlib_dbl_underflow
    sin_i.o(i.__kernel_sin) refers to dmul.o(.text) for __aeabi_dmul
    sin_i.o(i.__kernel_sin) refers to poly.o(i.__kernel_poly) for __kernel_poly
    sin_i.o(i.__kernel_sin) refers to dscalb.o(.text) for __ARM_scalbn
    sin_i.o(i.__kernel_sin) refers to dadd.o(.text) for __aeabi_dsub
    sin_i.o(i.__kernel_sin) refers to sin_i.o(.constdata) for .constdata
    sin_i.o(.constdata) refers (Special) to iusefp.o(.text) for __I$use$fp
    sin_i_x.o(i.____kernel_sin$lsc) refers (Special) to iusefp.o(.text) for __I$use$fp
    sin_i_x.o(i.____kernel_sin$lsc) refers to dmul.o(.text) for __aeabi_dmul
    sin_i_x.o(i.____kernel_sin$lsc) refers to poly.o(i.__kernel_poly) for __kernel_poly
    sin_i_x.o(i.____kernel_sin$lsc) refers to dscalb.o(.text) for __ARM_scalbn
    sin_i_x.o(i.____kernel_sin$lsc) refers to dadd.o(.text) for __aeabi_dsub
    sin_i_x.o(i.____kernel_sin$lsc) refers to sin_i_x.o(.constdata) for .constdata
    sin_i_x.o(.constdata) refers (Special) to iusefp.o(.text) for __I$use$fp
    entry2.o(.ARM.Collect$$$$00000001) refers to entry2.o(.ARM.Collect$$$$00002712) for __lit__00000000
    entry2.o(.ARM.Collect$$$$00002712) refers to startup_stm32f10x_cl.o(STACK) for __initial_sp
    entry2.o(__vectab_stack_and_reset_area) refers to startup_stm32f10x_cl.o(STACK) for __initial_sp
    entry2.o(__vectab_stack_and_reset_area) refers to entry.o(.ARM.Collect$$$$00000000) for __main
    entry5.o(.ARM.Collect$$$$00000004) refers to init.o(.text) for __scatterload
    entry9a.o(.ARM.Collect$$$$0000000B) refers to main.o(.text) for main
    entry9b.o(.ARM.Collect$$$$0000000C) refers to main.o(.text) for main
    uldiv.o(.text) refers to llushr.o(.text) for __aeabi_llsr
    uldiv.o(.text) refers to llshl.o(.text) for __aeabi_llsl
    errno.o(i.__aeabi_errno_addr) refers to errno.o(.data) for .data
    errno.o(i.__read_errno) refers to errno.o(.data) for .data
    errno.o(i.__set_errno) refers to errno.o(.data) for .data
    depilogue.o(.text) refers to llshl.o(.text) for __aeabi_llsl
    depilogue.o(.text) refers to llushr.o(.text) for __aeabi_llsr
    dsqrt.o(.text) refers to llushr.o(.text) for __aeabi_llsr
    dsqrt.o(.text) refers to depilogue.o(.text) for _double_round
    dfixul.o(.text) refers to llushr.o(.text) for __aeabi_llsr
    dfixul.o(.text) refers to llshl.o(.text) for __aeabi_llsl
    init.o(.text) refers to entry5.o(.ARM.Collect$$$$00000004) for __main_after_scatterload


==============================================================================

Removing Unused input sections from the image.

    Removing stm32f10x_rtc.o(.text), (328 bytes).
    Removing stm32f10x_sdio.o(.text), (468 bytes).
    Removing stm32f10x_tim.o(.text), (3354 bytes).
    Removing stm32f10x_dma.o(.text), (588 bytes).
    Removing core_cm3.o(.emb_text), (32 bytes).
    Removing startup_stm32f10x_cl.o(HEAP), (512 bytes).
    Removing cr4_fft_256_stm32.o(.text), (1502 bytes).
    Removing cr4_fft_1024_stm32.o(.text), (4576 bytes).
    Removing dsp_asm.o(.data), (4080 bytes).
    Removing sys.o(.emb_text), (6 bytes).
    Removing sys.o(.text), (12 bytes).
    Removing cdcmple.o(.text), (48 bytes).

12 unused section(s) (total 15506 bytes) removed from the image.

==============================================================================

Image Symbol Table

    Local Symbols

    Symbol Name                              Value     Ov Type        Size  Object(Section)

    ../clib/microlib/division.c              0x00000000   Number         0  uldiv.o ABSOLUTE
    ../clib/microlib/division.c              0x00000000   Number         0  uidiv.o ABSOLUTE
    ../clib/microlib/errno.c                 0x00000000   Number         0  errno.o ABSOLUTE
    ../clib/microlib/init/entry.s            0x00000000   Number         0  entry8b.o ABSOLUTE
    ../clib/microlib/init/entry.s            0x00000000   Number         0  entry5.o ABSOLUTE
    ../clib/microlib/init/entry.s            0x00000000   Number         0  entry2.o ABSOLUTE
    ../clib/microlib/init/entry.s            0x00000000   Number         0  entry10a.o ABSOLUTE
    ../clib/microlib/init/entry.s            0x00000000   Number         0  entry9b.o ABSOLUTE
    ../clib/microlib/init/entry.s            0x00000000   Number         0  entry9a.o ABSOLUTE
    ../clib/microlib/init/entry.s            0x00000000   Number         0  entry11b.o ABSOLUTE
    ../clib/microlib/init/entry.s            0x00000000   Number         0  entry11a.o ABSOLUTE
    ../clib/microlib/init/entry.s            0x00000000   Number         0  entry10b.o ABSOLUTE
    ../clib/microlib/init/entry.s            0x00000000   Number         0  entry8a.o ABSOLUTE
    ../clib/microlib/init/entry.s            0x00000000   Number         0  entry7a.o ABSOLUTE
    ../clib/microlib/init/entry.s            0x00000000   Number         0  entry.o ABSOLUTE
    ../clib/microlib/init/entry.s            0x00000000   Number         0  entry7b.o ABSOLUTE
    ../clib/microlib/longlong.c              0x00000000   Number         0  llsshr.o ABSOLUTE
    ../clib/microlib/longlong.c              0x00000000   Number         0  llushr.o ABSOLUTE
    ../clib/microlib/longlong.c              0x00000000   Number         0  llshl.o ABSOLUTE
    ../clib/microlib/printf/printf.c         0x00000000   Number         0  printf0.o ABSOLUTE
    ../clib/microlib/printf/printf.c         0x00000000   Number         0  printf6.o ABSOLUTE
    ../clib/microlib/printf/printf.c         0x00000000   Number         0  printfa.o ABSOLUTE
    ../clib/microlib/printf/printf.c         0x00000000   Number         0  printf8.o ABSOLUTE
    ../clib/microlib/printf/printf.c         0x00000000   Number         0  printf7.o ABSOLUTE
    ../clib/microlib/printf/printf.c         0x00000000   Number         0  printfb.o ABSOLUTE
    ../clib/microlib/printf/printf.c         0x00000000   Number         0  printf5.o ABSOLUTE
    ../clib/microlib/printf/printf.c         0x00000000   Number         0  printf4.o ABSOLUTE
    ../clib/microlib/printf/printf.c         0x00000000   Number         0  printf3.o ABSOLUTE
    ../clib/microlib/printf/printf.c         0x00000000   Number         0  printf2.o ABSOLUTE
    ../clib/microlib/printf/printf.c         0x00000000   Number         0  printf1.o ABSOLUTE
    ../clib/microlib/printf/stubs.s          0x00000000   Number         0  stubs.o ABSOLUTE
    ../clib/microlib/stdio/streams.c         0x00000000   Number         0  stdout.o ABSOLUTE
    ../clib/microlib/string/memset.c         0x00000000   Number         0  memseta.o ABSOLUTE
    ../clib/microlib/stubs.s                 0x00000000   Number         0  iusefp.o ABSOLUTE
    ../fplib/microlib/d2f.c                  0x00000000   Number         0  d2f.o ABSOLUTE
    ../fplib/microlib/f2d.c                  0x00000000   Number         0  f2d.o ABSOLUTE
    ../fplib/microlib/fpadd.c                0x00000000   Number         0  fadd.o ABSOLUTE
    ../fplib/microlib/fpadd.c                0x00000000   Number         0  dadd.o ABSOLUTE
    ../fplib/microlib/fpdiv.c                0x00000000   Number         0  fdiv.o ABSOLUTE
    ../fplib/microlib/fpdiv.c                0x00000000   Number         0  ddiv.o ABSOLUTE
    ../fplib/microlib/fpepilogue.c           0x00000000   Number         0  fepilogue.o ABSOLUTE
    ../fplib/microlib/fpepilogue.c           0x00000000   Number         0  depilogue.o ABSOLUTE
    ../fplib/microlib/fpfix.c                0x00000000   Number         0  dfixi.o ABSOLUTE
    ../fplib/microlib/fpfix.c                0x00000000   Number         0  ffixi.o ABSOLUTE
    ../fplib/microlib/fpfix.c                0x00000000   Number         0  dfixul.o ABSOLUTE
    ../fplib/microlib/fpfix.c                0x00000000   Number         0  ffixui.o ABSOLUTE
    ../fplib/microlib/fpflt.c                0x00000000   Number         0  dfltui.o ABSOLUTE
    ../fplib/microlib/fpflt.c                0x00000000   Number         0  dflti.o ABSOLUTE
    ../fplib/microlib/fpflt.c                0x00000000   Number         0  fflti.o ABSOLUTE
    ../fplib/microlib/fpflt.c                0x00000000   Number         0  ffltui.o ABSOLUTE
    ../fplib/microlib/fpmul.c                0x00000000   Number         0  fmul.o ABSOLUTE
    ../fplib/microlib/fpmul.c                0x00000000   Number         0  dmul.o ABSOLUTE
    ../fplib/microlib/fpscalb.c              0x00000000   Number         0  dscalb.o ABSOLUTE
    ../fplib/microlib/fpsqrt.c               0x00000000   Number         0  dsqrt.o ABSOLUTE
    ../mathlib/cos.c                         0x00000000   Number         0  cos.o ABSOLUTE
    ../mathlib/cos.c                         0x00000000   Number         0  cos_x.o ABSOLUTE
    ../mathlib/cos_i.c                       0x00000000   Number         0  cos_i.o ABSOLUTE
    ../mathlib/dunder.c                      0x00000000   Number         0  dunder.o ABSOLUTE
    ../mathlib/fpclassify.c                  0x00000000   Number         0  fpclassify.o ABSOLUTE
    ../mathlib/poly.c                        0x00000000   Number         0  poly.o ABSOLUTE
    ../mathlib/pow.c                         0x00000000   Number         0  pow_x.o ABSOLUTE
    ../mathlib/pow.c                         0x00000000   Number         0  pow.o ABSOLUTE
    ../mathlib/qnan.c                        0x00000000   Number         0  qnan.o ABSOLUTE
    ../mathlib/rred.c                        0x00000000   Number         0  rred.o ABSOLUTE
    ../mathlib/sin.c                         0x00000000   Number         0  sin_x.o ABSOLUTE
    ../mathlib/sin.c                         0x00000000   Number         0  sin.o ABSOLUTE
    ../mathlib/sin_i.c                       0x00000000   Number         0  sin_i_x.o ABSOLUTE
    ../mathlib/sin_i.c                       0x00000000   Number         0  sin_i.o ABSOLUTE
    ../mathlib/sqrt.c                        0x00000000   Number         0  sqrt_x.o ABSOLUTE
    ../mathlib/sqrt.c                        0x00000000   Number         0  sqrt.o ABSOLUTE
    ..\Libraries\CMSIS\CM3\CoreSupport\core_cm3.c 0x00000000   Number         0  core_cm3.o ABSOLUTE
    ..\Libraries\CMSIS\CM3\DeviceSupport\ST\STM32F10x\startup\arm\startup_stm32f10x_cl.s 0x00000000   Number         0  startup_stm32f10x_cl.o ABSOLUTE
    ..\Libraries\CMSIS\CM3\DeviceSupport\ST\STM32F10x\system_stm32f10x.c 0x00000000   Number         0  system_stm32f10x.o ABSOLUTE
    ..\Libraries\STM32F10x_DSP_Lib\src\asm\arm\cr4_fft_1024_stm32.s 0x00000000   Number         0  cr4_fft_1024_stm32.o ABSOLUTE
    ..\Libraries\STM32F10x_DSP_Lib\src\asm\arm\cr4_fft_256_stm32.s 0x00000000   Number         0  cr4_fft_256_stm32.o ABSOLUTE
    ..\Libraries\STM32F10x_DSP_Lib\src\asm\arm\cr4_fft_64_stm32.s 0x00000000   Number         0  cr4_fft_64_stm32.o ABSOLUTE
    ..\Libraries\STM32F10x_StdPeriph_Driver\src\misc.c 0x00000000   Number         0  misc.o ABSOLUTE
    ..\Libraries\STM32F10x_StdPeriph_Driver\src\stm32f10x_adc.c 0x00000000   Number         0  stm32f10x_adc.o ABSOLUTE
    ..\Libraries\STM32F10x_StdPeriph_Driver\src\stm32f10x_dma.c 0x00000000   Number         0  stm32f10x_dma.o ABSOLUTE
    ..\Libraries\STM32F10x_StdPeriph_Driver\src\stm32f10x_flash.c 0x00000000   Number         0  stm32f10x_flash.o ABSOLUTE
    ..\Libraries\STM32F10x_StdPeriph_Driver\src\stm32f10x_gpio.c 0x00000000   Number         0  stm32f10x_gpio.o ABSOLUTE
    ..\Libraries\STM32F10x_StdPeriph_Driver\src\stm32f10x_rcc.c 0x00000000   Number         0  stm32f10x_rcc.o ABSOLUTE
    ..\Libraries\STM32F10x_StdPeriph_Driver\src\stm32f10x_rtc.c 0x00000000   Number         0  stm32f10x_rtc.o ABSOLUTE
    ..\Libraries\STM32F10x_StdPeriph_Driver\src\stm32f10x_sdio.c 0x00000000   Number         0  stm32f10x_sdio.o ABSOLUTE
    ..\Libraries\STM32F10x_StdPeriph_Driver\src\stm32f10x_tim.c 0x00000000   Number         0  stm32f10x_tim.o ABSOLUTE
    ..\Libraries\STM32F10x_StdPeriph_Driver\src\stm32f10x_usart.c 0x00000000   Number         0  stm32f10x_usart.o ABSOLUTE
    ..\\Libraries\\CMSIS\\CM3\\CoreSupport\\core_cm3.c 0x00000000   Number         0  core_cm3.o ABSOLUTE
    ..\\source\\driver\\sys.c                0x00000000   Number         0  sys.o ABSOLUTE
    ..\main.c                                0x00000000   Number         0  main.o ABSOLUTE
    ..\source\BSP\bsp.c                      0x00000000   Number         0  bsp.o ABSOLUTE
    ..\source\DSP_test\FFT2.c                0x00000000   Number         0  fft2.o ABSOLUTE
    ..\source\DSP_test\dsp_asm.c             0x00000000   Number         0  dsp_asm.o ABSOLUTE
    ..\source\DSP_test\dsp_g2.c              0x00000000   Number         0  dsp_g2.o ABSOLUTE
    ..\source\driver\USART1.c                0x00000000   Number         0  usart1.o ABSOLUTE
    ..\source\driver\delay.c                 0x00000000   Number         0  delay.o ABSOLUTE
    ..\source\driver\sys.c                   0x00000000   Number         0  sys.o ABSOLUTE
    ..\stm32f10x_it.c                        0x00000000   Number         0  stm32f10x_it.o ABSOLUTE
    cdcmple.s                                0x00000000   Number         0  cdcmple.o ABSOLUTE
    cdrcmple.s                               0x00000000   Number         0  cdrcmple.o ABSOLUTE
    dc.s                                     0x00000000   Number         0  dc.o ABSOLUTE
    handlers.s                               0x00000000   Number         0  handlers.o ABSOLUTE
    init.s                                   0x00000000   Number         0  init.o ABSOLUTE
    RESET                                    0x08000000   Section      336  startup_stm32f10x_cl.o(RESET)
    .ARM.Collect$$$$00000000                 0x08000150   Section        0  entry.o(.ARM.Collect$$$$00000000)
    .ARM.Collect$$$$00000001                 0x08000150   Section        4  entry2.o(.ARM.Collect$$$$00000001)
    .ARM.Collect$$$$00000004                 0x08000154   Section        4  entry5.o(.ARM.Collect$$$$00000004)
    .ARM.Collect$$$$00000008                 0x08000158   Section        0  entry7b.o(.ARM.Collect$$$$00000008)
    .ARM.Collect$$$$0000000A                 0x08000158   Section        0  entry8b.o(.ARM.Collect$$$$0000000A)
    .ARM.Collect$$$$0000000B                 0x08000158   Section        8  entry9a.o(.ARM.Collect$$$$0000000B)
    .ARM.Collect$$$$0000000D                 0x08000160   Section        0  entry10a.o(.ARM.Collect$$$$0000000D)
    .ARM.Collect$$$$0000000F                 0x08000160   Section        0  entry11a.o(.ARM.Collect$$$$0000000F)
    .ARM.Collect$$$$00002712                 0x08000160   Section        4  entry2.o(.ARM.Collect$$$$00002712)
    __lit__00000000                          0x08000160   Data           4  entry2.o(.ARM.Collect$$$$00002712)
    .text                                    0x08000164   Section        0  stm32f10x_it.o(.text)
    .text                                    0x080001c4   Section        0  main.o(.text)
    .text                                    0x080003e4   Section        0  stm32f10x_rcc.o(.text)
    .text                                    0x080008e8   Section        0  misc.o(.text)
    .text                                    0x080009c4   Section        0  stm32f10x_gpio.o(.text)
    .text                                    0x08000d20   Section        0  stm32f10x_adc.o(.text)
    .text                                    0x08001170   Section        0  stm32f10x_flash.o(.text)
    .text                                    0x08001744   Section        0  stm32f10x_usart.o(.text)
    .text                                    0x08001b4c   Section        0  system_stm32f10x.o(.text)
    SetSysClockTo72                          0x08001b4d   Thumb Code   264  system_stm32f10x.o(.text)
    SetSysClock                              0x08001c55   Thumb Code     8  system_stm32f10x.o(.text)
    .text                                    0x08001dc4   Section       36  startup_stm32f10x_cl.o(.text)
    .text                                    0x08001de8   Section        0  bsp.o(.text)
    .text                                    0x08001ed8   Section      718  cr4_fft_64_stm32.o(.text)
    .text                                    0x080021a8   Section        0  fft2.o(.text)
    .text                                    0x08002484   Section        0  dsp_asm.o(.text)
    .text                                    0x080026a8   Section        0  dsp_g2.o(.text)
    .text                                    0x080028f4   Section        0  usart1.o(.text)
    .text                                    0x08002b90   Section        0  delay.o(.text)
    .text                                    0x08002c64   Section        0  memseta.o(.text)
    .text                                    0x08002c88   Section        0  fadd.o(.text)
    .text                                    0x08002d38   Section        0  fmul.o(.text)
    .text                                    0x08002d9c   Section        0  fdiv.o(.text)
    .text                                    0x08002e18   Section        0  dadd.o(.text)
    .text                                    0x08002f66   Section        0  dmul.o(.text)
    .text                                    0x0800304a   Section        0  ddiv.o(.text)
    .text                                    0x08003128   Section        0  fflti.o(.text)
    .text                                    0x0800313a   Section        0  ffltui.o(.text)
    .text                                    0x08003144   Section        0  dflti.o(.text)
    .text                                    0x08003166   Section        0  dfltui.o(.text)
    .text                                    0x08003180   Section        0  ffixi.o(.text)
    .text                                    0x080031b2   Section        0  ffixui.o(.text)
    .text                                    0x080031da   Section        0  dfixi.o(.text)
    .text                                    0x08003218   Section        0  f2d.o(.text)
    .text                                    0x0800323e   Section        0  d2f.o(.text)
    .text                                    0x08003276   Section        0  uidiv.o(.text)
    .text                                    0x080032a2   Section        0  uldiv.o(.text)
    .text                                    0x08003304   Section        0  llshl.o(.text)
    .text                                    0x08003322   Section        0  llushr.o(.text)
    .text                                    0x08003342   Section        0  llsshr.o(.text)
    .text                                    0x08003366   Section        0  fepilogue.o(.text)
    .text                                    0x08003366   Section        0  iusefp.o(.text)
    .text                                    0x080033d4   Section        0  depilogue.o(.text)
    .text                                    0x0800348e   Section        0  dscalb.o(.text)
    .text                                    0x080034bc   Section        0  dsqrt.o(.text)
    .text                                    0x0800355e   Section        0  dfixul.o(.text)
    .text                                    0x08003590   Section       48  cdrcmple.o(.text)
    .text                                    0x080035c0   Section       36  init.o(.text)
    i.__0sprintf                             0x080035e4   Section        0  printfa.o(i.__0sprintf)
    i.__ARM_fpclassify                       0x0800360c   Section        0  fpclassify.o(i.__ARM_fpclassify)
    i.__ieee754_rem_pio2                     0x08003634   Section        0  rred.o(i.__ieee754_rem_pio2)
    i.__kernel_cos                           0x080039bc   Section        0  cos_i.o(i.__kernel_cos)
    i.__kernel_poly                          0x08003ab8   Section        0  poly.o(i.__kernel_poly)
    i.__kernel_sin                           0x08003b64   Section        0  sin_i.o(i.__kernel_sin)
    i.__mathlib_dbl_divzero                  0x08003c50   Section        0  dunder.o(i.__mathlib_dbl_divzero)
    i.__mathlib_dbl_infnan                   0x08003c60   Section        0  dunder.o(i.__mathlib_dbl_infnan)
    i.__mathlib_dbl_infnan2                  0x08003c66   Section        0  dunder.o(i.__mathlib_dbl_infnan2)
    i.__mathlib_dbl_invalid                  0x08003c6a   Section        0  dunder.o(i.__mathlib_dbl_invalid)
    i.__mathlib_dbl_overflow                 0x08003c76   Section        0  dunder.o(i.__mathlib_dbl_overflow)
    i.__mathlib_dbl_underflow                0x08003c84   Section        0  dunder.o(i.__mathlib_dbl_underflow)
    i.__scatterload_copy                     0x08003c94   Section       14  handlers.o(i.__scatterload_copy)
    i.__scatterload_null                     0x08003ca2   Section        2  handlers.o(i.__scatterload_null)
    i.__scatterload_zeroinit                 0x08003ca4   Section       14  handlers.o(i.__scatterload_zeroinit)
    i.__set_errno                            0x08003cb4   Section        0  errno.o(i.__set_errno)
    i._fp_digits                             0x08003cc0   Section        0  printfa.o(i._fp_digits)
    _fp_digits                               0x08003cc1   Thumb Code   366  printfa.o(i._fp_digits)
    i._printf_core                           0x08003e44   Section        0  printfa.o(i._printf_core)
    _printf_core                             0x08003e45   Thumb Code  1744  printfa.o(i._printf_core)
    i._printf_post_padding                   0x08004520   Section        0  printfa.o(i._printf_post_padding)
    _printf_post_padding                     0x08004521   Thumb Code    36  printfa.o(i._printf_post_padding)
    i._printf_pre_padding                    0x08004544   Section        0  printfa.o(i._printf_pre_padding)
    _printf_pre_padding                      0x08004545   Thumb Code    46  printfa.o(i._printf_pre_padding)
    i._sputc                                 0x08004572   Section        0  printfa.o(i._sputc)
    _sputc                                   0x08004573   Thumb Code    10  printfa.o(i._sputc)
    i.cos                                    0x0800457c   Section        0  cos.o(i.cos)
    i.pow                                    0x08004618   Section        0  pow.o(i.pow)
    i.sin                                    0x08004ff0   Section        0  sin.o(i.sin)
    i.sqrt                                   0x08005090   Section        0  sqrt.o(i.sqrt)
    .constdata                               0x080050e0   Section      136  pow.o(.constdata)
    bp                                       0x080050e0   Data          16  pow.o(.constdata)
    dp_h                                     0x080050f0   Data          16  pow.o(.constdata)
    dp_l                                     0x08005100   Data          16  pow.o(.constdata)
    L                                        0x08005110   Data          48  pow.o(.constdata)
    P                                        0x08005140   Data          40  pow.o(.constdata)
    .constdata                               0x08005168   Section       48  cos_i.o(.constdata)
    C                                        0x08005168   Data          48  cos_i.o(.constdata)
    .constdata                               0x08005198   Section        8  qnan.o(.constdata)
    .constdata                               0x080051a0   Section      200  rred.o(.constdata)
    pio2s                                    0x080051a0   Data          48  rred.o(.constdata)
    twooverpi                                0x080051d0   Data         152  rred.o(.constdata)
    .constdata                               0x08005268   Section       40  sin_i.o(.constdata)
    S                                        0x08005268   Data          40  sin_i.o(.constdata)
    .data                                    0x20000000   Section        9  stm32f10x_it.o(.data)
    .data                                    0x2000000c   Section        4  main.o(.data)
    TimingDelay                              0x2000000c   Data           4  main.o(.data)
    .data                                    0x20000010   Section       20  stm32f10x_rcc.o(.data)
    APBAHBPrescTable                         0x20000010   Data          16  stm32f10x_rcc.o(.data)
    ADCPrescTable                            0x20000020   Data           4  stm32f10x_rcc.o(.data)
    .data                                    0x20000024   Section       20  system_stm32f10x.o(.data)
    .data                                    0x20000038   Section        1  bsp.o(.data)
    HSEStartUpStatus                         0x20000038   Data           1  bsp.o(.data)
    .data                                    0x2000003a   Section        4  delay.o(.data)
    fac_us                                   0x2000003a   Data           1  delay.o(.data)
    fac_ms                                   0x2000003c   Data           2  delay.o(.data)
    .data                                    0x20000040   Section        4  errno.o(.data)
    _errno                                   0x20000040   Data           4  errno.o(.data)
    .bss                                     0x20000044   Section      768  dsp_asm.o(.bss)
    .bss                                     0x20000348   Section     6144  dsp_g2.o(.bss)
    STACK                                    0x20001b48   Section     1024  startup_stm32f10x_cl.o(STACK)

    Global Symbols

    Symbol Name                              Value     Ov Type        Size  Object(Section)

    BuildAttributes$$THM_ISAv4$P$D$K$B$S$PE$A:L22UL41UL21$X:L11$S22US41US21$IEEE1$IW$USESV6$~STKCKD$USESV7$~SHL$OTIME$ROPI$IEEEX$EBA8$MICROLIB$REQ8$PRES8$EABIv2 0x00000000   Number         0  anon$$obj.o ABSOLUTE
    __ARM_use_no_argv                        0x00000000   Number         0  main.o ABSOLUTE
    _printf_a                                0x00000000   Number         0  stubs.o ABSOLUTE
    _printf_c                                0x00000000   Number         0  stubs.o ABSOLUTE
    _printf_charcount                        0x00000000   Number         0  stubs.o ABSOLUTE
    _printf_d                                0x00000000   Number         0  stubs.o ABSOLUTE
    _printf_e                                0x00000000   Number         0  stubs.o ABSOLUTE
    _printf_f                                0x00000000   Number         0  stubs.o ABSOLUTE
    _printf_flags                            0x00000000   Number         0  stubs.o ABSOLUTE
    _printf_fp_dec                           0x00000000   Number         0  stubs.o ABSOLUTE
    _printf_fp_hex                           0x00000000   Number         0  stubs.o ABSOLUTE
    _printf_g                                0x00000000   Number         0  stubs.o ABSOLUTE
    _printf_i                                0x00000000   Number         0  stubs.o ABSOLUTE
    _printf_int_dec                          0x00000000   Number         0  stubs.o ABSOLUTE
    _printf_l                                0x00000000   Number         0  stubs.o ABSOLUTE
    _printf_lc                               0x00000000   Number         0  stubs.o ABSOLUTE
    _printf_ll                               0x00000000   Number         0  stubs.o ABSOLUTE
    _printf_lld                              0x00000000   Number         0  stubs.o ABSOLUTE
    _printf_lli                              0x00000000   Number         0  stubs.o ABSOLUTE
    _printf_llo                              0x00000000   Number         0  stubs.o ABSOLUTE
    _printf_llu                              0x00000000   Number         0  stubs.o ABSOLUTE
    _printf_llx                              0x00000000   Number         0  stubs.o ABSOLUTE
    _printf_longlong_dec                     0x00000000   Number         0  stubs.o ABSOLUTE
    _printf_longlong_hex                     0x00000000   Number         0  stubs.o ABSOLUTE
    _printf_longlong_oct                     0x00000000   Number         0  stubs.o ABSOLUTE
    _printf_ls                               0x00000000   Number         0  stubs.o ABSOLUTE
    _printf_mbtowc                           0x00000000   Number         0  stubs.o ABSOLUTE
    _printf_n                                0x00000000   Number         0  stubs.o ABSOLUTE
    _printf_o                                0x00000000   Number         0  stubs.o ABSOLUTE
    _printf_p                                0x00000000   Number         0  stubs.o ABSOLUTE
    _printf_percent                          0x00000000   Number         0  stubs.o ABSOLUTE
    _printf_pre_padding                      0x00000000   Number         0  stubs.o ABSOLUTE
    _printf_return_value                     0x00000000   Number         0  stubs.o ABSOLUTE
    _printf_s                                0x00000000   Number         0  stubs.o ABSOLUTE
    _printf_sizespec                         0x00000000   Number         0  stubs.o ABSOLUTE
    _printf_str                              0x00000000   Number         0  stubs.o ABSOLUTE
    _printf_truncate_signed                  0x00000000   Number         0  stubs.o ABSOLUTE
    _printf_truncate_unsigned                0x00000000   Number         0  stubs.o ABSOLUTE
    _printf_u                                0x00000000   Number         0  stubs.o ABSOLUTE
    _printf_wc                               0x00000000   Number         0  stubs.o ABSOLUTE
    _printf_wctomb                           0x00000000   Number         0  stubs.o ABSOLUTE
    _printf_widthprec                        0x00000000   Number         0  stubs.o ABSOLUTE
    _printf_x                                0x00000000   Number         0  stubs.o ABSOLUTE
    __cpp_initialize__aeabi_                  - Undefined Weak Reference
    __cxa_finalize                            - Undefined Weak Reference
    __decompress                              - Undefined Weak Reference
    _clock_init                               - Undefined Weak Reference
    _microlib_exit                            - Undefined Weak Reference
    __Vectors_Size                           0x00000150   Number         0  startup_stm32f10x_cl.o ABSOLUTE
    __Vectors                                0x08000000   Data           4  startup_stm32f10x_cl.o(RESET)
    __Vectors_End                            0x08000150   Data           0  startup_stm32f10x_cl.o(RESET)
    __main                                   0x08000151   Thumb Code     0  entry.o(.ARM.Collect$$$$00000000)
    _main_stk                                0x08000151   Thumb Code     0  entry2.o(.ARM.Collect$$$$00000001)
    _main_scatterload                        0x08000155   Thumb Code     0  entry5.o(.ARM.Collect$$$$00000004)
    __main_after_scatterload                 0x08000159   Thumb Code     0  entry5.o(.ARM.Collect$$$$00000004)
    _main_clock                              0x08000159   Thumb Code     0  entry7b.o(.ARM.Collect$$$$00000008)
    _main_cpp_init                           0x08000159   Thumb Code     0  entry8b.o(.ARM.Collect$$$$0000000A)
    _main_init                               0x08000159   Thumb Code     0  entry9a.o(.ARM.Collect$$$$0000000B)
    __rt_final_cpp                           0x08000161   Thumb Code     0  entry10a.o(.ARM.Collect$$$$0000000D)
    __rt_final_exit                          0x08000161   Thumb Code     0  entry11a.o(.ARM.Collect$$$$0000000F)
    NMI_Handler                              0x08000165   Thumb Code     2  stm32f10x_it.o(.text)
    HardFault_Handler                        0x08000167   Thumb Code     4  stm32f10x_it.o(.text)
    MemManage_Handler                        0x0800016b   Thumb Code     4  stm32f10x_it.o(.text)
    BusFault_Handler                         0x0800016f   Thumb Code     4  stm32f10x_it.o(.text)
    UsageFault_Handler                       0x08000173   Thumb Code     4  stm32f10x_it.o(.text)
    SVC_Handler                              0x08000177   Thumb Code     2  stm32f10x_it.o(.text)
    DebugMon_Handler                         0x08000179   Thumb Code     2  stm32f10x_it.o(.text)
    PendSV_Handler                           0x0800017b   Thumb Code     2  stm32f10x_it.o(.text)
    SysTick_Handler                          0x0800017d   Thumb Code    42  stm32f10x_it.o(.text)
    ADC1_2_IRQHandler                        0x080001a7   Thumb Code    14  stm32f10x_it.o(.text)
    Delay                                    0x080001c5   Thumb Code    20  main.o(.text)
    SwitchLED                                0x080001d9   Thumb Code   166  main.o(.text)
    SysTick_Configuration                    0x0800027f   Thumb Code    92  main.o(.text)
    main                                     0x080002db   Thumb Code   128  main.o(.text)
    TimingDelay_Decrement                    0x0800035b   Thumb Code    18  main.o(.text)
    RCC_DeInit                               0x080003e5   Thumb Code    78  stm32f10x_rcc.o(.text)
    RCC_HSEConfig                            0x08000433   Thumb Code    70  stm32f10x_rcc.o(.text)
    RCC_GetFlagStatus                        0x08000479   Thumb Code    56  stm32f10x_rcc.o(.text)
    RCC_WaitForHSEStartUp                    0x080004b1   Thumb Code    56  stm32f10x_rcc.o(.text)
    RCC_AdjustHSICalibrationValue            0x080004e9   Thumb Code    20  stm32f10x_rcc.o(.text)
    RCC_HSICmd                               0x080004fd   Thumb Code     6  stm32f10x_rcc.o(.text)
    RCC_PLLConfig                            0x08000503   Thumb Code    24  stm32f10x_rcc.o(.text)
    RCC_PLLCmd                               0x0800051b   Thumb Code     6  stm32f10x_rcc.o(.text)
    RCC_PREDIV1Config                        0x08000521   Thumb Code    24  stm32f10x_rcc.o(.text)
    RCC_PREDIV2Config                        0x08000539   Thumb Code    18  stm32f10x_rcc.o(.text)
    RCC_PLL2Config                           0x0800054b   Thumb Code    18  stm32f10x_rcc.o(.text)
    RCC_PLL2Cmd                              0x0800055d   Thumb Code     6  stm32f10x_rcc.o(.text)
    RCC_PLL3Config                           0x08000563   Thumb Code    18  stm32f10x_rcc.o(.text)
    RCC_PLL3Cmd                              0x08000575   Thumb Code     6  stm32f10x_rcc.o(.text)
    RCC_SYSCLKConfig                         0x0800057b   Thumb Code    18  stm32f10x_rcc.o(.text)
    RCC_GetSYSCLKSource                      0x0800058d   Thumb Code    10  stm32f10x_rcc.o(.text)
    RCC_HCLKConfig                           0x08000597   Thumb Code    18  stm32f10x_rcc.o(.text)
    RCC_PCLK1Config                          0x080005a9   Thumb Code    18  stm32f10x_rcc.o(.text)
    RCC_PCLK2Config                          0x080005bb   Thumb Code    20  stm32f10x_rcc.o(.text)
    RCC_ITConfig                             0x080005cf   Thumb Code    26  stm32f10x_rcc.o(.text)
    RCC_OTGFSCLKConfig                       0x080005e9   Thumb Code     8  stm32f10x_rcc.o(.text)
    RCC_ADCCLKConfig                         0x080005f1   Thumb Code    18  stm32f10x_rcc.o(.text)
    RCC_I2S2CLKConfig                        0x08000603   Thumb Code     6  stm32f10x_rcc.o(.text)
    RCC_I2S3CLKConfig                        0x08000609   Thumb Code     8  stm32f10x_rcc.o(.text)
    RCC_LSEConfig                            0x08000611   Thumb Code    50  stm32f10x_rcc.o(.text)
    RCC_LSICmd                               0x08000643   Thumb Code     6  stm32f10x_rcc.o(.text)
    RCC_RTCCLKConfig                         0x08000649   Thumb Code    12  stm32f10x_rcc.o(.text)
    RCC_RTCCLKCmd                            0x08000655   Thumb Code     8  stm32f10x_rcc.o(.text)
    RCC_GetClocksFreq                        0x0800065d   Thumb Code   424  stm32f10x_rcc.o(.text)
    RCC_AHBPeriphClockCmd                    0x08000805   Thumb Code    26  stm32f10x_rcc.o(.text)
    RCC_APB2PeriphClockCmd                   0x0800081f   Thumb Code    26  stm32f10x_rcc.o(.text)
    RCC_APB1PeriphClockCmd                   0x08000839   Thumb Code    26  stm32f10x_rcc.o(.text)
    RCC_AHBPeriphResetCmd                    0x08000853   Thumb Code    26  stm32f10x_rcc.o(.text)
    RCC_APB2PeriphResetCmd                   0x0800086d   Thumb Code    26  stm32f10x_rcc.o(.text)
    RCC_APB1PeriphResetCmd                   0x08000887   Thumb Code    26  stm32f10x_rcc.o(.text)
    RCC_BackupResetCmd                       0x080008a1   Thumb Code     6  stm32f10x_rcc.o(.text)
    RCC_ClockSecuritySystemCmd               0x080008a7   Thumb Code     6  stm32f10x_rcc.o(.text)
    RCC_MCOConfig                            0x080008ad   Thumb Code     6  stm32f10x_rcc.o(.text)
    RCC_ClearFlag                            0x080008b3   Thumb Code    14  stm32f10x_rcc.o(.text)
    RCC_GetITStatus                          0x080008c1   Thumb Code    20  stm32f10x_rcc.o(.text)
    RCC_ClearITPendingBit                    0x080008d5   Thumb Code     6  stm32f10x_rcc.o(.text)
    NVIC_PriorityGroupConfig                 0x080008e9   Thumb Code    10  misc.o(.text)
    NVIC_Init                                0x080008f3   Thumb Code   100  misc.o(.text)
    NVIC_SetVectorTable                      0x08000957   Thumb Code    14  misc.o(.text)
    NVIC_SystemLPConfig                      0x08000965   Thumb Code    34  misc.o(.text)
    SysTick_CLKSourceConfig                  0x08000987   Thumb Code    40  misc.o(.text)
    GPIO_DeInit                              0x080009c5   Thumb Code   172  stm32f10x_gpio.o(.text)
    GPIO_AFIODeInit                          0x08000a71   Thumb Code    20  stm32f10x_gpio.o(.text)
    GPIO_Init                                0x08000a85   Thumb Code   278  stm32f10x_gpio.o(.text)
    GPIO_StructInit                          0x08000b9b   Thumb Code    16  stm32f10x_gpio.o(.text)
    GPIO_ReadInputDataBit                    0x08000bab   Thumb Code    18  stm32f10x_gpio.o(.text)
    GPIO_ReadInputData                       0x08000bbd   Thumb Code     8  stm32f10x_gpio.o(.text)
    GPIO_ReadOutputDataBit                   0x08000bc5   Thumb Code    18  stm32f10x_gpio.o(.text)
    GPIO_ReadOutputData                      0x08000bd7   Thumb Code     8  stm32f10x_gpio.o(.text)
    GPIO_SetBits                             0x08000bdf   Thumb Code     4  stm32f10x_gpio.o(.text)
    GPIO_ResetBits                           0x08000be3   Thumb Code     4  stm32f10x_gpio.o(.text)
    GPIO_WriteBit                            0x08000be7   Thumb Code    10  stm32f10x_gpio.o(.text)
    GPIO_Write                               0x08000bf1   Thumb Code     4  stm32f10x_gpio.o(.text)
    GPIO_PinLockConfig                       0x08000bf5   Thumb Code    18  stm32f10x_gpio.o(.text)
    GPIO_EventOutputConfig                   0x08000c07   Thumb Code    26  stm32f10x_gpio.o(.text)
    GPIO_EventOutputCmd                      0x08000c21   Thumb Code     6  stm32f10x_gpio.o(.text)
    GPIO_PinRemapConfig                      0x08000c27   Thumb Code   138  stm32f10x_gpio.o(.text)
    GPIO_EXTILineConfig                      0x08000cb1   Thumb Code    66  stm32f10x_gpio.o(.text)
    GPIO_ETH_MediaInterfaceConfig            0x08000cf3   Thumb Code     8  stm32f10x_gpio.o(.text)
    ADC_DeInit                               0x08000d21   Thumb Code    78  stm32f10x_adc.o(.text)
    ADC_Init                                 0x08000d6f   Thumb Code    70  stm32f10x_adc.o(.text)
    ADC_StructInit                           0x08000db5   Thumb Code    18  stm32f10x_adc.o(.text)
    ADC_Cmd                                  0x08000dc7   Thumb Code    22  stm32f10x_adc.o(.text)
    ADC_DMACmd                               0x08000ddd   Thumb Code    22  stm32f10x_adc.o(.text)
    ADC_ITConfig                             0x08000df3   Thumb Code    24  stm32f10x_adc.o(.text)
    ADC_ResetCalibration                     0x08000e0b   Thumb Code    10  stm32f10x_adc.o(.text)
    ADC_GetResetCalibrationStatus            0x08000e15   Thumb Code    20  stm32f10x_adc.o(.text)
    ADC_StartCalibration                     0x08000e29   Thumb Code    10  stm32f10x_adc.o(.text)
    ADC_GetCalibrationStatus                 0x08000e33   Thumb Code    20  stm32f10x_adc.o(.text)
    ADC_SoftwareStartConvCmd                 0x08000e47   Thumb Code    22  stm32f10x_adc.o(.text)
    ADC_GetSoftwareStartConvStatus           0x08000e5d   Thumb Code    20  stm32f10x_adc.o(.text)
    ADC_DiscModeChannelCountConfig           0x08000e71   Thumb Code    24  stm32f10x_adc.o(.text)
    ADC_DiscModeCmd                          0x08000e89   Thumb Code    22  stm32f10x_adc.o(.text)
    ADC_RegularChannelConfig                 0x08000e9f   Thumb Code   184  stm32f10x_adc.o(.text)
    ADC_ExternalTrigConvCmd                  0x08000f57   Thumb Code    22  stm32f10x_adc.o(.text)
    ADC_GetConversionValue                   0x08000f6d   Thumb Code     8  stm32f10x_adc.o(.text)
    ADC_GetDualModeConversionValue           0x08000f75   Thumb Code     8  stm32f10x_adc.o(.text)
    ADC_AutoInjectedConvCmd                  0x08000f7d   Thumb Code    22  stm32f10x_adc.o(.text)
    ADC_InjectedDiscModeCmd                  0x08000f93   Thumb Code    22  stm32f10x_adc.o(.text)
    ADC_ExternalTrigInjectedConvConfig       0x08000fa9   Thumb Code    16  stm32f10x_adc.o(.text)
    ADC_ExternalTrigInjectedConvCmd          0x08000fb9   Thumb Code    22  stm32f10x_adc.o(.text)
    ADC_SoftwareStartInjectedConvCmd         0x08000fcf   Thumb Code    22  stm32f10x_adc.o(.text)
    ADC_GetSoftwareStartInjectedConvCmdStatus 0x08000fe5   Thumb Code    20  stm32f10x_adc.o(.text)
    ADC_InjectedChannelConfig                0x08000ff9   Thumb Code   130  stm32f10x_adc.o(.text)
    ADC_InjectedSequencerLengthConfig        0x0800107b   Thumb Code    24  stm32f10x_adc.o(.text)
    ADC_SetInjectedOffset                    0x08001093   Thumb Code    20  stm32f10x_adc.o(.text)
    ADC_GetInjectedConversionValue           0x080010a7   Thumb Code    28  stm32f10x_adc.o(.text)
    ADC_AnalogWatchdogCmd                    0x080010c3   Thumb Code    16  stm32f10x_adc.o(.text)
    ADC_AnalogWatchdogThresholdsConfig       0x080010d3   Thumb Code     6  stm32f10x_adc.o(.text)
    ADC_AnalogWatchdogSingleChannelConfig    0x080010d9   Thumb Code    16  stm32f10x_adc.o(.text)
    ADC_TempSensorVrefintCmd                 0x080010e9   Thumb Code    64  stm32f10x_adc.o(.text)
    ADC_GetFlagStatus                        0x08001129   Thumb Code    18  stm32f10x_adc.o(.text)
    ADC_ClearFlag                            0x0800113b   Thumb Code     6  stm32f10x_adc.o(.text)
    ADC_GetITStatus                          0x08001141   Thumb Code    36  stm32f10x_adc.o(.text)
    ADC_ClearITPendingBit                    0x08001165   Thumb Code    10  stm32f10x_adc.o(.text)
    FLASH_SetLatency                         0x08001171   Thumb Code    18  stm32f10x_flash.o(.text)
    FLASH_HalfCycleAccessCmd                 0x08001183   Thumb Code    22  stm32f10x_flash.o(.text)
    FLASH_PrefetchBufferCmd                  0x08001199   Thumb Code    22  stm32f10x_flash.o(.text)
    FLASH_Unlock                             0x080011af   Thumb Code    12  stm32f10x_flash.o(.text)
    FLASH_UnlockBank1                        0x080011bb   Thumb Code    12  stm32f10x_flash.o(.text)
    FLASH_Lock                               0x080011c7   Thumb Code    14  stm32f10x_flash.o(.text)
    FLASH_LockBank1                          0x080011d5   Thumb Code    14  stm32f10x_flash.o(.text)
    FLASH_GetBank1Status                     0x080011e3   Thumb Code    48  stm32f10x_flash.o(.text)
    FLASH_WaitForLastOperation               0x08001213   Thumb Code    38  stm32f10x_flash.o(.text)
    FLASH_ErasePage                          0x08001239   Thumb Code    76  stm32f10x_flash.o(.text)
    FLASH_EraseAllPages                      0x08001285   Thumb Code    72  stm32f10x_flash.o(.text)
    FLASH_WaitForLastBank1Operation          0x080012cd   Thumb Code    38  stm32f10x_flash.o(.text)
    FLASH_EraseAllBank1Pages                 0x080012f3   Thumb Code    72  stm32f10x_flash.o(.text)
    FLASH_GetReadOutProtectionStatus         0x0800133b   Thumb Code    20  stm32f10x_flash.o(.text)
    FLASH_EraseOptionBytes                   0x0800134f   Thumb Code   150  stm32f10x_flash.o(.text)
    FLASH_ProgramWord                        0x080013e5   Thumb Code   110  stm32f10x_flash.o(.text)
    FLASH_ProgramHalfWord                    0x08001453   Thumb Code    64  stm32f10x_flash.o(.text)
    FLASH_ProgramOptionByteData              0x08001493   Thumb Code    72  stm32f10x_flash.o(.text)
    FLASH_EnableWriteProtection              0x080014db   Thumb Code   202  stm32f10x_flash.o(.text)
    FLASH_ReadOutProtection                  0x080015a5   Thumb Code   156  stm32f10x_flash.o(.text)
    FLASH_UserOptionByteConfig               0x08001641   Thumb Code    88  stm32f10x_flash.o(.text)
    FLASH_GetUserOptionByte                  0x08001699   Thumb Code     8  stm32f10x_flash.o(.text)
    FLASH_GetWriteProtectionOptionByte       0x080016a1   Thumb Code     6  stm32f10x_flash.o(.text)
    FLASH_GetPrefetchBufferStatus            0x080016a7   Thumb Code    20  stm32f10x_flash.o(.text)
    FLASH_ITConfig                           0x080016bb   Thumb Code    26  stm32f10x_flash.o(.text)
    FLASH_GetFlagStatus                      0x080016d5   Thumb Code    42  stm32f10x_flash.o(.text)
    FLASH_ClearFlag                          0x080016ff   Thumb Code     6  stm32f10x_flash.o(.text)
    FLASH_GetStatus                          0x08001705   Thumb Code    48  stm32f10x_flash.o(.text)
    USART_DeInit                             0x08001745   Thumb Code   134  stm32f10x_usart.o(.text)
    USART_Init                               0x080017cb   Thumb Code   210  stm32f10x_usart.o(.text)
    USART_StructInit                         0x0800189d   Thumb Code    24  stm32f10x_usart.o(.text)
    USART_ClockInit                          0x080018b5   Thumb Code    34  stm32f10x_usart.o(.text)
    USART_ClockStructInit                    0x080018d7   Thumb Code    12  stm32f10x_usart.o(.text)
    USART_Cmd                                0x080018e3   Thumb Code    24  stm32f10x_usart.o(.text)
    USART_ITConfig                           0x080018fb   Thumb Code    74  stm32f10x_usart.o(.text)
    USART_DMACmd                             0x08001945   Thumb Code    18  stm32f10x_usart.o(.text)
    USART_SetAddress                         0x08001957   Thumb Code    18  stm32f10x_usart.o(.text)
    USART_WakeUpConfig                       0x08001969   Thumb Code    18  stm32f10x_usart.o(.text)
    USART_ReceiverWakeUpCmd                  0x0800197b   Thumb Code    24  stm32f10x_usart.o(.text)
    USART_LINBreakDetectLengthConfig         0x08001993   Thumb Code    18  stm32f10x_usart.o(.text)
    USART_LINCmd                             0x080019a5   Thumb Code    24  stm32f10x_usart.o(.text)
    USART_SendData                           0x080019bd   Thumb Code     8  stm32f10x_usart.o(.text)
    USART_ReceiveData                        0x080019c5   Thumb Code    10  stm32f10x_usart.o(.text)
    USART_SendBreak                          0x080019cf   Thumb Code    10  stm32f10x_usart.o(.text)
    USART_SetGuardTime                       0x080019d9   Thumb Code    16  stm32f10x_usart.o(.text)
    USART_SetPrescaler                       0x080019e9   Thumb Code    16  stm32f10x_usart.o(.text)
    USART_SmartCardCmd                       0x080019f9   Thumb Code    24  stm32f10x_usart.o(.text)
    USART_SmartCardNACKCmd                   0x08001a11   Thumb Code    24  stm32f10x_usart.o(.text)
    USART_HalfDuplexCmd                      0x08001a29   Thumb Code    24  stm32f10x_usart.o(.text)
    USART_OverSampling8Cmd                   0x08001a41   Thumb Code    22  stm32f10x_usart.o(.text)
    USART_OneBitMethodCmd                    0x08001a57   Thumb Code    24  stm32f10x_usart.o(.text)
    USART_IrDAConfig                         0x08001a6f   Thumb Code    18  stm32f10x_usart.o(.text)
    USART_IrDACmd                            0x08001a81   Thumb Code    24  stm32f10x_usart.o(.text)
    USART_GetFlagStatus                      0x08001a99   Thumb Code    26  stm32f10x_usart.o(.text)
    USART_ClearFlag                          0x08001ab3   Thumb Code    18  stm32f10x_usart.o(.text)
    USART_GetITStatus                        0x08001ac5   Thumb Code    84  stm32f10x_usart.o(.text)
    USART_ClearITPendingBit                  0x08001b19   Thumb Code    52  stm32f10x_usart.o(.text)
    SystemInit                               0x08001c5d   Thumb Code    84  system_stm32f10x.o(.text)
    SystemCoreClockUpdate                    0x08001cb1   Thumb Code   232  system_stm32f10x.o(.text)
    Reset_Handler                            0x08001dc5   Thumb Code     8  startup_stm32f10x_cl.o(.text)
    CAN1_RX0_IRQHandler                      0x08001ddf   Thumb Code     0  startup_stm32f10x_cl.o(.text)
    CAN1_RX1_IRQHandler                      0x08001ddf   Thumb Code     0  startup_stm32f10x_cl.o(.text)
    CAN1_SCE_IRQHandler                      0x08001ddf   Thumb Code     0  startup_stm32f10x_cl.o(.text)
    CAN1_TX_IRQHandler                       0x08001ddf   Thumb Code     0  startup_stm32f10x_cl.o(.text)
    CAN2_RX0_IRQHandler                      0x08001ddf   Thumb Code     0  startup_stm32f10x_cl.o(.text)
    CAN2_RX1_IRQHandler                      0x08001ddf   Thumb Code     0  startup_stm32f10x_cl.o(.text)
    CAN2_SCE_IRQHandler                      0x08001ddf   Thumb Code     0  startup_stm32f10x_cl.o(.text)
    CAN2_TX_IRQHandler                       0x08001ddf   Thumb Code     0  startup_stm32f10x_cl.o(.text)
    DMA1_Channel1_IRQHandler                 0x08001ddf   Thumb Code     0  startup_stm32f10x_cl.o(.text)
    DMA1_Channel2_IRQHandler                 0x08001ddf   Thumb Code     0  startup_stm32f10x_cl.o(.text)
    DMA1_Channel3_IRQHandler                 0x08001ddf   Thumb Code     0  startup_stm32f10x_cl.o(.text)
    DMA1_Channel4_IRQHandler                 0x08001ddf   Thumb Code     0  startup_stm32f10x_cl.o(.text)
    DMA1_Channel5_IRQHandler                 0x08001ddf   Thumb Code     0  startup_stm32f10x_cl.o(.text)
    DMA1_Channel6_IRQHandler                 0x08001ddf   Thumb Code     0  startup_stm32f10x_cl.o(.text)
    DMA1_Channel7_IRQHandler                 0x08001ddf   Thumb Code     0  startup_stm32f10x_cl.o(.text)
    DMA2_Channel1_IRQHandler                 0x08001ddf   Thumb Code     0  startup_stm32f10x_cl.o(.text)
    DMA2_Channel2_IRQHandler                 0x08001ddf   Thumb Code     0  startup_stm32f10x_cl.o(.text)
    DMA2_Channel3_IRQHandler                 0x08001ddf   Thumb Code     0  startup_stm32f10x_cl.o(.text)
    DMA2_Channel4_IRQHandler                 0x08001ddf   Thumb Code     0  startup_stm32f10x_cl.o(.text)
    DMA2_Channel5_IRQHandler                 0x08001ddf   Thumb Code     0  startup_stm32f10x_cl.o(.text)
    ETH_IRQHandler                           0x08001ddf   Thumb Code     0  startup_stm32f10x_cl.o(.text)
    ETH_WKUP_IRQHandler                      0x08001ddf   Thumb Code     0  startup_stm32f10x_cl.o(.text)
    EXTI0_IRQHandler                         0x08001ddf   Thumb Code     0  startup_stm32f10x_cl.o(.text)
    EXTI15_10_IRQHandler                     0x08001ddf   Thumb Code     0  startup_stm32f10x_cl.o(.text)
    EXTI1_IRQHandler                         0x08001ddf   Thumb Code     0  startup_stm32f10x_cl.o(.text)
    EXTI2_IRQHandler                         0x08001ddf   Thumb Code     0  startup_stm32f10x_cl.o(.text)
    EXTI3_IRQHandler                         0x08001ddf   Thumb Code     0  startup_stm32f10x_cl.o(.text)
    EXTI4_IRQHandler                         0x08001ddf   Thumb Code     0  startup_stm32f10x_cl.o(.text)
    EXTI9_5_IRQHandler                       0x08001ddf   Thumb Code     0  startup_stm32f10x_cl.o(.text)
    FLASH_IRQHandler                         0x08001ddf   Thumb Code     0  startup_stm32f10x_cl.o(.text)
    I2C1_ER_IRQHandler                       0x08001ddf   Thumb Code     0  startup_stm32f10x_cl.o(.text)
    I2C1_EV_IRQHandler                       0x08001ddf   Thumb Code     0  startup_stm32f10x_cl.o(.text)
    I2C2_ER_IRQHandler                       0x08001ddf   Thumb Code     0  startup_stm32f10x_cl.o(.text)
    I2C2_EV_IRQHandler                       0x08001ddf   Thumb Code     0  startup_stm32f10x_cl.o(.text)
    OTG_FS_IRQHandler                        0x08001ddf   Thumb Code     0  startup_stm32f10x_cl.o(.text)
    OTG_FS_WKUP_IRQHandler                   0x08001ddf   Thumb Code     0  startup_stm32f10x_cl.o(.text)
    PVD_IRQHandler                           0x08001ddf   Thumb Code     0  startup_stm32f10x_cl.o(.text)
    RCC_IRQHandler                           0x08001ddf   Thumb Code     0  startup_stm32f10x_cl.o(.text)
    RTCAlarm_IRQHandler                      0x08001ddf   Thumb Code     0  startup_stm32f10x_cl.o(.text)
    RTC_IRQHandler                           0x08001ddf   Thumb Code     0  startup_stm32f10x_cl.o(.text)
    SPI1_IRQHandler                          0x08001ddf   Thumb Code     0  startup_stm32f10x_cl.o(.text)
    SPI2_IRQHandler                          0x08001ddf   Thumb Code     0  startup_stm32f10x_cl.o(.text)
    SPI3_IRQHandler                          0x08001ddf   Thumb Code     0  startup_stm32f10x_cl.o(.text)
    TAMPER_IRQHandler                        0x08001ddf   Thumb Code     0  startup_stm32f10x_cl.o(.text)
    TIM1_BRK_IRQHandler                      0x08001ddf   Thumb Code     0  startup_stm32f10x_cl.o(.text)
    TIM1_CC_IRQHandler                       0x08001ddf   Thumb Code     0  startup_stm32f10x_cl.o(.text)
    TIM1_TRG_COM_IRQHandler                  0x08001ddf   Thumb Code     0  startup_stm32f10x_cl.o(.text)
    TIM1_UP_IRQHandler                       0x08001ddf   Thumb Code     0  startup_stm32f10x_cl.o(.text)
    TIM2_IRQHandler                          0x08001ddf   Thumb Code     0  startup_stm32f10x_cl.o(.text)
    TIM3_IRQHandler                          0x08001ddf   Thumb Code     0  startup_stm32f10x_cl.o(.text)
    TIM4_IRQHandler                          0x08001ddf   Thumb Code     0  startup_stm32f10x_cl.o(.text)
    TIM5_IRQHandler                          0x08001ddf   Thumb Code     0  startup_stm32f10x_cl.o(.text)
    TIM6_IRQHandler                          0x08001ddf   Thumb Code     0  startup_stm32f10x_cl.o(.text)
    TIM7_IRQHandler                          0x08001ddf   Thumb Code     0  startup_stm32f10x_cl.o(.text)
    UART4_IRQHandler                         0x08001ddf   Thumb Code     0  startup_stm32f10x_cl.o(.text)
    USART2_IRQHandler                        0x08001ddf   Thumb Code     0  startup_stm32f10x_cl.o(.text)
    USART3_IRQHandler                        0x08001ddf   Thumb Code     0  startup_stm32f10x_cl.o(.text)
    WWDG_IRQHandler                          0x08001ddf   Thumb Code     0  startup_stm32f10x_cl.o(.text)
    USART1_Config                            0x08001de9   Thumb Code    16  bsp.o(.text)
    GPIO_Config                              0x08001df9   Thumb Code    30  bsp.o(.text)
    BSP_Init                                 0x08001e17   Thumb Code   182  bsp.o(.text)
    BSP_IntDisAll                            0x08001ecd   Thumb Code     2  bsp.o(.text)
    cr4_fft_64_stm32                         0x08001ed9   Thumb Code     0  cr4_fft_64_stm32.o(.text)
    EE                                       0x080021a9   Thumb Code   132  fft2.o(.text)
    FFT                                      0x0800222d   Thumb Code   594  fft2.o(.text)
    dsp_asm_init                             0x08002485   Thumb Code   250  dsp_asm.o(.text)
    dsp_asm_powerMag                         0x0800257f   Thumb Code   212  dsp_asm.o(.text)
    dsp_asm_test                             0x08002653   Thumb Code    18  dsp_asm.o(.text)
    dsp_g2_test                              0x080026a9   Thumb Code   518  dsp_g2.o(.text)
    USART1_Init                              0x080028f5   Thumb Code   222  usart1.o(.text)
    UART1_SendByte                           0x080029d3   Thumb Code    26  usart1.o(.text)
    USART1_IRQHandler                        0x080029ed   Thumb Code    30  usart1.o(.text)
    UART1Write                               0x08002a0b   Thumb Code    26  usart1.o(.text)
    fputc                                    0x08002a25   Thumb Code    32  usart1.o(.text)
    NVIC_Configuration_Usart5                0x08002a45   Thumb Code    42  usart1.o(.text)
    UART5_Config                             0x08002a6f   Thumb Code   138  usart1.o(.text)
    UART5_IRQHandler                         0x08002af9   Thumb Code    46  usart1.o(.text)
    Uart5_Send_String                        0x08002b27   Thumb Code    80  usart1.o(.text)
    delay_init                               0x08002b91   Thumb Code    50  delay.o(.text)
    delay_us                                 0x08002bc3   Thumb Code    72  delay.o(.text)
    delay_ms                                 0x08002c0b   Thumb Code    72  delay.o(.text)
    __aeabi_memset                           0x08002c65   Thumb Code    14  memseta.o(.text)
    __aeabi_memset4                          0x08002c65   Thumb Code     0  memseta.o(.text)
    __aeabi_memset8                          0x08002c65   Thumb Code     0  memseta.o(.text)
    __aeabi_memclr                           0x08002c73   Thumb Code     4  memseta.o(.text)
    __aeabi_memclr4                          0x08002c73   Thumb Code     0  memseta.o(.text)
    __aeabi_memclr8                          0x08002c73   Thumb Code     0  memseta.o(.text)
    _memset$wrapper                          0x08002c77   Thumb Code    18  memseta.o(.text)
    __aeabi_fadd                             0x08002c89   Thumb Code   164  fadd.o(.text)
    __aeabi_fsub                             0x08002d2d   Thumb Code     6  fadd.o(.text)
    __aeabi_frsub                            0x08002d33   Thumb Code     6  fadd.o(.text)
    __aeabi_fmul                             0x08002d39   Thumb Code   100  fmul.o(.text)
    __aeabi_fdiv                             0x08002d9d   Thumb Code   124  fdiv.o(.text)
    __aeabi_dadd                             0x08002e19   Thumb Code   322  dadd.o(.text)
    __aeabi_dsub                             0x08002f5b   Thumb Code     6  dadd.o(.text)
    __aeabi_drsub                            0x08002f61   Thumb Code     6  dadd.o(.text)
    __aeabi_dmul                             0x08002f67   Thumb Code   228  dmul.o(.text)
    __aeabi_ddiv                             0x0800304b   Thumb Code   222  ddiv.o(.text)
    __aeabi_i2f                              0x08003129   Thumb Code    18  fflti.o(.text)
    __aeabi_ui2f                             0x0800313b   Thumb Code    10  ffltui.o(.text)
    __aeabi_i2d                              0x08003145   Thumb Code    34  dflti.o(.text)
    __aeabi_ui2d                             0x08003167   Thumb Code    26  dfltui.o(.text)
    __aeabi_f2iz                             0x08003181   Thumb Code    50  ffixi.o(.text)
    __aeabi_f2uiz                            0x080031b3   Thumb Code    40  ffixui.o(.text)
    __aeabi_d2iz                             0x080031db   Thumb Code    62  dfixi.o(.text)
    __aeabi_f2d                              0x08003219   Thumb Code    38  f2d.o(.text)
    __aeabi_d2f                              0x0800323f   Thumb Code    56  d2f.o(.text)
    __aeabi_uidiv                            0x08003277   Thumb Code     0  uidiv.o(.text)
    __aeabi_uidivmod                         0x08003277   Thumb Code    44  uidiv.o(.text)
    __aeabi_uldivmod                         0x080032a3   Thumb Code    98  uldiv.o(.text)
    __aeabi_llsl                             0x08003305   Thumb Code    30  llshl.o(.text)
    _ll_shift_l                              0x08003305   Thumb Code     0  llshl.o(.text)
    __aeabi_llsr                             0x08003323   Thumb Code    32  llushr.o(.text)
    _ll_ushift_r                             0x08003323   Thumb Code     0  llushr.o(.text)
    __aeabi_lasr                             0x08003343   Thumb Code    36  llsshr.o(.text)
    _ll_sshift_r                             0x08003343   Thumb Code     0  llsshr.o(.text)
    __I$use$fp                               0x08003367   Thumb Code     0  iusefp.o(.text)
    _float_round                             0x08003367   Thumb Code    18  fepilogue.o(.text)
    _float_epilogue                          0x08003379   Thumb Code    92  fepilogue.o(.text)
    _double_round                            0x080033d5   Thumb Code    30  depilogue.o(.text)
    _double_epilogue                         0x080033f3   Thumb Code   156  depilogue.o(.text)
    __ARM_scalbn                             0x0800348f   Thumb Code    46  dscalb.o(.text)
    scalbn                                   0x0800348f   Thumb Code     0  dscalb.o(.text)
    _dsqrt                                   0x080034bd   Thumb Code   162  dsqrt.o(.text)
    __aeabi_d2ulz                            0x0800355f   Thumb Code    48  dfixul.o(.text)
    __aeabi_cdrcmple                         0x08003591   Thumb Code    48  cdrcmple.o(.text)
    __scatterload                            0x080035c1   Thumb Code    28  init.o(.text)
    __scatterload_rt2                        0x080035c1   Thumb Code     0  init.o(.text)
    __0sprintf                               0x080035e5   Thumb Code    34  printfa.o(i.__0sprintf)
    __1sprintf                               0x080035e5   Thumb Code     0  printfa.o(i.__0sprintf)
    __2sprintf                               0x080035e5   Thumb Code     0  printfa.o(i.__0sprintf)
    __c89sprintf                             0x080035e5   Thumb Code     0  printfa.o(i.__0sprintf)
    sprintf                                  0x080035e5   Thumb Code     0  printfa.o(i.__0sprintf)
    __ARM_fpclassify                         0x0800360d   Thumb Code    40  fpclassify.o(i.__ARM_fpclassify)
    __ieee754_rem_pio2                       0x08003635   Thumb Code   828  rred.o(i.__ieee754_rem_pio2)
    __kernel_cos                             0x080039bd   Thumb Code   230  cos_i.o(i.__kernel_cos)
    __kernel_poly                            0x08003ab9   Thumb Code   170  poly.o(i.__kernel_poly)
    __kernel_sin                             0x08003b65   Thumb Code   224  sin_i.o(i.__kernel_sin)
    __mathlib_dbl_divzero                    0x08003c51   Thumb Code    12  dunder.o(i.__mathlib_dbl_divzero)
    __mathlib_dbl_infnan                     0x08003c61   Thumb Code     6  dunder.o(i.__mathlib_dbl_infnan)
    __mathlib_dbl_infnan2                    0x08003c67   Thumb Code     4  dunder.o(i.__mathlib_dbl_infnan2)
    __mathlib_dbl_invalid                    0x08003c6b   Thumb Code    12  dunder.o(i.__mathlib_dbl_invalid)
    __mathlib_dbl_overflow                   0x08003c77   Thumb Code    14  dunder.o(i.__mathlib_dbl_overflow)
    __mathlib_dbl_underflow                  0x08003c85   Thumb Code    10  dunder.o(i.__mathlib_dbl_underflow)
    __scatterload_copy                       0x08003c95   Thumb Code    14  handlers.o(i.__scatterload_copy)
    __scatterload_null                       0x08003ca3   Thumb Code     2  handlers.o(i.__scatterload_null)
    __scatterload_zeroinit                   0x08003ca5   Thumb Code    14  handlers.o(i.__scatterload_zeroinit)
    __set_errno                              0x08003cb5   Thumb Code     6  errno.o(i.__set_errno)
    cos                                      0x0800457d   Thumb Code   148  cos.o(i.cos)
    pow                                      0x08004619   Thumb Code  2512  pow.o(i.pow)
    sin                                      0x08004ff1   Thumb Code   150  sin.o(i.sin)
    sqrt                                     0x08005091   Thumb Code    76  sqrt.o(i.sqrt)
    __mathlib_zero                           0x08005198   Data           8  qnan.o(.constdata)
    Region$$Table$$Base                      0x08005290   Number         0  anon$$obj.o(Region$$Table)
    Region$$Table$$Limit                     0x080052b0   Number         0  anon$$obj.o(Region$$Table)
    ADC2ConvertedValue                       0x20000000   Data           2  stm32f10x_it.o(.data)
    TimingCounter                            0x20000004   Data           4  stm32f10x_it.o(.data)
    TestSig                                  0x20000008   Data           1  stm32f10x_it.o(.data)
    SystemCoreClock                          0x20000024   Data           4  system_stm32f10x.o(.data)
    AHBPrescTable                            0x20000028   Data          16  system_stm32f10x.o(.data)
    lBUFIN                                   0x20000044   Data         256  dsp_asm.o(.bss)
    lBUFOUT                                  0x20000144   Data         256  dsp_asm.o(.bss)
    lBUFMAG                                  0x20000244   Data         256  dsp_asm.o(.bss)
    result                                   0x20000348   Data        2048  dsp_g2.o(.bss)
    s                                        0x20000b48   Data        4096  dsp_g2.o(.bss)
    __initial_sp                             0x20001f48   Data           0  startup_stm32f10x_cl.o(STACK)



==============================================================================

Memory Map of the image

  Image Entry point : 0x08000151

  Load Region LR_IROM1 (Base: 0x08000000, Size: 0x000052f4, Max: 0x00040000, ABSOLUTE)

    Execution Region ER_IROM1 (Exec base: 0x08000000, Load base: 0x08000000, Size: 0x000052b0, Max: 0x00040000, ABSOLUTE)

    Exec Addr    Load Addr    Size         Type   Attr      Idx    E Section Name        Object

    0x08000000   0x08000000   0x00000150   Data   RO          319    RESET               startup_stm32f10x_cl.o
    0x08000150   0x08000150   0x00000000   Code   RO          491  * .ARM.Collect$$$$00000000  mc_w.l(entry.o)
    0x08000150   0x08000150   0x00000004   Code   RO          820    .ARM.Collect$$$$00000001  mc_w.l(entry2.o)
    0x08000154   0x08000154   0x00000004   Code   RO          823    .ARM.Collect$$$$00000004  mc_w.l(entry5.o)
    0x08000158   0x08000158   0x00000000   Code   RO          825    .ARM.Collect$$$$00000008  mc_w.l(entry7b.o)
    0x08000158   0x08000158   0x00000000   Code   RO          827    .ARM.Collect$$$$0000000A  mc_w.l(entry8b.o)
    0x08000158   0x08000158   0x00000008   Code   RO          828    .ARM.Collect$$$$0000000B  mc_w.l(entry9a.o)
    0x08000160   0x08000160   0x00000000   Code   RO          830    .ARM.Collect$$$$0000000D  mc_w.l(entry10a.o)
    0x08000160   0x08000160   0x00000000   Code   RO          832    .ARM.Collect$$$$0000000F  mc_w.l(entry11a.o)
    0x08000160   0x08000160   0x00000004   Code   RO          821    .ARM.Collect$$$$00002712  mc_w.l(entry2.o)
    0x08000164   0x08000164   0x00000060   Code   RO            1    .text               stm32f10x_it.o
    0x080001c4   0x080001c4   0x00000220   Code   RO           62    .text               main.o
    0x080003e4   0x080003e4   0x00000504   Code   RO          111    .text               stm32f10x_rcc.o
    0x080008e8   0x080008e8   0x000000dc   Code   RO          198    .text               misc.o
    0x080009c4   0x080009c4   0x0000035c   Code   RO          213    .text               stm32f10x_gpio.o
    0x08000d20   0x08000d20   0x0000044e   Code   RO          228    .text               stm32f10x_adc.o
    0x0800116e   0x0800116e   0x00000002   PAD
    0x08001170   0x08001170   0x000005d4   Code   RO          258    .text               stm32f10x_flash.o
    0x08001744   0x08001744   0x00000408   Code   RO          273    .text               stm32f10x_usart.o
    0x08001b4c   0x08001b4c   0x00000278   Code   RO          299    .text               system_stm32f10x.o
    0x08001dc4   0x08001dc4   0x00000024   Code   RO          320    .text               startup_stm32f10x_cl.o
    0x08001de8   0x08001de8   0x000000f0   Code   RO          324    .text               bsp.o
    0x08001ed8   0x08001ed8   0x000002ce   Code   RO          344    .text               cr4_fft_64_stm32.o
    0x080021a6   0x080021a6   0x00000002   PAD
    0x080021a8   0x080021a8   0x000002dc   Code   RO          353    .text               fft2.o
    0x08002484   0x08002484   0x00000224   Code   RO          372    .text               dsp_asm.o
    0x080026a8   0x080026a8   0x0000024c   Code   RO          397    .text               dsp_g2.o
    0x080028f4   0x080028f4   0x0000029c   Code   RO          415    .text               usart1.o
    0x08002b90   0x08002b90   0x000000d4   Code   RO          427    .text               delay.o
    0x08002c64   0x08002c64   0x00000024   Code   RO          494    .text               mc_w.l(memseta.o)
    0x08002c88   0x08002c88   0x000000b0   Code   RO          757    .text               mf_w.l(fadd.o)
    0x08002d38   0x08002d38   0x00000064   Code   RO          759    .text               mf_w.l(fmul.o)
    0x08002d9c   0x08002d9c   0x0000007c   Code   RO          761    .text               mf_w.l(fdiv.o)
    0x08002e18   0x08002e18   0x0000014e   Code   RO          763    .text               mf_w.l(dadd.o)
    0x08002f66   0x08002f66   0x000000e4   Code   RO          765    .text               mf_w.l(dmul.o)
    0x0800304a   0x0800304a   0x000000de   Code   RO          767    .text               mf_w.l(ddiv.o)
    0x08003128   0x08003128   0x00000012   Code   RO          769    .text               mf_w.l(fflti.o)
    0x0800313a   0x0800313a   0x0000000a   Code   RO          771    .text               mf_w.l(ffltui.o)
    0x08003144   0x08003144   0x00000022   Code   RO          773    .text               mf_w.l(dflti.o)
    0x08003166   0x08003166   0x0000001a   Code   RO          775    .text               mf_w.l(dfltui.o)
    0x08003180   0x08003180   0x00000032   Code   RO          777    .text               mf_w.l(ffixi.o)
    0x080031b2   0x080031b2   0x00000028   Code   RO          779    .text               mf_w.l(ffixui.o)
    0x080031da   0x080031da   0x0000003e   Code   RO          781    .text               mf_w.l(dfixi.o)
    0x08003218   0x08003218   0x00000026   Code   RO          783    .text               mf_w.l(f2d.o)
    0x0800323e   0x0800323e   0x00000038   Code   RO          785    .text               mf_w.l(d2f.o)
    0x08003276   0x08003276   0x0000002c   Code   RO          835    .text               mc_w.l(uidiv.o)
    0x080032a2   0x080032a2   0x00000062   Code   RO          837    .text               mc_w.l(uldiv.o)
    0x08003304   0x08003304   0x0000001e   Code   RO          839    .text               mc_w.l(llshl.o)
    0x08003322   0x08003322   0x00000020   Code   RO          841    .text               mc_w.l(llushr.o)
    0x08003342   0x08003342   0x00000024   Code   RO          843    .text               mc_w.l(llsshr.o)
    0x08003366   0x08003366   0x00000000   Code   RO          852    .text               mc_w.l(iusefp.o)
    0x08003366   0x08003366   0x0000006e   Code   RO          853    .text               mf_w.l(fepilogue.o)
    0x080033d4   0x080033d4   0x000000ba   Code   RO          855    .text               mf_w.l(depilogue.o)
    0x0800348e   0x0800348e   0x0000002e   Code   RO          857    .text               mf_w.l(dscalb.o)
    0x080034bc   0x080034bc   0x000000a2   Code   RO          859    .text               mf_w.l(dsqrt.o)
    0x0800355e   0x0800355e   0x00000030   Code   RO          861    .text               mf_w.l(dfixul.o)
    0x0800358e   0x0800358e   0x00000002   PAD
    0x08003590   0x08003590   0x00000030   Code   RO          865    .text               mf_w.l(cdrcmple.o)
    0x080035c0   0x080035c0   0x00000024   Code   RO          867    .text               mc_w.l(init.o)
    0x080035e4   0x080035e4   0x00000028   Code   RO          731    i.__0sprintf        mc_w.l(printfa.o)
    0x0800360c   0x0800360c   0x00000028   Code   RO          804    i.__ARM_fpclassify  m_ws.l(fpclassify.o)
    0x08003634   0x08003634   0x00000388   Code   RO          809    i.__ieee754_rem_pio2  m_ws.l(rred.o)
    0x080039bc   0x080039bc   0x000000fc   Code   RO          787    i.__kernel_cos      m_ws.l(cos_i.o)
    0x08003ab8   0x08003ab8   0x000000aa   Code   RO          806    i.__kernel_poly     m_ws.l(poly.o)
    0x08003b62   0x08003b62   0x00000002   PAD
    0x08003b64   0x08003b64   0x000000ec   Code   RO          814    i.__kernel_sin      m_ws.l(sin_i.o)
    0x08003c50   0x08003c50   0x00000010   Code   RO          790    i.__mathlib_dbl_divzero  m_ws.l(dunder.o)
    0x08003c60   0x08003c60   0x00000006   Code   RO          791    i.__mathlib_dbl_infnan  m_ws.l(dunder.o)
    0x08003c66   0x08003c66   0x00000004   Code   RO          792    i.__mathlib_dbl_infnan2  m_ws.l(dunder.o)
    0x08003c6a   0x08003c6a   0x0000000c   Code   RO          793    i.__mathlib_dbl_invalid  m_ws.l(dunder.o)
    0x08003c76   0x08003c76   0x0000000e   Code   RO          794    i.__mathlib_dbl_overflow  m_ws.l(dunder.o)
    0x08003c84   0x08003c84   0x00000010   Code   RO          796    i.__mathlib_dbl_underflow  m_ws.l(dunder.o)
    0x08003c94   0x08003c94   0x0000000e   Code   RO          871    i.__scatterload_copy  mc_w.l(handlers.o)
    0x08003ca2   0x08003ca2   0x00000002   Code   RO          872    i.__scatterload_null  mc_w.l(handlers.o)
    0x08003ca4   0x08003ca4   0x0000000e   Code   RO          873    i.__scatterload_zeroinit  mc_w.l(handlers.o)
    0x08003cb2   0x08003cb2   0x00000002   PAD
    0x08003cb4   0x08003cb4   0x0000000c   Code   RO          847    i.__set_errno       mc_w.l(errno.o)
    0x08003cc0   0x08003cc0   0x00000184   Code   RO          736    i._fp_digits        mc_w.l(printfa.o)
    0x08003e44   0x08003e44   0x000006dc   Code   RO          737    i._printf_core      mc_w.l(printfa.o)
    0x08004520   0x08004520   0x00000024   Code   RO          738    i._printf_post_padding  mc_w.l(printfa.o)
    0x08004544   0x08004544   0x0000002e   Code   RO          739    i._printf_pre_padding  mc_w.l(printfa.o)
    0x08004572   0x08004572   0x0000000a   Code   RO          741    i._sputc            mc_w.l(printfa.o)
    0x0800457c   0x0800457c   0x0000009c   Code   RO          458    i.cos               m_ws.l(cos.o)
    0x08004618   0x08004618   0x000009d8   Code   RO          466    i.pow               m_ws.l(pow.o)
    0x08004ff0   0x08004ff0   0x000000a0   Code   RO          476    i.sin               m_ws.l(sin.o)
    0x08005090   0x08005090   0x0000004c   Code   RO          484    i.sqrt              m_ws.l(sqrt.o)
    0x080050dc   0x080050dc   0x00000004   PAD
    0x080050e0   0x080050e0   0x00000088   Data   RO          467    .constdata          m_ws.l(pow.o)
    0x08005168   0x08005168   0x00000030   Data   RO          788    .constdata          m_ws.l(cos_i.o)
    0x08005198   0x08005198   0x00000008   Data   RO          808    .constdata          m_ws.l(qnan.o)
    0x080051a0   0x080051a0   0x000000c8   Data   RO          811    .constdata          m_ws.l(rred.o)
    0x08005268   0x08005268   0x00000028   Data   RO          815    .constdata          m_ws.l(sin_i.o)
    0x08005290   0x08005290   0x00000020   Data   RO          869    Region$$Table       anon$$obj.o


    Execution Region RW_IRAM1 (Exec base: 0x20000000, Load base: 0x080052b0, Size: 0x00001f48, Max: 0x00010000, ABSOLUTE)

    Exec Addr    Load Addr    Size         Type   Attr      Idx    E Section Name        Object

    0x20000000   0x080052b0   0x00000009   Data   RW            2    .data               stm32f10x_it.o
    0x20000009   0x080052b9   0x00000003   PAD
    0x2000000c   0x080052bc   0x00000004   Data   RW           63    .data               main.o
    0x20000010   0x080052c0   0x00000014   Data   RW          112    .data               stm32f10x_rcc.o
    0x20000024   0x080052d4   0x00000014   Data   RW          300    .data               system_stm32f10x.o
    0x20000038   0x080052e8   0x00000001   Data   RW          325    .data               bsp.o
    0x20000039   0x080052e9   0x00000001   PAD
    0x2000003a   0x080052ea   0x00000004   Data   RW          428    .data               delay.o
    0x2000003e   0x080052ee   0x00000002   PAD
    0x20000040   0x080052f0   0x00000004   Data   RW          848    .data               mc_w.l(errno.o)
    0x20000044        -       0x00000300   Zero   RW          373    .bss                dsp_asm.o
    0x20000344   0x080052f4   0x00000004   PAD
    0x20000348        -       0x00001800   Zero   RW          398    .bss                dsp_g2.o
    0x20001b48        -       0x00000400   Zero   RW          317    STACK               startup_stm32f10x_cl.o


==============================================================================

Image component sizes


      Code (inc. data)   RO Data    RW Data    ZI Data      Debug   Object Name

       240         10          0          1          0       1483   bsp.o
         0          0          0          0          0         32   core_cm3.o
       718        240          0          0          0        348   cr4_fft_64_stm32.o
       212         18          0          4          0        991   delay.o
       548         68          0          0        768       2311   dsp_asm.o
       588         70          0          0       6144       1673   dsp_g2.o
       732          6          0          0          0       2005   fft2.o
       544        128          0          4          0     239626   main.o
       220         22          0          0          0       3641   misc.o
        36          8        336          0       1024        872   startup_stm32f10x_cl.o
      1102         26          0          0          0      20257   stm32f10x_adc.o
      1492         34          0          0          0      14766   stm32f10x_flash.o
       860         38          0          0          0      14025   stm32f10x_gpio.o
        96         16          0          9          0     240067   stm32f10x_it.o
      1284         64          0         20          0      24818   stm32f10x_rcc.o
         0          0          0          0          0      13384   stm32f10x_rtc.o
      1032         22          0          0          0      14676   stm32f10x_usart.o
       632         44          0         20          0       2091   system_stm32f10x.o
       668         26          0          0          0       2938   usart1.o

    ----------------------------------------------------------------------
     11008        842        368         64       7940     600004   Object Totals
         0          0         32          0          0          0   (incl. Generated)
         4          2          0          6          4          0   (incl. Padding)

    ----------------------------------------------------------------------

      Code (inc. data)   RO Data    RW Data    ZI Data      Debug   Library Member Name

       156          8          0          0          0        104   cos.o
       252         22         48          0          0        124   cos_i.o
        68         10          0          0          0        408   dunder.o
        40          0          0          0          0         68   fpclassify.o
       170          0          0          0          0         96   poly.o
      2520        190        136          0          0        324   pow.o
         0          0          8          0          0          0   qnan.o
       904         76        200          0          0        140   rred.o
       160         10          0          0          0        108   sin.o
       236         12         40          0          0        128   sin_i.o
        76          0          0          0          0         84   sqrt.o
         0          0          0          0          0          0   entry.o
         0          0          0          0          0          0   entry10a.o
         0          0          0          0          0          0   entry11a.o
         8          4          0          0          0          0   entry2.o
         4          0          0          0          0          0   entry5.o
         0          0          0          0          0          0   entry7b.o
         0          0          0          0          0          0   entry8b.o
         8          4          0          0          0          0   entry9a.o
        12          6          0          4          0         68   errno.o
        30          0          0          0          0          0   handlers.o
        36          8          0          0          0         68   init.o
         0          0          0          0          0          0   iusefp.o
        30          0          0          0          0         68   llshl.o
        36          0          0          0          0         68   llsshr.o
        32          0          0          0          0         68   llushr.o
        36          0          0          0          0        108   memseta.o
      2276         86          0          0          0        520   printfa.o
        44          0          0          0          0         80   uidiv.o
        98          0          0          0          0         92   uldiv.o
        48          0          0          0          0         68   cdrcmple.o
        56          0          0          0          0         88   d2f.o
       334          0          0          0          0        148   dadd.o
       222          0          0          0          0        100   ddiv.o
       186          0          0          0          0        176   depilogue.o
        62          0          0          0          0         80   dfixi.o
        48          0          0          0          0         68   dfixul.o
        34          0          0          0          0         76   dflti.o
        26          0          0          0          0         76   dfltui.o
       228          0          0          0          0         96   dmul.o
        46          0          0          0          0         80   dscalb.o
       162          0          0          0          0        100   dsqrt.o
        38          0          0          0          0         68   f2d.o
       176          0          0          0          0        140   fadd.o
       124          0          0          0          0         88   fdiv.o
       110          0          0          0          0        168   fepilogue.o
        50          0          0          0          0         68   ffixi.o
        40          0          0          0          0         68   ffixui.o
        18          0          0          0          0         68   fflti.o
        10          0          0          0          0         68   ffltui.o
       100          0          0          0          0         76   fmul.o

    ----------------------------------------------------------------------
      9360        436        432          4          0       4692   Library Totals
        10          0          0          0          0          0   (incl. Padding)

    ----------------------------------------------------------------------

      Code (inc. data)   RO Data    RW Data    ZI Data      Debug   Library Name

      4582        328        432          0          0       1584   m_ws.l
      2650        108          0          4          0       1140   mc_w.l
      2118          0          0          0          0       1968   mf_w.l

    ----------------------------------------------------------------------
      9360        436        432          4          0       4692   Library Totals

    ----------------------------------------------------------------------

==============================================================================


      Code (inc. data)   RO Data    RW Data    ZI Data      Debug   

     20368       1278        800         68       7940     600896   Grand Totals
     20368       1278        800         68       7940     600896   ELF Image Totals
     20368       1278        800         68          0          0   ROM Totals

==============================================================================

    Total RO  Size (Code + RO Data)                21168 (  20.67kB)
    Total RW  Size (RW Data + ZI Data)              8008 (   7.82kB)
    Total ROM Size (Code + RO Data + RW Data)      21236 (  20.74kB)

==============================================================================

