<html>
<body>
<pre>
<h1>礦ision Build Log</h1>
<h2>Tool Versions:</h2>
IDE-Version: μVision V5.24.2.0
Copyright (C) 2017 ARM Ltd and ARM Germany GmbH. All rights reserved.
License Information: ABC ABC, ABC, LIC=14HLQ-NVGUI-W28LL-00PSK-8EHBI-76H5W
 
Tool Versions:
Toolchain:       MDK-ARM Plus  Version: 5.24.1
Toolchain Path:  C:\Keil_v5\ARM\ARMCC\Bin
C Compiler:      Armcc.exe V5.06 update 5 (build 528)
Assembler:       Armasm.exe V5.06 update 5 (build 528)
Linker/Locator:  ArmLink.exe V5.06 update 5 (build 528)
Library Manager: ArmAr.exe V5.06 update 5 (build 528)
Hex Converter:   FromElf.exe V5.06 update 5 (build 528)
CPU DLL:         SARMCM3.DLL V5.24.1
Dialog DLL:      DARMSTM.DLL V1.68.0.0
Target DLL:      Segger\JL2CM3.dll V2.99.26.0
Dialog DLL:      TARMSTM.DLL V1.66.0.0
 
<h2>Project:</h2>
C:\Users\ABC\Downloads\modbus实验\USER\Template.uvprojx
Project File Date:  08/11/2017

<h2>Output:</h2>
*** Using Compiler 'V5.06 update 5 (build 528)', folder: 'C:\Keil_v5\ARM\ARMCC\Bin'
Build target 'Template'
compiling main.c...
main.c(52): warning:  #223-D: function "TIM4_Int_Init" declared implicitly
  		TIM4_Int_Init(149,149);//定时器4设置50hz的计数频率20/64ms中断一次
main.c(57): warning:  #223-D: function "dsp_asm_init" declared implicitly
  		dsp_asm_init();
main.c(82): warning:  #167-D: argument of type "u8 *" is incompatible with parameter of type "char *restrict"
  				sprintf(tempstring,"%.2f\r\n\0",ADC_DATA[i]);
main.c(96): warning:  #128-D: loop is not reachable
      while(1)
main.c(41): warning:  #177-D: variable "adcx"  was declared but never referenced
  		u16 adcx;			
main.c(42): warning:  #177-D: variable "cx"  was declared but never referenced
  		u16 cx;		
main.c(43): warning:  #177-D: variable "temp"  was declared but never referenced
  		float temp = 0.0;
main.c: 7 warnings, 0 errors
linking...
Program Size: Code=27544 RO-data=944 RW-data=84 ZI-data=6956  
FromELF: creating hex file...
"..\OBJ\Template.axf" - 0 Error(s), 7 Warning(s).

<h2>Software Packages used:</h2>

Package Vendor: Keil
                http://www.keil.com/pack/Keil.STM32F1xx_DFP.1.0.5.pack
                Keil.STM32F1xx_DFP.1.0.5
                STMicroelectronics STM32F1 Series Device Support, Drivers and Examples

<h2>Collection of Component include folders:</h2>
  .\RTE\_Template
  C:\Keil_v5\ARM\PACK\Keil\STM32F1xx_DFP\1.0.5\Device\Include

<h2>Collection of Component Files used:</h2>
Build Time Elapsed:  00:00:01
</pre>
</body>
</html>
