Component: ARM Compiler 5.06 update 5 (build 528) Tool: armlink [4d35e2]

==============================================================================

Section Cross References

    main.o(.text) refers to _printf_percent.o(.ARM.Collect$$_printf_percent$$00000000) for _printf_percent
    main.o(.text) refers to _printf_f.o(.ARM.Collect$$_printf_percent$$00000003) for _printf_f
    main.o(.text) refers to printf1.o(x$fpl$printf1) for _printf_fp_dec
    main.o(.text) refers to stm32f10x_usart.o(.text) for USART_SendData
    main.o(.text) refers to rt_memclr_w.o(.text) for __aeabi_memclr4
    main.o(.text) refers to dsp_asm.o(.text) for InitBufInArray
    main.o(.text) refers to delay.o(.text) for delay_init
    main.o(.text) refers to adc.o(.text) for Adc_Init
    main.o(.text) refers to led.o(.text) for LED_Init
    main.o(.text) refers to misc.o(.text) for NVIC_PriorityGroupConfig
    main.o(.text) refers to usart.o(.text) for uart_init
    main.o(.text) refers to timer.o(.text) for TIM3_Int_Init
    main.o(.text) refers to f2d.o(x$fpl$f2d) for __aeabi_f2d
    main.o(.text) refers to noretval__2sprintf.o(.text) for __2sprintf
    main.o(.text) refers to dsp_g2.o(.text) for dsp_g2_test
    main.o(.text) refers to stm32f10x_tim.o(.text) for TIM_Cmd
    main.o(.text) refers to timer.o(.data) for Flag_Can_Do_FFT
    main.o(.text) refers to timer.o(.bss) for ADC_DATA
    system_stm32f10x.o(.text) refers to system_stm32f10x.o(.data) for SystemCoreClock
    startup_stm32f10x_hd.o(STACK) refers (Special) to heapauxi.o(.text) for __use_two_region_memory
    startup_stm32f10x_hd.o(HEAP) refers (Special) to heapauxi.o(.text) for __use_two_region_memory
    startup_stm32f10x_hd.o(RESET) refers (Special) to heapauxi.o(.text) for __use_two_region_memory
    startup_stm32f10x_hd.o(RESET) refers to startup_stm32f10x_hd.o(STACK) for __initial_sp
    startup_stm32f10x_hd.o(RESET) refers to startup_stm32f10x_hd.o(.text) for Reset_Handler
    startup_stm32f10x_hd.o(RESET) refers to stm32f10x_it.o(.text) for NMI_Handler
    startup_stm32f10x_hd.o(RESET) refers to timer.o(.text) for TIM3_IRQHandler
    startup_stm32f10x_hd.o(RESET) refers to usart.o(.text) for USART1_IRQHandler
    startup_stm32f10x_hd.o(.text) refers (Special) to heapauxi.o(.text) for __use_two_region_memory
    startup_stm32f10x_hd.o(.text) refers to system_stm32f10x.o(.text) for SystemInit
    startup_stm32f10x_hd.o(.text) refers to __main.o(!!!main) for __main
    startup_stm32f10x_hd.o(.text) refers to startup_stm32f10x_hd.o(HEAP) for Heap_Mem
    startup_stm32f10x_hd.o(.text) refers to startup_stm32f10x_hd.o(STACK) for Stack_Mem
    stm32f10x_adc.o(.text) refers to stm32f10x_rcc.o(.text) for RCC_APB2PeriphResetCmd
    stm32f10x_bkp.o(.text) refers to stm32f10x_rcc.o(.text) for RCC_BackupResetCmd
    stm32f10x_can.o(.text) refers to stm32f10x_rcc.o(.text) for RCC_APB1PeriphResetCmd
    stm32f10x_cec.o(.text) refers to stm32f10x_rcc.o(.text) for RCC_APB1PeriphResetCmd
    stm32f10x_dac.o(.text) refers to stm32f10x_rcc.o(.text) for RCC_APB1PeriphResetCmd
    stm32f10x_gpio.o(.text) refers to stm32f10x_rcc.o(.text) for RCC_APB2PeriphResetCmd
    stm32f10x_i2c.o(.text) refers to stm32f10x_rcc.o(.text) for RCC_APB1PeriphResetCmd
    stm32f10x_pwr.o(.text) refers to stm32f10x_rcc.o(.text) for RCC_APB1PeriphResetCmd
    stm32f10x_rcc.o(.text) refers to stm32f10x_rcc.o(.data) for APBAHBPrescTable
    stm32f10x_spi.o(.text) refers to stm32f10x_rcc.o(.text) for RCC_APB2PeriphResetCmd
    stm32f10x_tim.o(.text) refers to stm32f10x_rcc.o(.text) for RCC_APB2PeriphResetCmd
    stm32f10x_usart.o(.text) refers to stm32f10x_rcc.o(.text) for RCC_APB2PeriphResetCmd
    stm32f10x_wwdg.o(.text) refers to stm32f10x_rcc.o(.text) for RCC_APB1PeriphResetCmd
    delay.o(.text) refers to misc.o(.text) for SysTick_CLKSourceConfig
    delay.o(.text) refers to system_stm32f10x.o(.data) for SystemCoreClock
    delay.o(.text) refers to delay.o(.data) for fac_us
    usart.o(.text) refers (Special) to use_no_semi_2.o(.text) for __use_no_semihosting
    usart.o(.text) refers to stm32f10x_rcc.o(.text) for RCC_APB2PeriphClockCmd
    usart.o(.text) refers to stm32f10x_gpio.o(.text) for GPIO_Init
    usart.o(.text) refers to misc.o(.text) for NVIC_Init
    usart.o(.text) refers to stm32f10x_usart.o(.text) for USART_Init
    usart.o(.text) refers to led.o(.text) for led_display
    usart.o(.text) refers to stm32f10x_tim.o(.text) for TIM_Cmd
    usart.o(.text) refers to usart.o(.data) for Rcv_Len
    usart.o(.text) refers to usart.o(.bss) for USART_RX_BUF
    usart.o(.bss) refers (Special) to use_no_semi_2.o(.text) for __use_no_semihosting
    usart.o(.data) refers (Special) to use_no_semi_2.o(.text) for __use_no_semihosting
    adc.o(.text) refers to stm32f10x_rcc.o(.text) for RCC_APB2PeriphClockCmd
    adc.o(.text) refers to stm32f10x_gpio.o(.text) for GPIO_Init
    adc.o(.text) refers to stm32f10x_adc.o(.text) for ADC_DeInit
    adc.o(.text) refers to delay.o(.text) for delay_ms
[...]
    CL$$btod_d2e                             0x08003e94   Section       62  btod.o(CL$$btod_d2e)
    CL$$btod_d2e_denorm_low                  0x08003ed2   Section       70  btod.o(CL$$btod_d2e_denorm_low)
    CL$$btod_d2e_norm_op1                    0x08003f18   Section       96  btod.o(CL$$btod_d2e_norm_op1)
    CL$$btod_div_common                      0x08003f78   Section      824  btod.o(CL$$btod_div_common)
    CL$$btod_e2e                             0x080042b0   Section      220  btod.o(CL$$btod_e2e)
    CL$$btod_ediv                            0x0800438c   Section       42  btod.o(CL$$btod_ediv)
    CL$$btod_emul                            0x080043b6   Section       42  btod.o(CL$$btod_emul)
    CL$$btod_mult_common                     0x080043e0   Section      580  btod.o(CL$$btod_mult_common)
    i.__ARM_fpclassify                       0x08004624   Section        0  fpclassify.o(i.__ARM_fpclassify)
    i.__ieee754_rem_pio2                     0x0800464c   Section        0  rred.o(i.__ieee754_rem_pio2)
    i.__kernel_cos                           0x080049d4   Section        0  cos_i.o(i.__kernel_cos)
    i.__kernel_poly                          0x08004ad0   Section        0  poly.o(i.__kernel_poly)
    i.__kernel_sin                           0x08004b7c   Section        0  sin_i.o(i.__kernel_sin)
    i.__mathlib_dbl_divzero                  0x08004c68   Section        0  dunder.o(i.__mathlib_dbl_divzero)
    i.__mathlib_dbl_infnan                   0x08004c78   Section        0  dunder.o(i.__mathlib_dbl_infnan)
    i.__mathlib_dbl_infnan2                  0x08004c7e   Section        0  dunder.o(i.__mathlib_dbl_infnan2)
    i.__mathlib_dbl_invalid                  0x08004c82   Section        0  dunder.o(i.__mathlib_dbl_invalid)
    i.__mathlib_dbl_overflow                 0x08004c8e   Section        0  dunder.o(i.__mathlib_dbl_overflow)
    i.__mathlib_dbl_underflow                0x08004c9c   Section        0  dunder.o(i.__mathlib_dbl_underflow)
    i._is_digit                              0x08004cac   Section        0  __printf_wp.o(i._is_digit)
    i.cos                                    0x08004cbc   Section        0  cos.o(i.cos)
    i.pow                                    0x08004d58   Section        0  pow.o(i.pow)
    i.sin                                    0x08005730   Section        0  sin.o(i.sin)
    i.sqrt                                   0x080057d0   Section        0  sqrt.o(i.sqrt)
    locale$$code                             0x0800581c   Section       44  lc_numeric_c.o(locale$$code)
    x$fpl$d2f                                0x08005848   Section       98  d2f.o(x$fpl$d2f)
    x$fpl$dadd                               0x080058ac   Section      336  daddsub_clz.o(x$fpl$dadd)
    _dadd1                                   0x080058bd   Thumb Code     0  daddsub_clz.o(x$fpl$dadd)
    x$fpl$dcheck1                            0x080059fc   Section       16  dcheck1.o(x$fpl$dcheck1)
    x$fpl$dcmpinf                            0x08005a0c   Section       24  dcmpi.o(x$fpl$dcmpinf)
    x$fpl$ddiv                               0x08005a24   Section      688  ddiv.o(x$fpl$ddiv)
    ddiv_entry                               0x08005a2b   Thumb Code     0  ddiv.o(x$fpl$ddiv)
    x$fpl$dfix                               0x08005cd4   Section       94  dfix.o(x$fpl$dfix)
    x$fpl$dflt                               0x08005d32   Section       46  dflt_clz.o(x$fpl$dflt)
    x$fpl$dfltu                              0x08005d60   Section       38  dflt_clz.o(x$fpl$dfltu)
    x$fpl$dleqf                              0x08005d88   Section      120  dleqf.o(x$fpl$dleqf)
    x$fpl$dmul                               0x08005e00   Section      340  dmul.o(x$fpl$dmul)
    x$fpl$dnaninf                            0x08005f54   Section      156  dnaninf.o(x$fpl$dnaninf)
    x$fpl$dretinf                            0x08005ff0   Section       12  dretinf.o(x$fpl$dretinf)
    x$fpl$drleqf                             0x08005ffc   Section      108  drleqf.o(x$fpl$drleqf)
    x$fpl$drsb                               0x08006068   Section       22  daddsub_clz.o(x$fpl$drsb)
    x$fpl$dsqrt                              0x08006080   Section      460  dsqrt_noumaal.o(x$fpl$dsqrt)
    x$fpl$dsub                               0x0800624c   Section      468  daddsub_clz.o(x$fpl$dsub)
    _dsub1                                   0x0800625d   Thumb Code     0  daddsub_clz.o(x$fpl$dsub)
    x$fpl$f2d                                0x08006420   Section       86  f2d.o(x$fpl$f2d)
    x$fpl$fadd                               0x08006478   Section      196  faddsub_clz.o(x$fpl$fadd)
    _fadd1                                   0x08006487   Thumb Code     0  faddsub_clz.o(x$fpl$fadd)
    x$fpl$fdiv                               0x0800653c   Section      388  fdiv.o(x$fpl$fdiv)
    _fdiv1                                   0x0800653d   Thumb Code     0  fdiv.o(x$fpl$fdiv)
    x$fpl$ffix                               0x080066c0   Section       54  ffix.o(x$fpl$ffix)
    x$fpl$fflt                               0x080066f8   Section       48  fflt_clz.o(x$fpl$fflt)
    x$fpl$ffltu                              0x08006728   Section       38  fflt_clz.o(x$fpl$ffltu)
    x$fpl$fmul                               0x08006750   Section      258  fmul.o(x$fpl$fmul)
    x$fpl$fnaninf                            0x08006852   Section      140  fnaninf.o(x$fpl$fnaninf)
    x$fpl$fretinf                            0x080068de   Section       10  fretinf.o(x$fpl$fretinf)
    x$fpl$fsub                               0x080068e8   Section      234  faddsub_clz.o(x$fpl$fsub)
    _fsub1                                   0x080068f7   Thumb Code     0  faddsub_clz.o(x$fpl$fsub)
    x$fpl$printf1                            0x080069d2   Section        4  printf1.o(x$fpl$printf1)
    x$fpl$retnan                             0x080069d6   Section      100  retnan.o(x$fpl$retnan)
    x$fpl$scalbn                             0x08006a3a   Section       92  scalbn.o(x$fpl$scalbn)
    x$fpl$trapveneer                         0x08006a96   Section       48  trapv.o(x$fpl$trapveneer)
    x$fpl$usenofp                            0x08006ac6   Section        0  usenofp.o(x$fpl$usenofp)
    .constdata                               0x08006ac8   Section      136  pow.o(.constdata)
    bp                                       0x08006ac8   Data          16  pow.o(.constdata)
    dp_h                                     0x08006ad8   Data          16  pow.o(.constdata)
    dp_l                                     0x08006ae8   Data          16  pow.o(.constdata)
    L                                        0x08006af8   Data          48  pow.o(.constdata)
    P                                        0x08006b28   Data          40  pow.o(.constdata)
    .constdata                               0x08006b50   Section       48  cos_i.o(.constdata)
    C                                        0x08006b50   Data          48  cos_i.o(.constdata)
    .constdata                               0x08006b80   Section        8  qnan.o(.constdata)
    .constdata                               0x08006b88   Section      200  rred.o(.constdata)
    pio2s                                    0x08006b88   Data          48  rred.o(.constdata)
    twooverpi                                0x08006bb8   Data         152  rred.o(.constdata)
    .constdata                               0x08006c50   Section       40  sin_i.o(.constdata)
    S                                        0x08006c50   Data          40  sin_i.o(.constdata)
    .constdata                               0x08006c78   Section      148  bigflt0.o(.constdata)
    tenpwrs_x                                0x08006c78   Data          60  bigflt0.o(.constdata)
    tenpwrs_i                                0x08006cb4   Data          64  bigflt0.o(.constdata)
    locale$$data                             0x08006d2c   Section       28  lc_numeric_c.o(locale$$data)
    __lcnum_c_name                           0x08006d30   Data           2  lc_numeric_c.o(locale$$data)
    __lcnum_c_start                          0x08006d38   Data           0  lc_numeric_c.o(locale$$data)
    __lcnum_c_point                          0x08006d44   Data           0  lc_numeric_c.o(locale$$data)
    __lcnum_c_thousands                      0x08006d46   Data           0  lc_numeric_c.o(locale$$data)
    __lcnum_c_grouping                       0x08006d47   Data           0  lc_numeric_c.o(locale$$data)
    __lcnum_c_end                            0x08006d48   Data           0  lc_numeric_c.o(locale$$data)
    .data                                    0x20000000   Section       20  system_stm32f10x.o(.data)
    .data                                    0x20000014   Section       20  stm32f10x_rcc.o(.data)
    APBAHBPrescTable                         0x20000014   Data          16  stm32f10x_rcc.o(.data)
    ADCPrescTable                            0x20000024   Data           4  stm32f10x_rcc.o(.data)
    .data                                    0x20000028   Section        4  delay.o(.data)
    fac_us                                   0x20000028   Data           1  delay.o(.data)
    fac_ms                                   0x2000002a   Data           2  delay.o(.data)
    .data                                    0x2000002c   Section       26  usart.o(.data)
    .data                                    0x20000048   Section       12  timer.o(.data)
    .bss                                     0x20000054   Section      200  usart.o(.bss)
    .bss                                     0x2000011c   Section      256  timer.o(.bss)
    .bss                                     0x20000220   Section     1792  dsp_g2.o(.bss)
    .bss                                     0x20000920   Section      768  dsp_asm.o(.bss)
    .bss                                     0x20000c20   Section       96  libspace.o(.bss)
    HEAP                                     0x20000c80   Section      512  startup_stm32f10x_hd.o(HEAP)
    Heap_Mem                                 0x20000c80   Data         512  startup_stm32f10x_hd.o(HEAP)
    STACK                                    0x20000e80   Section     1024  startup_stm32f10x_hd.o(STACK)
    Stack_Mem                                0x20000e80   Data        1024  startup_stm32f10x_hd.o(STACK)
    __initial_sp                             0x20001280   Data           0  startup_stm32f10x_hd.o(STACK)

    Global Symbols

    Symbol Name                              Value     Ov Type        Size  Object(Section)

    BuildAttributes$$THM_ISAv4$P$D$K$B$S$PE$A:L22UL41UL21$X:L11$S22US41US21$IEEE1$IW$USESV6$~STKCKD$USESV7$~SHL$OTIME$ROPI$IEEEX$EBA8$UX$STANDARDLIB$REQ8$PRES8$EABIv2 0x00000000   Number         0  anon$$obj.o ABSOLUTE
    __ARM_use_no_argv                        0x00000000   Number         0  main.o ABSOLUTE
    _printf_flags                            0x00000000   Number         0  printf_stubs.o ABSOLUTE
    _printf_return_value                     0x00000000   Number         0  printf_stubs.o ABSOLUTE
    _printf_sizespec                         0x00000000   Number         0  printf_stubs.o ABSOLUTE
    _printf_widthprec                        0x00000000   Number         0  printf_stubs.o ABSOLUTE
    __ARM_exceptions_init                     - Undefined Weak Reference
    __alloca_initialize                       - Undefined Weak Reference
    __arm_preinit_                            - Undefined Weak Reference
    __cpp_initialize__aeabi_                  - Undefined Weak Reference
    __cxa_finalize                            - Undefined Weak Reference
    __sigvec_lookup                           - Undefined Weak Reference
    _atexit_init                              - Undefined Weak Reference
    _call_atexit_fns                          - Undefined Weak Reference
    _clock_init                               - Undefined Weak Reference
    _fp_trap_init                             - Undefined Weak Reference
    _fp_trap_shutdown                         - Undefined Weak Reference
    _get_lc_collate                           - Undefined Weak Reference
    _get_lc_ctype                             - Undefined Weak Reference
    _get_lc_monetary                          - Undefined Weak Reference
    _get_lc_time                              - Undefined Weak Reference
    _getenv_init                              - Undefined Weak Reference
    _handle_redirection                       - Undefined Weak Reference
    _init_alloc                               - Undefined Weak Reference
    _init_user_alloc                          - Undefined Weak Reference
    _initio                                   - Undefined Weak Reference
    _printf_post_padding                      - Undefined Weak Reference
    _printf_pre_padding                       - Undefined Weak Reference
    _printf_truncate_signed                   - Undefined Weak Reference
    _printf_truncate_unsigned                 - Undefined Weak Reference
    _rand_init                                - Undefined Weak Reference
    _signal_finish                            - Undefined Weak Reference
    _signal_init                              - Undefined Weak Reference
    _terminate_alloc                          - Undefined Weak Reference
    _terminate_user_alloc                     - Undefined Weak Reference
    _terminateio                              - Undefined Weak Reference
    __Vectors_Size                           0x00000130   Number         0  startup_stm32f10x_hd.o ABSOLUTE
    __Vectors                                0x08000000   Data           4  startup_stm32f10x_hd.o(RESET)
    __Vectors_End                            0x08000130   Data           0  startup_stm32f10x_hd.o(RESET)
    __main                                   0x08000131   Thumb Code     8  __main.o(!!!main)
    __scatterload                            0x08000139   Thumb Code     0  __scatter.o(!!!scatter)
    __scatterload_rt2                        0x08000139   Thumb Code    44  __scatter.o(!!!scatter)
    __scatterload_rt2_thumb_only             0x08000139   Thumb Code     0  __scatter.o(!!!scatter)
    __scatterload_null                       0x08000147   Thumb Code     0  __scatter.o(!!!scatter)
    __scatterload_copy                       0x0800016d   Thumb Code    26  __scatter_copy.o(!!handler_copy)
    __scatterload_zeroinit                   0x08000189   Thumb Code    28  __scatter_zi.o(!!handler_zi)
    _printf_f                                0x080001a5   Thumb Code     0  _printf_f.o(.ARM.Collect$$_printf_percent$$00000003)
    _printf_percent                          0x080001a5   Thumb Code     0  _printf_percent.o(.ARM.Collect$$_printf_percent$$00000000)
    _printf_d                                0x080001ab   Thumb Code     0  _printf_d.o(.ARM.Collect$$_printf_percent$$00000009)
    _printf_percent_end                      0x080001b1   Thumb Code     0  _printf_percent_end.o(.ARM.Collect$$_printf_percent$$00000017)
    __rt_lib_init                            0x080001b5   Thumb Code     0  libinit.o(.ARM.Collect$$libinit$$00000000)
    __rt_lib_init_fp_1                       0x080001b7   Thumb Code     0  libinit2.o(.ARM.Collect$$libinit$$00000002)
    __rt_lib_init_heap_1                     0x080001b7   Thumb Code     0  libinit2.o(.ARM.Collect$$libinit$$0000000A)
    __rt_lib_init_lc_common                  0x080001b7   Thumb Code     0  libinit2.o(.ARM.Collect$$libinit$$0000000F)
    __rt_lib_init_preinit_1                  0x080001b7   Thumb Code     0  libinit2.o(.ARM.Collect$$libinit$$00000004)
    __rt_lib_init_rand_1                     0x080001b7   Thumb Code     0  libinit2.o(.ARM.Collect$$libinit$$0000000E)
    __rt_lib_init_user_alloc_1               0x080001b7   Thumb Code     0  libinit2.o(.ARM.Collect$$libinit$$0000000C)
    __rt_lib_init_lc_collate_1               0x080001bd   Thumb Code     0  libinit2.o(.ARM.Collect$$libinit$$00000011)
    __rt_lib_init_lc_ctype_1                 0x080001bd   Thumb Code     0  libinit2.o(.ARM.Collect$$libinit$$00000013)
    __rt_lib_init_lc_monetary_1              0x080001bd   Thumb Code     0  libinit2.o(.ARM.Collect$$libinit$$00000015)
    __rt_lib_init_lc_numeric_2               0x080001bd   Thumb Code     0  libinit2.o(.ARM.Collect$$libinit$$00000016)
    __rt_lib_init_alloca_1                   0x080001c7   Thumb Code     0  libinit2.o(.ARM.Collect$$libinit$$0000002E)
    __rt_lib_init_argv_1                     0x080001c7   Thumb Code     0  libinit2.o(.ARM.Collect$$libinit$$0000002C)
    __rt_lib_init_atexit_1                   0x080001c7   Thumb Code     0  libinit2.o(.ARM.Collect$$libinit$$0000001B)
    __rt_lib_init_clock_1                    0x080001c7   Thumb Code     0  libinit2.o(.ARM.Collect$$libinit$$00000021)
    __rt_lib_init_cpp_1                      0x080001c7   Thumb Code     0  libinit2.o(.ARM.Collect$$libinit$$00000032)
    __rt_lib_init_exceptions_1               0x080001c7   Thumb Code     0  libinit2.o(.ARM.Collect$$libinit$$00000030)
    __rt_lib_init_fp_trap_1                  0x080001c7   Thumb Code     0  libinit2.o(.ARM.Collect$$libinit$$0000001F)
    __rt_lib_init_getenv_1                   0x080001c7   Thumb Code     0  libinit2.o(.ARM.Collect$$libinit$$00000023)
    __rt_lib_init_lc_numeric_1               0x080001c7   Thumb Code     0  libinit2.o(.ARM.Collect$$libinit$$00000017)
    __rt_lib_init_lc_time_1                  0x080001c7   Thumb Code     0  libinit2.o(.ARM.Collect$$libinit$$00000019)
    __rt_lib_init_return                     0x080001c7   Thumb Code     0  libinit2.o(.ARM.Collect$$libinit$$00000033)
    __rt_lib_init_signal_1                   0x080001c7   Thumb Code     0  libinit2.o(.ARM.Collect$$libinit$$0000001D)
    __rt_lib_init_stdio_1                    0x080001c7   Thumb Code     0  libinit2.o(.ARM.Collect$$libinit$$00000025)
    __rt_lib_shutdown                        0x080001c9   Thumb Code     0  libshutdown.o(.ARM.Collect$$libshutdown$$00000000)
    __rt_lib_shutdown_cpp_1                  0x080001cb   Thumb Code     0  libshutdown2.o(.ARM.Collect$$libshutdown$$00000002)
    __rt_lib_shutdown_fp_trap_1              0x080001cb   Thumb Code     0  libshutdown2.o(.ARM.Collect$$libshutdown$$00000007)
    __rt_lib_shutdown_heap_1                 0x080001cb   Thumb Code     0  libshutdown2.o(.ARM.Collect$$libshutdown$$0000000F)
    __rt_lib_shutdown_return                 0x080001cb   Thumb Code     0  libshutdown2.o(.ARM.Collect$$libshutdown$$00000010)
    __rt_lib_shutdown_signal_1               0x080001cb   Thumb Code     0  libshutdown2.o(.ARM.Collect$$libshutdown$$0000000A)
    __rt_lib_shutdown_stdio_1                0x080001cb   Thumb Code     0  libshutdown2.o(.ARM.Collect$$libshutdown$$00000004)
    __rt_lib_shutdown_user_alloc_1           0x080001cb   Thumb Code     0  libshutdown2.o(.ARM.Collect$$libshutdown$$0000000C)
    __rt_entry                               0x080001cd   Thumb Code     0  __rtentry.o(.ARM.Collect$$rtentry$$00000000)
    __rt_entry_presh_1                       0x080001cd   Thumb Code     0  __rtentry2.o(.ARM.Collect$$rtentry$$00000002)
    __rt_entry_sh                            0x080001cd   Thumb Code     0  __rtentry4.o(.ARM.Collect$$rtentry$$00000004)
    __rt_entry_li                            0x080001d3   Thumb Code     0  __rtentry2.o(.ARM.Collect$$rtentry$$0000000A)
    __rt_entry_postsh_1                      0x080001d3   Thumb Code     0  __rtentry2.o(.ARM.Collect$$rtentry$$00000009)
    __rt_entry_main                          0x080001d7   Thumb Code     0  __rtentry2.o(.ARM.Collect$$rtentry$$0000000D)
    __rt_entry_postli_1                      0x080001d7   Thumb Code     0  __rtentry2.o(.ARM.Collect$$rtentry$$0000000C)
    __rt_exit                                0x080001df   Thumb Code     0  rtexit.o(.ARM.Collect$$rtexit$$00000000)
    __rt_exit_ls                             0x080001e1   Thumb Code     0  rtexit2.o(.ARM.Collect$$rtexit$$00000003)
    __rt_exit_prels_1                        0x080001e1   Thumb Code     0  rtexit2.o(.ARM.Collect$$rtexit$$00000002)
    __rt_exit_exit                           0x080001e5   Thumb Code     0  rtexit2.o(.ARM.Collect$$rtexit$$00000004)
    Uart5_Send_String                        0x080001ed   Thumb Code    80  main.o(.text)
    main                                     0x0800023d   Thumb Code   194  main.o(.text)
    NMI_Handler                              0x08000331   Thumb Code     2  stm32f10x_it.o(.text)
    HardFault_Handler                        0x08000333   Thumb Code     4  stm32f10x_it.o(.text)
    MemManage_Handler                        0x08000337   Thumb Code     4  stm32f10x_it.o(.text)
    BusFault_Handler                         0x0800033b   Thumb Code     4  stm32f10x_it.o(.text)
    UsageFault_Handler                       0x0800033f   Thumb Code     4  stm32f10x_it.o(.text)
    SVC_Handler                              0x08000343   Thumb Code     2  stm32f10x_it.o(.text)
    DebugMon_Handler                         0x08000345   Thumb Code     2  stm32f10x_it.o(.text)
    PendSV_Handler                           0x08000347   Thumb Code     2  stm32f10x_it.o(.text)
    SysTick_Handler                          0x08000349   Thumb Code     2  stm32f10x_it.o(.text)
    SystemInit                               0x0800042b   Thumb Code    78  system_stm32f10x.o(.text)
    SystemCoreClockUpdate                    0x08000479   Thumb Code   142  system_stm32f10x.o(.text)
    Reset_Handler                            0x0800052d   Thumb Code     8  startup_stm32f10x_hd.o(.text)
    ADC1_2_IRQHandler                        0x08000547   Thumb Code     0  startup_stm32f10x_hd.o(.text)
    ADC3_IRQHandler                          0x08000547   Thumb Code     0  startup_stm32f10x_hd.o(.text)
    CAN1_RX1_IRQHandler                      0x08000547   Thumb Code     0  startup_stm32f10x_hd.o(.text)
    CAN1_SCE_IRQHandler                      0x08000547   Thumb Code     0  startup_stm32f10x_hd.o(.text)
    DMA1_Channel1_IRQHandler                 0x08000547   Thumb Code     0  startup_stm32f10x_hd.o(.text)
    DMA1_Channel2_IRQHandler                 0x08000547   Thumb Code     0  startup_stm32f10x_hd.o(.text)
    DMA1_Channel3_IRQHandler                 0x08000547   Thumb Code     0  startup_stm32f10x_hd.o(.text)
    DMA1_Channel4_IRQHandler                 0x08000547   Thumb Code     0  startup_stm32f10x_hd.o(.text)
    DMA1_Channel5_IRQHandler                 0x08000547   Thumb Code     0  startup_stm32f10x_hd.o(.text)
    DMA1_Channel6_IRQHandler                 0x08000547   Thumb Code     0  startup_stm32f10x_hd.o(.text)
    DMA1_Channel7_IRQHandler                 0x08000547   Thumb Code     0  startup_stm32f10x_hd.o(.text)
    DMA2_Channel1_IRQHandler                 0x08000547   Thumb Code     0  startup_stm32f10x_hd.o(.text)
    DMA2_Channel2_IRQHandler                 0x08000547   Thumb Code     0  startup_stm32f10x_hd.o(.text)
    DMA2_Channel3_IRQHandler                 0x08000547   Thumb Code     0  startup_stm32f10x_hd.o(.text)
    DMA2_Channel4_5_IRQHandler               0x08000547   Thumb Code     0  startup_stm32f10x_hd.o(.text)
    EXTI0_IRQHandler                         0x08000547   Thumb Code     0  startup_stm32f10x_hd.o(.text)
    EXTI15_10_IRQHandler                     0x08000547   Thumb Code     0  startup_stm32f10x_hd.o(.text)
    EXTI1_IRQHandler                         0x08000547   Thumb Code     0  startup_stm32f10x_hd.o(.text)
    EXTI2_IRQHandler                         0x08000547   Thumb Code     0  startup_stm32f10x_hd.o(.text)
    EXTI3_IRQHandler                         0x08000547   Thumb Code     0  startup_stm32f10x_hd.o(.text)
    EXTI4_IRQHandler                         0x08000547   Thumb Code     0  startup_stm32f10x_hd.o(.text)
    EXTI9_5_IRQHandler                       0x08000547   Thumb Code     0  startup_stm32f10x_hd.o(.text)
    FLASH_IRQHandler                         0x08000547   Thumb Code     0  startup_stm32f10x_hd.o(.text)
    FSMC_IRQHandler                          0x08000547   Thumb Code     0  startup_stm32f10x_hd.o(.text)
    I2C1_ER_IRQHandler                       0x08000547   Thumb Code     0  startup_stm32f10x_hd.o(.text)
    I2C1_EV_IRQHandler                       0x08000547   Thumb Code     0  startup_stm32f10x_hd.o(.text)
    I2C2_ER_IRQHandler                       0x08000547   Thumb Code     0  startup_stm32f10x_hd.o(.text)
    I2C2_EV_IRQHandler                       0x08000547   Thumb Code     0  startup_stm32f10x_hd.o(.text)
    PVD_IRQHandler                           0x08000547   Thumb Code     0  startup_stm32f10x_hd.o(.text)
    RCC_IRQHandler                           0x08000547   Thumb Code     0  startup_stm32f10x_hd.o(.text)
    RTCAlarm_IRQHandler                      0x08000547   Thumb Code     0  startup_stm32f10x_hd.o(.text)
    RTC_IRQHandler                           0x08000547   Thumb Code     0  startup_stm32f10x_hd.o(.text)
    SDIO_IRQHandler                          0x08000547   Thumb Code     0  startup_stm32f10x_hd.o(.text)
    SPI1_IRQHandler                          0x08000547   Thumb Code     0  startup_stm32f10x_hd.o(.text)
    SPI2_IRQHandler                          0x08000547   Thumb Code     0  startup_stm32f10x_hd.o(.text)
    SPI3_IRQHandler                          0x08000547   Thumb Code     0  startup_stm32f10x_hd.o(.text)
    TAMPER_IRQHandler                        0x08000547   Thumb Code     0  startup_stm32f10x_hd.o(.text)
    TIM1_BRK_IRQHandler                      0x08000547   Thumb Code     0  startup_stm32f10x_hd.o(.text)
    TIM1_CC_IRQHandler                       0x08000547   Thumb Code     0  startup_stm32f10x_hd.o(.text)
    TIM1_TRG_COM_IRQHandler                  0x08000547   Thumb Code     0  startup_stm32f10x_hd.o(.text)
    TIM1_UP_IRQHandler                       0x08000547   Thumb Code     0  startup_stm32f10x_hd.o(.text)
    TIM2_IRQHandler                          0x08000547   Thumb Code     0  startup_stm32f10x_hd.o(.text)
    TIM5_IRQHandler                          0x08000547   Thumb Code     0  startup_stm32f10x_hd.o(.text)
    TIM6_IRQHandler                          0x08000547   Thumb Code     0  startup_stm32f10x_hd.o(.text)
    TIM7_IRQHandler                          0x08000547   Thumb Code     0  startup_stm32f10x_hd.o(.text)
    TIM8_BRK_IRQHandler                      0x08000547   Thumb Code     0  startup_stm32f10x_hd.o(.text)
    TIM8_CC_IRQHandler                       0x08000547   Thumb Code     0  startup_stm32f10x_hd.o(.text)
    TIM8_TRG_COM_IRQHandler                  0x08000547   Thumb Code     0  startup_stm32f10x_hd.o(.text)
    TIM8_UP_IRQHandler                       0x08000547   Thumb Code     0  startup_stm32f10x_hd.o(.text)
    UART4_IRQHandler                         0x08000547   Thumb Code     0  startup_stm32f10x_hd.o(.text)
    USART2_IRQHandler                        0x08000547   Thumb Code     0  startup_stm32f10x_hd.o(.text)
    USART3_IRQHandler                        0x08000547   Thumb Code     0  startup_stm32f10x_hd.o(.text)
    USBWakeUp_IRQHandler                     0x08000547   Thumb Code     0  startup_stm32f10x_hd.o(.text)
    USB_HP_CAN1_TX_IRQHandler                0x08000547   Thumb Code     0  startup_stm32f10x_hd.o(.text)
    USB_LP_CAN1_RX0_IRQHandler               0x08000547   Thumb Code     0  startup_stm32f10x_hd.o(.text)
    WWDG_IRQHandler                          0x08000547   Thumb Code     0  startup_stm32f10x_hd.o(.text)
    __user_initial_stackheap                 0x08000549   Thumb Code     0  startup_stm32f10x_hd.o(.text)
    NVIC_PriorityGroupConfig                 0x0800056d   Thumb Code    10  misc.o(.text)
    NVIC_Init                                0x08000577   Thumb Code   100  misc.o(.text)
    NVIC_SetVectorTable                      0x080005db   Thumb Code    14  misc.o(.text)
    NVIC_SystemLPConfig                      0x080005e9   Thumb Code    34  misc.o(.text)
    SysTick_CLKSourceConfig                  0x0800060b   Thumb Code    40  misc.o(.text)
    ADC_DeInit                               0x08000649   Thumb Code    78  stm32f10x_adc.o(.text)
    ADC_Init                                 0x08000697   Thumb Code    70  stm32f10x_adc.o(.text)
    ADC_StructInit                           0x080006dd   Thumb Code    18  stm32f10x_adc.o(.text)
    ADC_Cmd                                  0x080006ef   Thumb Code    22  stm32f10x_adc.o(.text)
    ADC_DMACmd                               0x08000705   Thumb Code    22  stm32f10x_adc.o(.text)
    ADC_ITConfig                             0x0800071b   Thumb Code    24  stm32f10x_adc.o(.text)
    ADC_ResetCalibration                     0x08000733   Thumb Code    10  stm32f10x_adc.o(.text)
    ADC_GetResetCalibrationStatus            0x0800073d   Thumb Code    20  stm32f10x_adc.o(.text)
    ADC_StartCalibration                     0x08000751   Thumb Code    10  stm32f10x_adc.o(.text)
    ADC_GetCalibrationStatus                 0x0800075b   Thumb Code    20  stm32f10x_adc.o(.text)
    ADC_SoftwareStartConvCmd                 0x0800076f   Thumb Code    22  stm32f10x_adc.o(.text)
    ADC_GetSoftwareStartConvStatus           0x08000785   Thumb Code    20  stm32f10x_adc.o(.text)
    ADC_DiscModeChannelCountConfig           0x08000799   Thumb Code    24  stm32f10x_adc.o(.text)
    ADC_DiscModeCmd                          0x080007b1   Thumb Code    22  stm32f10x_adc.o(.text)
    ADC_RegularChannelConfig                 0x080007c7   Thumb Code   184  stm32f10x_adc.o(.text)
    ADC_ExternalTrigConvCmd                  0x0800087f   Thumb Code    22  stm32f10x_adc.o(.text)
    ADC_GetConversionValue                   0x08000895   Thumb Code     8  stm32f10x_adc.o(.text)
    ADC_GetDualModeConversionValue           0x0800089d   Thumb Code     8  stm32f10x_adc.o(.text)
    ADC_AutoInjectedConvCmd                  0x080008a5   Thumb Code    22  stm32f10x_adc.o(.text)
    ADC_InjectedDiscModeCmd                  0x080008bb   Thumb Code    22  stm32f10x_adc.o(.text)
    ADC_ExternalTrigInjectedConvConfig       0x080008d1   Thumb Code    16  stm32f10x_adc.o(.text)
    ADC_ExternalTrigInjectedConvCmd          0x080008e1   Thumb Code    22  stm32f10x_adc.o(.text)
    ADC_SoftwareStartInjectedConvCmd         0x080008f7   Thumb Code    22  stm32f10x_adc.o(.text)
    ADC_GetSoftwareStartInjectedConvCmdStatus 0x0800090d   Thumb Code    20  stm32f10x_adc.o(.text)
    ADC_InjectedChannelConfig                0x08000921   Thumb Code   130  stm32f10x_adc.o(.text)
    ADC_InjectedSequencerLengthConfig        0x080009a3   Thumb Code    24  stm32f10x_adc.o(.text)
    ADC_SetInjectedOffset                    0x080009bb   Thumb Code    20  stm32f10x_adc.o(.text)
    ADC_GetInjectedConversionValue           0x080009cf   Thumb Code    28  stm32f10x_adc.o(.text)
    ADC_AnalogWatchdogCmd                    0x080009eb   Thumb Code    16  stm32f10x_adc.o(.text)
    ADC_AnalogWatchdogThresholdsConfig       0x080009fb   Thumb Code     6  stm32f10x_adc.o(.text)
    ADC_AnalogWatchdogSingleChannelConfig    0x08000a01   Thumb Code    16  stm32f10x_adc.o(.text)
    ADC_TempSensorVrefintCmd                 0x08000a11   Thumb Code    64  stm32f10x_adc.o(.text)
    ADC_GetFlagStatus                        0x08000a51   Thumb Code    18  stm32f10x_adc.o(.text)
    ADC_ClearFlag                            0x08000a63   Thumb Code     6  stm32f10x_adc.o(.text)
    ADC_GetITStatus                          0x08000a69   Thumb Code    36  stm32f10x_adc.o(.text)
    ADC_ClearITPendingBit                    0x08000a8d   Thumb Code    10  stm32f10x_adc.o(.text)
    GPIO_DeInit                              0x08000a99   Thumb Code   172  stm32f10x_gpio.o(.text)
    GPIO_AFIODeInit                          0x08000b45   Thumb Code    20  stm32f10x_gpio.o(.text)
    GPIO_Init                                0x08000b59   Thumb Code   278  stm32f10x_gpio.o(.text)
    GPIO_StructInit                          0x08000c6f   Thumb Code    16  stm32f10x_gpio.o(.text)
    GPIO_ReadInputDataBit                    0x08000c7f   Thumb Code    18  stm32f10x_gpio.o(.text)
    GPIO_ReadInputData                       0x08000c91   Thumb Code     8  stm32f10x_gpio.o(.text)
    GPIO_ReadOutputDataBit                   0x08000c99   Thumb Code    18  stm32f10x_gpio.o(.text)
    GPIO_ReadOutputData                      0x08000cab   Thumb Code     8  stm32f10x_gpio.o(.text)
    GPIO_SetBits                             0x08000cb3   Thumb Code     4  stm32f10x_gpio.o(.text)
    GPIO_ResetBits                           0x08000cb7   Thumb Code     4  stm32f10x_gpio.o(.text)
    GPIO_WriteBit                            0x08000cbb   Thumb Code    10  stm32f10x_gpio.o(.text)
    GPIO_Write                               0x08000cc5   Thumb Code     4  stm32f10x_gpio.o(.text)
    GPIO_PinLockConfig                       0x08000cc9   Thumb Code    18  stm32f10x_gpio.o(.text)
    GPIO_EventOutputConfig                   0x08000cdb   Thumb Code    26  stm32f10x_gpio.o(.text)
    GPIO_EventOutputCmd                      0x08000cf5   Thumb Code     6  stm32f10x_gpio.o(.text)
    GPIO_PinRemapConfig                      0x08000cfb   Thumb Code   138  stm32f10x_gpio.o(.text)
    GPIO_EXTILineConfig                      0x08000d85   Thumb Code    66  stm32f10x_gpio.o(.text)
    GPIO_ETH_MediaInterfaceConfig            0x08000dc7   Thumb Code     8  stm32f10x_gpio.o(.text)
    RCC_DeInit                               0x08000df5   Thumb Code    64  stm32f10x_rcc.o(.text)
    RCC_HSEConfig                            0x08000e35   Thumb Code    70  stm32f10x_rcc.o(.text)
    RCC_GetFlagStatus                        0x08000e7b   Thumb Code    56  stm32f10x_rcc.o(.text)
    RCC_WaitForHSEStartUp                    0x08000eb3   Thumb Code    56  stm32f10x_rcc.o(.text)
    RCC_AdjustHSICalibrationValue            0x08000eeb   Thumb Code    20  stm32f10x_rcc.o(.text)
    RCC_HSICmd                               0x08000eff   Thumb Code     6  stm32f10x_rcc.o(.text)
    RCC_PLLConfig                            0x08000f05   Thumb Code    24  stm32f10x_rcc.o(.text)
    RCC_PLLCmd                               0x08000f1d   Thumb Code     6  stm32f10x_rcc.o(.text)
    RCC_SYSCLKConfig                         0x08000f23   Thumb Code    18  stm32f10x_rcc.o(.text)
    RCC_GetSYSCLKSource                      0x08000f35   Thumb Code    10  stm32f10x_rcc.o(.text)
    RCC_HCLKConfig                           0x08000f3f   Thumb Code    18  stm32f10x_rcc.o(.text)
    RCC_PCLK1Config                          0x08000f51   Thumb Code    18  stm32f10x_rcc.o(.text)
    RCC_PCLK2Config                          0x08000f63   Thumb Code    20  stm32f10x_rcc.o(.text)
    RCC_ITConfig                             0x08000f77   Thumb Code    26  stm32f10x_rcc.o(.text)
    RCC_USBCLKConfig                         0x08000f91   Thumb Code     8  stm32f10x_rcc.o(.text)
    RCC_ADCCLKConfig                         0x08000f99   Thumb Code    18  stm32f10x_rcc.o(.text)
    RCC_LSEConfig                            0x08000fab   Thumb Code    50  stm32f10x_rcc.o(.text)
    RCC_LSICmd                               0x08000fdd   Thumb Code     6  stm32f10x_rcc.o(.text)
    RCC_RTCCLKConfig                         0x08000fe3   Thumb Code    12  stm32f10x_rcc.o(.text)
    RCC_RTCCLKCmd                            0x08000fef   Thumb Code     8  stm32f10x_rcc.o(.text)
    RCC_GetClocksFreq                        0x08000ff7   Thumb Code   192  stm32f10x_rcc.o(.text)
    RCC_AHBPeriphClockCmd                    0x080010b7   Thumb Code    26  stm32f10x_rcc.o(.text)
    RCC_APB2PeriphClockCmd                   0x080010d1   Thumb Code    26  stm32f10x_rcc.o(.text)
    RCC_APB1PeriphClockCmd                   0x080010eb   Thumb Code    26  stm32f10x_rcc.o(.text)
    RCC_APB2PeriphResetCmd                   0x08001105   Thumb Code    26  stm32f10x_rcc.o(.text)
    RCC_APB1PeriphResetCmd                   0x0800111f   Thumb Code    26  stm32f10x_rcc.o(.text)
    RCC_BackupResetCmd                       0x08001139   Thumb Code     8  stm32f10x_rcc.o(.text)
    RCC_ClockSecuritySystemCmd               0x08001141   Thumb Code     6  stm32f10x_rcc.o(.text)
    RCC_MCOConfig                            0x08001147   Thumb Code     6  stm32f10x_rcc.o(.text)
    RCC_ClearFlag                            0x0800114d   Thumb Code    14  stm32f10x_rcc.o(.text)
    RCC_GetITStatus                          0x0800115b   Thumb Code    20  stm32f10x_rcc.o(.text)
    RCC_ClearITPendingBit                    0x0800116f   Thumb Code     6  stm32f10x_rcc.o(.text)
    TIM_DeInit                               0x08001199   Thumb Code   424  stm32f10x_tim.o(.text)
    TIM_TimeBaseInit                         0x08001341   Thumb Code   122  stm32f10x_tim.o(.text)
    TIM_OC1Init                              0x080013bb   Thumb Code   132  stm32f10x_tim.o(.text)
    TIM_OC2Init                              0x0800143f   Thumb Code   154  stm32f10x_tim.o(.text)
    TIM_OC3Init                              0x080014d9   Thumb Code   150  stm32f10x_tim.o(.text)
    TIM_OC4Init                              0x0800156f   Thumb Code   182  stm32f10x_tim.o(.text)
    TIM_SetIC4Prescaler                      0x08001625   Thumb Code    26  stm32f10x_tim.o(.text)
    TIM_SetIC3Prescaler                      0x080016c1   Thumb Code    18  stm32f10x_tim.o(.text)
    TIM_SetIC2Prescaler                      0x0800174d   Thumb Code    26  stm32f10x_tim.o(.text)
    TIM_SetIC1Prescaler                      0x080017e9   Thumb Code    18  stm32f10x_tim.o(.text)
    TIM_ICInit                               0x08001867   Thumb Code   150  stm32f10x_tim.o(.text)
    TIM_PWMIConfig                           0x080018fd   Thumb Code   124  stm32f10x_tim.o(.text)
    TIM_BDTRConfig                           0x08001979   Thumb Code    32  stm32f10x_tim.o(.text)
    TIM_TimeBaseStructInit                   0x08001999   Thumb Code    18  stm32f10x_tim.o(.text)
    TIM_OCStructInit                         0x080019ab   Thumb Code    20  stm32f10x_tim.o(.text)
    TIM_ICStructInit                         0x080019bf   Thumb Code    18  stm32f10x_tim.o(.text)
    TIM_BDTRStructInit                       0x080019d1   Thumb Code    40  stm32f10x_tim.o(.text)
    TIM_Cmd                                  0x080019f9   Thumb Code    24  stm32f10x_tim.o(.text)
    TIM_CtrlPWMOutputs                       0x08001a11   Thumb Code    30  stm32f10x_tim.o(.text)
    TIM_ITConfig                             0x08001a2f   Thumb Code    18  stm32f10x_tim.o(.text)
    TIM_GenerateEvent                        0x08001a41   Thumb Code     4  stm32f10x_tim.o(.text)
    TIM_DMAConfig                            0x08001a45   Thumb Code    10  stm32f10x_tim.o(.text)
    TIM_DMACmd                               0x08001a4f   Thumb Code    18  stm32f10x_tim.o(.text)
    TIM_InternalClockConfig                  0x08001a61   Thumb Code    12  stm32f10x_tim.o(.text)
    TIM_SelectInputTrigger                   0x08001a6d   Thumb Code    18  stm32f10x_tim.o(.text)
    TIM_ITRxExternalClockConfig              0x08001a7f   Thumb Code    24  stm32f10x_tim.o(.text)
    TIM_TIxExternalClockConfig               0x08001a97   Thumb Code    62  stm32f10x_tim.o(.text)
    TIM_ETRConfig                            0x08001ad5   Thumb Code    28  stm32f10x_tim.o(.text)
    TIM_ETRClockMode1Config                  0x08001af1   Thumb Code    54  stm32f10x_tim.o(.text)
    TIM_ETRClockMode2Config                  0x08001b27   Thumb Code    32  stm32f10x_tim.o(.text)
    TIM_PrescalerConfig                      0x08001b47   Thumb Code     6  stm32f10x_tim.o(.text)
    TIM_CounterModeConfig                    0x08001b4d   Thumb Code    18  stm32f10x_tim.o(.text)
    TIM_EncoderInterfaceConfig               0x08001b5f   Thumb Code    66  stm32f10x_tim.o(.text)
    TIM_ForcedOC1Config                      0x08001ba1   Thumb Code    18  stm32f10x_tim.o(.text)
    TIM_ForcedOC2Config                      0x08001bb3   Thumb Code    26  stm32f10x_tim.o(.text)
    TIM_ForcedOC3Config                      0x08001bcd   Thumb Code    18  stm32f10x_tim.o(.text)
    TIM_ForcedOC4Config                      0x08001bdf   Thumb Code    26  stm32f10x_tim.o(.text)
    TIM_ARRPreloadConfig                     0x08001bf9   Thumb Code    24  stm32f10x_tim.o(.text)
    TIM_SelectCOM                            0x08001c11   Thumb Code    24  stm32f10x_tim.o(.text)
    TIM_SelectCCDMA                          0x08001c29   Thumb Code    24  stm32f10x_tim.o(.text)
    TIM_CCPreloadControl                     0x08001c41   Thumb Code    24  stm32f10x_tim.o(.text)
    TIM_OC1PreloadConfig                     0x08001c59   Thumb Code    18  stm32f10x_tim.o(.text)
    TIM_OC2PreloadConfig                     0x08001c6b   Thumb Code    26  stm32f10x_tim.o(.text)
    TIM_OC3PreloadConfig                     0x08001c85   Thumb Code    18  stm32f10x_tim.o(.text)
    TIM_OC4PreloadConfig                     0x08001c97   Thumb Code    26  stm32f10x_tim.o(.text)
    TIM_OC1FastConfig                        0x08001cb1   Thumb Code    18  stm32f10x_tim.o(.text)
    TIM_OC2FastConfig                        0x08001cc3   Thumb Code    26  stm32f10x_tim.o(.text)
    TIM_OC3FastConfig                        0x08001cdd   Thumb Code    18  stm32f10x_tim.o(.text)
    TIM_OC4FastConfig                        0x08001cef   Thumb Code    26  stm32f10x_tim.o(.text)
    TIM_ClearOC1Ref                          0x08001d09   Thumb Code    18  stm32f10x_tim.o(.text)
    TIM_ClearOC2Ref                          0x08001d1b   Thumb Code    24  stm32f10x_tim.o(.text)
    TIM_ClearOC3Ref                          0x08001d33   Thumb Code    18  stm32f10x_tim.o(.text)
    TIM_ClearOC4Ref                          0x08001d45   Thumb Code    24  stm32f10x_tim.o(.text)
    TIM_OC1PolarityConfig                    0x08001d5d   Thumb Code    18  stm32f10x_tim.o(.text)
    TIM_OC1NPolarityConfig                   0x08001d6f   Thumb Code    18  stm32f10x_tim.o(.text)
    TIM_OC2PolarityConfig                    0x08001d81   Thumb Code    26  stm32f10x_tim.o(.text)
    TIM_OC2NPolarityConfig                   0x08001d9b   Thumb Code    26  stm32f10x_tim.o(.text)
    TIM_OC3PolarityConfig                    0x08001db5   Thumb Code    26  stm32f10x_tim.o(.text)
    TIM_OC3NPolarityConfig                   0x08001dcf   Thumb Code    26  stm32f10x_tim.o(.text)
    TIM_OC4PolarityConfig                    0x08001de9   Thumb Code    26  stm32f10x_tim.o(.text)
    TIM_CCxCmd                               0x08001e03   Thumb Code    30  stm32f10x_tim.o(.text)
    TIM_CCxNCmd                              0x08001e21   Thumb Code    30  stm32f10x_tim.o(.text)
    TIM_SelectOCxM                           0x08001e3f   Thumb Code    82  stm32f10x_tim.o(.text)
    TIM_UpdateDisableConfig                  0x08001e91   Thumb Code    24  stm32f10x_tim.o(.text)
    TIM_UpdateRequestConfig                  0x08001ea9   Thumb Code    24  stm32f10x_tim.o(.text)
    TIM_SelectHallSensor                     0x08001ec1   Thumb Code    24  stm32f10x_tim.o(.text)
    TIM_SelectOnePulseMode                   0x08001ed9   Thumb Code    18  stm32f10x_tim.o(.text)
    TIM_SelectOutputTrigger                  0x08001eeb   Thumb Code    18  stm32f10x_tim.o(.text)
    TIM_SelectSlaveMode                      0x08001efd   Thumb Code    18  stm32f10x_tim.o(.text)
    TIM_SelectMasterSlaveMode                0x08001f0f   Thumb Code    18  stm32f10x_tim.o(.text)
    TIM_SetCounter                           0x08001f21   Thumb Code     4  stm32f10x_tim.o(.text)
    TIM_SetAutoreload                        0x08001f25   Thumb Code     4  stm32f10x_tim.o(.text)
    TIM_SetCompare1                          0x08001f29   Thumb Code     4  stm32f10x_tim.o(.text)
    TIM_SetCompare2                          0x08001f2d   Thumb Code     4  stm32f10x_tim.o(.text)
    TIM_SetCompare3                          0x08001f31   Thumb Code     4  stm32f10x_tim.o(.text)
    TIM_SetCompare4                          0x08001f35   Thumb Code     6  stm32f10x_tim.o(.text)
    TIM_SetClockDivision                     0x08001f3b   Thumb Code    18  stm32f10x_tim.o(.text)
    TIM_GetCapture1                          0x08001f4d   Thumb Code     6  stm32f10x_tim.o(.text)
    TIM_GetCapture2                          0x08001f53   Thumb Code     6  stm32f10x_tim.o(.text)
    TIM_GetCapture3                          0x08001f59   Thumb Code     6  stm32f10x_tim.o(.text)
    TIM_GetCapture4                          0x08001f5f   Thumb Code     8  stm32f10x_tim.o(.text)
    TIM_GetCounter                           0x08001f67   Thumb Code     6  stm32f10x_tim.o(.text)
    TIM_GetPrescaler                         0x08001f6d   Thumb Code     6  stm32f10x_tim.o(.text)
    TIM_GetFlagStatus                        0x08001f73   Thumb Code    18  stm32f10x_tim.o(.text)
    TIM_ClearFlag                            0x08001f85   Thumb Code     6  stm32f10x_tim.o(.text)
    TIM_GetITStatus                          0x08001f8b   Thumb Code    34  stm32f10x_tim.o(.text)
    TIM_ClearITPendingBit                    0x08001fad   Thumb Code     6  stm32f10x_tim.o(.text)
    USART_DeInit                             0x08001fb5   Thumb Code   134  stm32f10x_usart.o(.text)
    USART_Init                               0x0800203b   Thumb Code   210  stm32f10x_usart.o(.text)
    USART_StructInit                         0x0800210d   Thumb Code    24  stm32f10x_usart.o(.text)
    USART_ClockInit                          0x08002125   Thumb Code    34  stm32f10x_usart.o(.text)
    USART_ClockStructInit                    0x08002147   Thumb Code    12  stm32f10x_usart.o(.text)
    USART_Cmd                                0x08002153   Thumb Code    24  stm32f10x_usart.o(.text)
    USART_ITConfig                           0x0800216b   Thumb Code    74  stm32f10x_usart.o(.text)
    USART_DMACmd                             0x080021b5   Thumb Code    18  stm32f10x_usart.o(.text)
    USART_SetAddress                         0x080021c7   Thumb Code    18  stm32f10x_usart.o(.text)
    USART_WakeUpConfig                       0x080021d9   Thumb Code    18  stm32f10x_usart.o(.text)
    USART_ReceiverWakeUpCmd                  0x080021eb   Thumb Code    24  stm32f10x_usart.o(.text)
    USART_LINBreakDetectLengthConfig         0x08002203   Thumb Code    18  stm32f10x_usart.o(.text)
    USART_LINCmd                             0x08002215   Thumb Code    24  stm32f10x_usart.o(.text)
    USART_SendData                           0x0800222d   Thumb Code     8  stm32f10x_usart.o(.text)
    USART_ReceiveData                        0x08002235   Thumb Code    10  stm32f10x_usart.o(.text)
    USART_SendBreak                          0x0800223f   Thumb Code    10  stm32f10x_usart.o(.text)
    USART_SetGuardTime                       0x08002249   Thumb Code    16  stm32f10x_usart.o(.text)
    USART_SetPrescaler                       0x08002259   Thumb Code    16  stm32f10x_usart.o(.text)
    USART_SmartCardCmd                       0x08002269   Thumb Code    24  stm32f10x_usart.o(.text)
    USART_SmartCardNACKCmd                   0x08002281   Thumb Code    24  stm32f10x_usart.o(.text)
    USART_HalfDuplexCmd                      0x08002299   Thumb Code    24  stm32f10x_usart.o(.text)
    USART_OverSampling8Cmd                   0x080022b1   Thumb Code    22  stm32f10x_usart.o(.text)
    USART_OneBitMethodCmd                    0x080022c7   Thumb Code    24  stm32f10x_usart.o(.text)
    USART_IrDAConfig                         0x080022df   Thumb Code    18  stm32f10x_usart.o(.text)
    USART_IrDACmd                            0x080022f1   Thumb Code    24  stm32f10x_usart.o(.text)
    USART_GetFlagStatus                      0x08002309   Thumb Code    26  stm32f10x_usart.o(.text)
    USART_ClearFlag                          0x08002323   Thumb Code    18  stm32f10x_usart.o(.text)
    USART_GetITStatus                        0x08002335   Thumb Code    84  stm32f10x_usart.o(.text)
    USART_ClearITPendingBit                  0x08002389   Thumb Code    52  stm32f10x_usart.o(.text)
    delay_init                               0x080023bd   Thumb Code    50  delay.o(.text)
    delay_us                                 0x080023ef   Thumb Code    72  delay.o(.text)
    delay_ms                                 0x08002437   Thumb Code    72  delay.o(.text)
    _sys_exit                                0x08002491   Thumb Code     6  usart.o(.text)
    fputc                                    0x08002497   Thumb Code    24  usart.o(.text)
    uart_init                                0x080024af   Thumb Code   152  usart.o(.text)
    zh_USART_SendData                        0x08002547   Thumb Code    28  usart.o(.text)
    zh_USART_SendString                      0x08002563   Thumb Code    24  usart.o(.text)
    ModHandle                                0x0800257b   Thumb Code    34  usart.o(.text)
    ModRcv                                   0x0800259d   Thumb Code   146  usart.o(.text)
    USART1_IRQHandler                        0x0800262f   Thumb Code    20  usart.o(.text)
    TFT_Send_End                             0x08002643   Thumb Code    18  usart.o(.text)
    NVIC_Configuration_Usart5                0x08002655   Thumb Code    42  usart.o(.text)
    UART5_Config                             0x0800267f   Thumb Code   138  usart.o(.text)
    UART5_IRQHandler                         0x08002709   Thumb Code    46  usart.o(.text)
    cr4_fft_64_stm32                         0x08002771   Thumb Code     0  cr4_fft_64_stm32.o(.text)
    Adc_Init                                 0x08002a41   Thumb Code   132  adc.o(.text)
    Get_Adc                                  0x08002ac5   Thumb Code    46  adc.o(.text)
    Get_Adc_Average                          0x08002af3   Thumb Code    46  adc.o(.text)
    TIM3_Int_Init                            0x08002b29   Thumb Code    90  timer.o(.text)
    TIM3_IRQHandler                          0x08002b83   Thumb Code    60  timer.o(.text)
    TIM4_Int_Init                            0x08002bbf   Thumb Code    90  timer.o(.text)
    TIM4_IRQHandler                          0x08002c19   Thumb Code   182  timer.o(.text)
    delay                                    0x08002cfd   Thumb Code    12  led.o(.text)
    LED_Init                                 0x08002d09   Thumb Code    44  led.o(.text)
    led_display                              0x08002d35   Thumb Code    46  led.o(.text)
    led_huayang                              0x08002d63   Thumb Code   132  led.o(.text)
    EE                                       0x08002df5   Thumb Code   132  fft2.o(.text)
    FFT                                      0x08002e79   Thumb Code   594  fft2.o(.text)
    dsp_g2_test                              0x080030d1   Thumb Code   250  dsp_g2.o(.text)
    InitBufInArray                           0x08003211   Thumb Code   248  dsp_asm.o(.text)
    dsp_asm_powerMag                         0x08003309   Thumb Code   268  dsp_asm.o(.text)
    dsp_asm_test                             0x08003415   Thumb Code    18  dsp_asm.o(.text)
    __use_no_semihosting                     0x08003485   Thumb Code     2  use_no_semi_2.o(.text)
    __2sprintf                               0x08003489   Thumb Code    34  noretval__2sprintf.o(.text)
    _printf_int_dec                          0x080034b1   Thumb Code   104  _printf_dec.o(.text)
    __printf                                 0x08003529   Thumb Code   270  __printf_wp.o(.text)
    __aeabi_memclr4                          0x08003637   Thumb Code     0  rt_memclr_w.o(.text)
    __aeabi_memclr8                          0x08003637   Thumb Code     0  rt_memclr_w.o(.text)
    __rt_memclr_w                            0x08003637   Thumb Code    78  rt_memclr_w.o(.text)
    _memset_w                                0x0800363b   Thumb Code     0  rt_memclr_w.o(.text)
    __use_two_region_memory                  0x08003685   Thumb Code     2  heapauxi.o(.text)
    __rt_heap_escrow$2region                 0x08003687   Thumb Code     2  heapauxi.o(.text)
    __rt_heap_expand$2region                 0x08003689   Thumb Code     2  heapauxi.o(.text)
    __I$use$semihosting                      0x0800368b   Thumb Code     0  use_no_semi.o(.text)
    __use_no_semihosting_swi                 0x0800368b   Thumb Code     2  use_no_semi.o(.text)
    __read_errno                             0x0800368d   Thumb Code    10  _rserrno.o(.text)
    __set_errno                              0x08003697   Thumb Code    12  _rserrno.o(.text)
    _printf_int_common                       0x080036a3   Thumb Code   178  _printf_intcommon.o(.text)
    __lib_sel_fp_printf                      0x08003755   Thumb Code     2  _printf_fp_dec.o(.text)
    _printf_fp_dec_real                      0x08003907   Thumb Code   620  _printf_fp_dec.o(.text)
    _printf_char_common                      0x08003b7f   Thumb Code    32  _printf_char_common.o(.text)
    _sputc                                   0x08003ba5   Thumb Code    10  _sputc.o(.text)
    __rt_locale                              0x08003bb1   Thumb Code     8  rt_locale_intlibspace.o(.text)
    __aeabi_errno_addr                       0x08003bb9   Thumb Code     8  rt_errno_addr_intlibspace.o(.text)
    __errno$intlibspace                      0x08003bb9   Thumb Code     0  rt_errno_addr_intlibspace.o(.text)
    __rt_errno_addr$intlibspace              0x08003bb9   Thumb Code     0  rt_errno_addr_intlibspace.o(.text)
    _ll_udiv10                               0x08003bc1   Thumb Code   138  lludiv10.o(.text)
    _printf_fp_infnan                        0x08003c4d   Thumb Code   112  _printf_fp_infnan.o(.text)
    _btod_etento                             0x08003ccd   Thumb Code   224  bigflt0.o(.text)
    __user_libspace                          0x08003db1   Thumb Code     8  libspace.o(.text)
    __user_perproc_libspace                  0x08003db1   Thumb Code     0  libspace.o(.text)
    __user_perthread_libspace                0x08003db1   Thumb Code     0  libspace.o(.text)
    __user_setup_stackheap                   0x08003db9   Thumb Code    74  sys_stackheap_outer.o(.text)
    exit                                     0x08003e03   Thumb Code    18  exit.o(.text)
    strcmp                                   0x08003e15   Thumb Code   128  strcmpv7m.o(.text)
    _btod_d2e                                0x08003e95   Thumb Code    62  btod.o(CL$$btod_d2e)
    _d2e_denorm_low                          0x08003ed3   Thumb Code    70  btod.o(CL$$btod_d2e_denorm_low)
    _d2e_norm_op1                            0x08003f19   Thumb Code    96  btod.o(CL$$btod_d2e_norm_op1)
    __btod_div_common                        0x08003f79   Thumb Code   696  btod.o(CL$$btod_div_common)
    _e2e                                     0x080042b1   Thumb Code   220  btod.o(CL$$btod_e2e)
    _btod_ediv                               0x0800438d   Thumb Code    42  btod.o(CL$$btod_ediv)
    _btod_emul                               0x080043b7   Thumb Code    42  btod.o(CL$$btod_emul)
    __btod_mult_common                       0x080043e1   Thumb Code   580  btod.o(CL$$btod_mult_common)
    __ARM_fpclassify                         0x08004625   Thumb Code    40  fpclassify.o(i.__ARM_fpclassify)
    __ieee754_rem_pio2                       0x0800464d   Thumb Code   828  rred.o(i.__ieee754_rem_pio2)
    __kernel_cos                             0x080049d5   Thumb Code   230  cos_i.o(i.__kernel_cos)
    __kernel_poly                            0x08004ad1   Thumb Code   170  poly.o(i.__kernel_poly)
    __kernel_sin                             0x08004b7d   Thumb Code   224  sin_i.o(i.__kernel_sin)
    __mathlib_dbl_divzero                    0x08004c69   Thumb Code    12  dunder.o(i.__mathlib_dbl_divzero)
    __mathlib_dbl_infnan                     0x08004c79   Thumb Code     6  dunder.o(i.__mathlib_dbl_infnan)
    __mathlib_dbl_infnan2                    0x08004c7f   Thumb Code     4  dunder.o(i.__mathlib_dbl_infnan2)
    __mathlib_dbl_invalid                    0x08004c83   Thumb Code    12  dunder.o(i.__mathlib_dbl_invalid)
    __mathlib_dbl_overflow                   0x08004c8f   Thumb Code    14  dunder.o(i.__mathlib_dbl_overflow)
    __mathlib_dbl_underflow                  0x08004c9d   Thumb Code    10  dunder.o(i.__mathlib_dbl_underflow)
    _is_digit                                0x08004cad   Thumb Code    14  __printf_wp.o(i._is_digit)
    cos                                      0x08004cbd   Thumb Code   148  cos.o(i.cos)
    pow                                      0x08004d59   Thumb Code  2512  pow.o(i.pow)
    sin                                      0x08005731   Thumb Code   150  sin.o(i.sin)
    sqrt                                     0x080057d1   Thumb Code    76  sqrt.o(i.sqrt)
    _get_lc_numeric                          0x0800581d   Thumb Code    44  lc_numeric_c.o(locale$$code)
    __aeabi_d2f                              0x08005849   Thumb Code     0  d2f.o(x$fpl$d2f)
    _d2f                                     0x08005849   Thumb Code    98  d2f.o(x$fpl$d2f)
    __aeabi_dadd                             0x080058ad   Thumb Code     0  daddsub_clz.o(x$fpl$dadd)
    _dadd                                    0x080058ad   Thumb Code   332  daddsub_clz.o(x$fpl$dadd)
    __fpl_dcheck_NaN1                        0x080059fd   Thumb Code    10  dcheck1.o(x$fpl$dcheck1)
    __fpl_dcmp_Inf                           0x08005a0d   Thumb Code    24  dcmpi.o(x$fpl$dcmpinf)
    __aeabi_ddiv                             0x08005a25   Thumb Code     0  ddiv.o(x$fpl$ddiv)
    _ddiv                                    0x08005a25   Thumb Code   552  ddiv.o(x$fpl$ddiv)
    __aeabi_d2iz                             0x08005cd5   Thumb Code     0  dfix.o(x$fpl$dfix)
    _dfix                                    0x08005cd5   Thumb Code    94  dfix.o(x$fpl$dfix)
    __aeabi_i2d                              0x08005d33   Thumb Code     0  dflt_clz.o(x$fpl$dflt)
    _dflt                                    0x08005d33   Thumb Code    46  dflt_clz.o(x$fpl$dflt)
    __aeabi_ui2d                             0x08005d61   Thumb Code     0  dflt_clz.o(x$fpl$dfltu)
    _dfltu                                   0x08005d61   Thumb Code    38  dflt_clz.o(x$fpl$dfltu)
    __aeabi_cdcmple                          0x08005d89   Thumb Code     0  dleqf.o(x$fpl$dleqf)
    _dcmple                                  0x08005d89   Thumb Code   120  dleqf.o(x$fpl$dleqf)
    __fpl_dcmple_InfNaN                      0x08005deb   Thumb Code     0  dleqf.o(x$fpl$dleqf)
    __aeabi_dmul                             0x08005e01   Thumb Code     0  dmul.o(x$fpl$dmul)
    _dmul                                    0x08005e01   Thumb Code   332  dmul.o(x$fpl$dmul)
    __fpl_dnaninf                            0x08005f55   Thumb Code   156  dnaninf.o(x$fpl$dnaninf)
    __fpl_dretinf                            0x08005ff1   Thumb Code    12  dretinf.o(x$fpl$dretinf)
    __aeabi_cdrcmple                         0x08005ffd   Thumb Code     0  drleqf.o(x$fpl$drleqf)
    _drcmple                                 0x08005ffd   Thumb Code   108  drleqf.o(x$fpl$drleqf)
    __aeabi_drsub                            0x08006069   Thumb Code     0  daddsub_clz.o(x$fpl$drsb)
    _drsb                                    0x08006069   Thumb Code    22  daddsub_clz.o(x$fpl$drsb)
    _dsqrt                                   0x08006081   Thumb Code   456  dsqrt_noumaal.o(x$fpl$dsqrt)
    __aeabi_dsub                             0x0800624d   Thumb Code     0  daddsub_clz.o(x$fpl$dsub)
    _dsub                                    0x0800624d   Thumb Code   464  daddsub_clz.o(x$fpl$dsub)
    __aeabi_f2d                              0x08006421   Thumb Code     0  f2d.o(x$fpl$f2d)
    _f2d                                     0x08006421   Thumb Code    86  f2d.o(x$fpl$f2d)
    __aeabi_fadd                             0x08006479   Thumb Code     0  faddsub_clz.o(x$fpl$fadd)
    _fadd                                    0x08006479   Thumb Code   196  faddsub_clz.o(x$fpl$fadd)
    __aeabi_fdiv                             0x0800653d   Thumb Code     0  fdiv.o(x$fpl$fdiv)
    _fdiv                                    0x0800653d   Thumb Code   384  fdiv.o(x$fpl$fdiv)
    __aeabi_f2iz                             0x080066c1   Thumb Code     0  ffix.o(x$fpl$ffix)
    _ffix                                    0x080066c1   Thumb Code    54  ffix.o(x$fpl$ffix)
    __aeabi_i2f                              0x080066f9   Thumb Code     0  fflt_clz.o(x$fpl$fflt)
    _fflt                                    0x080066f9   Thumb Code    48  fflt_clz.o(x$fpl$fflt)
    __aeabi_ui2f                             0x08006729   Thumb Code     0  fflt_clz.o(x$fpl$ffltu)
    _ffltu                                   0x08006729   Thumb Code    38  fflt_clz.o(x$fpl$ffltu)
    __aeabi_fmul                             0x08006751   Thumb Code     0  fmul.o(x$fpl$fmul)
    _fmul                                    0x08006751   Thumb Code   258  fmul.o(x$fpl$fmul)
    __fpl_fnaninf                            0x08006853   Thumb Code   140  fnaninf.o(x$fpl$fnaninf)
    __fpl_fretinf                            0x080068df   Thumb Code    10  fretinf.o(x$fpl$fretinf)
    __aeabi_fsub                             0x080068e9   Thumb Code     0  faddsub_clz.o(x$fpl$fsub)
    _fsub                                    0x080068e9   Thumb Code   234  faddsub_clz.o(x$fpl$fsub)
    _printf_fp_dec                           0x080069d3   Thumb Code     4  printf1.o(x$fpl$printf1)
    __fpl_return_NaN                         0x080069d7   Thumb Code   100  retnan.o(x$fpl$retnan)
    __ARM_scalbn                             0x08006a3b   Thumb Code    92  scalbn.o(x$fpl$scalbn)
    __fpl_cmpreturn                          0x08006a97   Thumb Code    48  trapv.o(x$fpl$trapveneer)
    __I$use$fp                               0x08006ac6   Number         0  usenofp.o(x$fpl$usenofp)
    __mathlib_zero                           0x08006b80   Data           8  qnan.o(.constdata)
    Region$$Table$$Base                      0x08006d0c   Number         0  anon$$obj.o(Region$$Table)
    Region$$Table$$Limit                     0x08006d2c   Number         0  anon$$obj.o(Region$$Table)
    SystemCoreClock                          0x20000000   Data           4  system_stm32f10x.o(.data)
    AHBPrescTable                            0x20000004   Data          16  system_stm32f10x.o(.data)
    __stdout                                 0x2000002c   Data           4  usart.o(.data)
    zh_Buf                                   0x20000030   Data           6  usart.o(.data)
    zh_Send                                  0x20000036   Data           9  usart.o(.data)
    Rcv_Len                                  0x2000003f   Data           1  usart.o(.data)
    Rcv_Data                                 0x20000040   Data           1  usart.o(.data)
    Rcv_Busy                                 0x20000041   Data           1  usart.o(.data)
    RCv_Time_Out                             0x20000042   Data           1  usart.o(.data)
    Device_Id                                0x20000043   Data           1  usart.o(.data)
    Rcv_Complete                             0x20000044   Data           1  usart.o(.data)
    Send_Len                                 0x20000045   Data           1  usart.o(.data)
    Current_Num                              0x20000048   Data           4  timer.o(.data)
    Flag_Can_Do_FFT                          0x2000004c   Data           4  timer.o(.data)
    FLag_LED                                 0x20000050   Data           4  timer.o(.data)
    USART_RX_BUF                             0x20000054   Data         200  usart.o(.bss)
    ADC_DATA                                 0x2000011c   Data         256  timer.o(.bss)
    result                                   0x20000220   Data         512  dsp_g2.o(.bss)
    s                                        0x20000420   Data        1024  dsp_g2.o(.bss)
    OMAG                                     0x20000820   Data         256  dsp_g2.o(.bss)
    lBUFIN                                   0x20000920   Data         256  dsp_asm.o(.bss)
    lBUFOUT                                  0x20000a20   Data         256  dsp_asm.o(.bss)
    lBUFMAG                                  0x20000b20   Data         256  dsp_asm.o(.bss)
    __libspace_start                         0x20000c20   Data          96  libspace.o(.bss)
    __temporary_stack_top$libspace           0x20000c80   Data           0  libspace.o(.bss)



==============================================================================

Memory Map of the image

  Image Entry point : 0x08000131

  Load Region LR_IROM1 (Base: 0x08000000, Size: 0x00006d9c, Max: 0x00080000, ABSOLUTE)

    Execution Region ER_IROM1 (Exec base: 0x08000000, Load base: 0x08000000, Size: 0x00006d48, Max: 0x00080000, ABSOLUTE)

    Exec Addr    Load Addr    Size         Type   Attr      Idx    E Section Name        Object

    0x08000000   0x08000000   0x00000130   Data   RO          203    RESET               startup_stm32f10x_hd.o
    0x08000130   0x08000130   0x00000008   Code   RO          714  * !!!main             c_w.l(__main.o)
    0x08000138   0x08000138   0x00000034   Code   RO         1070    !!!scatter          c_w.l(__scatter.o)
    0x0800016c   0x0800016c   0x0000001a   Code   RO         1072    !!handler_copy      c_w.l(__scatter_copy.o)
    0x08000186   0x08000186   0x00000002   PAD
    0x08000188   0x08000188   0x0000001c   Code   RO         1074    !!handler_zi        c_w.l(__scatter_zi.o)
    0x080001a4   0x080001a4   0x00000000   Code   RO          709    .ARM.Collect$$_printf_percent$$00000000  c_w.l(_printf_percent.o)
    0x080001a4   0x080001a4   0x00000006   Code   RO          708    .ARM.Collect$$_printf_percent$$00000003  c_w.l(_printf_f.o)
    0x080001aa   0x080001aa   0x00000006   Code   RO          707    .ARM.Collect$$_printf_percent$$00000009  c_w.l(_printf_d.o)
    0x080001b0   0x080001b0   0x00000004   Code   RO          813    .ARM.Collect$$_printf_percent$$00000017  c_w.l(_printf_percent_end.o)
    0x080001b4   0x080001b4   0x00000002   Code   RO          943    .ARM.Collect$$libinit$$00000000  c_w.l(libinit.o)
    0x080001b6   0x080001b6   0x00000000   Code   RO          945    .ARM.Collect$$libinit$$00000002  c_w.l(libinit2.o)
    0x080001b6   0x080001b6   0x00000000   Code   RO          947    .ARM.Collect$$libinit$$00000004  c_w.l(libinit2.o)
    0x080001b6   0x080001b6   0x00000000   Code   RO          950    .ARM.Collect$$libinit$$0000000A  c_w.l(libinit2.o)
    0x080001b6   0x080001b6   0x00000000   Code   RO          952    .ARM.Collect$$libinit$$0000000C  c_w.l(libinit2.o)
    0x080001b6   0x080001b6   0x00000000   Code   RO          954    .ARM.Collect$$libinit$$0000000E  c_w.l(libinit2.o)
    0x080001b6   0x080001b6   0x00000006   Code   RO          955    .ARM.Collect$$libinit$$0000000F  c_w.l(libinit2.o)
    0x080001bc   0x080001bc   0x00000000   Code   RO          957    .ARM.Collect$$libinit$$00000011  c_w.l(libinit2.o)
    0x080001bc   0x080001bc   0x00000000   Code   RO          959    .ARM.Collect$$libinit$$00000013  c_w.l(libinit2.o)
    0x080001bc   0x080001bc   0x00000000   Code   RO          961    .ARM.Collect$$libinit$$00000015  c_w.l(libinit2.o)
    0x080001bc   0x080001bc   0x0000000a   Code   RO          962    .ARM.Collect$$libinit$$00000016  c_w.l(libinit2.o)
    0x080001c6   0x080001c6   0x00000000   Code   RO          963    .ARM.Collect$$libinit$$00000017  c_w.l(libinit2.o)
    0x080001c6   0x080001c6   0x00000000   Code   RO          965    .ARM.Collect$$libinit$$00000019  c_w.l(libinit2.o)
    0x080001c6   0x080001c6   0x00000000   Code   RO          967    .ARM.Collect$$libinit$$0000001B  c_w.l(libinit2.o)
    0x080001c6   0x080001c6   0x00000000   Code   RO          969    .ARM.Collect$$libinit$$0000001D  c_w.l(libinit2.o)
    0x080001c6   0x080001c6   0x00000000   Code   RO          971    .ARM.Collect$$libinit$$0000001F  c_w.l(libinit2.o)
    0x080001c6   0x080001c6   0x00000000   Code   RO          973    .ARM.Collect$$libinit$$00000021  c_w.l(libinit2.o)
    0x080001c6   0x080001c6   0x00000000   Code   RO          975    .ARM.Collect$$libinit$$00000023  c_w.l(libinit2.o)
    0x080001c6   0x080001c6   0x00000000   Code   RO          977    .ARM.Collect$$libinit$$00000025  c_w.l(libinit2.o)
    0x080001c6   0x080001c6   0x00000000   Code   RO          981    .ARM.Collect$$libinit$$0000002C  c_w.l(libinit2.o)
    0x080001c6   0x080001c6   0x00000000   Code   RO          983    .ARM.Collect$$libinit$$0000002E  c_w.l(libinit2.o)
    0x080001c6   0x080001c6   0x00000000   Code   RO          985    .ARM.Collect$$libinit$$00000030  c_w.l(libinit2.o)
    0x080001c6   0x080001c6   0x00000000   Code   RO          987    .ARM.Collect$$libinit$$00000032  c_w.l(libinit2.o)
    0x080001c6   0x080001c6   0x00000002   Code   RO          988    .ARM.Collect$$libinit$$00000033  c_w.l(libinit2.o)
    0x080001c8   0x080001c8   0x00000002   Code   RO         1020    .ARM.Collect$$libshutdown$$00000000  c_w.l(libshutdown.o)
    0x080001ca   0x080001ca   0x00000000   Code   RO         1029    .ARM.Collect$$libshutdown$$00000002  c_w.l(libshutdown2.o)
    0x080001ca   0x080001ca   0x00000000   Code   RO         1031    .ARM.Collect$$libshutdown$$00000004  c_w.l(libshutdown2.o)
    0x080001ca   0x080001ca   0x00000000   Code   RO         1034    .ARM.Collect$$libshutdown$$00000007  c_w.l(libshutdown2.o)
    0x080001ca   0x080001ca   0x00000000   Code   RO         1037    .ARM.Collect$$libshutdown$$0000000A  c_w.l(libshutdown2.o)
    0x080001ca   0x080001ca   0x00000000   Code   RO         1039    .ARM.Collect$$libshutdown$$0000000C  c_w.l(libshutdown2.o)
    0x080001ca   0x080001ca   0x00000000   Code   RO         1042    .ARM.Collect$$libshutdown$$0000000F  c_w.l(libshutdown2.o)
    0x080001ca   0x080001ca   0x00000002   Code   RO         1043    .ARM.Collect$$libshutdown$$00000010  c_w.l(libshutdown2.o)
    0x080001cc   0x080001cc   0x00000000   Code   RO          802    .ARM.Collect$$rtentry$$00000000  c_w.l(__rtentry.o)
    0x080001cc   0x080001cc   0x00000000   Code   RO          865    .ARM.Collect$$rtentry$$00000002  c_w.l(__rtentry2.o)
    0x080001cc   0x080001cc   0x00000006   Code   RO          877    .ARM.Collect$$rtentry$$00000004  c_w.l(__rtentry4.o)
    0x080001d2   0x080001d2   0x00000000   Code   RO          867    .ARM.Collect$$rtentry$$00000009  c_w.l(__rtentry2.o)
    0x080001d2   0x080001d2   0x00000004   Code   RO          868    .ARM.Collect$$rtentry$$0000000A  c_w.l(__rtentry2.o)
    0x080001d6   0x080001d6   0x00000000   Code   RO          870    .ARM.Collect$$rtentry$$0000000C  c_w.l(__rtentry2.o)
    0x080001d6   0x080001d6   0x00000008   Code   RO          871    .ARM.Collect$$rtentry$$0000000D  c_w.l(__rtentry2.o)
    0x080001de   0x080001de   0x00000002   Code   RO          991    .ARM.Collect$$rtexit$$00000000  c_w.l(rtexit.o)
    0x080001e0   0x080001e0   0x00000000   Code   RO         1000    .ARM.Collect$$rtexit$$00000002  c_w.l(rtexit2.o)
    0x080001e0   0x080001e0   0x00000004   Code   RO         1001    .ARM.Collect$$rtexit$$00000003  c_w.l(rtexit2.o)
    0x080001e4   0x080001e4   0x00000006   Code   RO         1002    .ARM.Collect$$rtexit$$00000004  c_w.l(rtexit2.o)
    0x080001ea   0x080001ea   0x00000002   PAD
    0x080001ec   0x080001ec   0x00000144   Code   RO            1    .text               main.o
    0x08000330   0x08000330   0x0000001a   Code   RO          131    .text               stm32f10x_it.o
    0x0800034a   0x0800034a   0x00000002   PAD
    0x0800034c   0x0800034c   0x000001e0   Code   RO          172    .text               system_stm32f10x.o
    0x0800052c   0x0800052c   0x00000040   Code   RO          204    .text               startup_stm32f10x_hd.o
    0x0800056c   0x0800056c   0x000000dc   Code   RO          208    .text               misc.o
    0x08000648   0x08000648   0x0000044e   Code   RO          220    .text               stm32f10x_adc.o
    0x08000a96   0x08000a96   0x00000002   PAD
    0x08000a98   0x08000a98   0x0000035c   Code   RO          352    .text               stm32f10x_gpio.o
    0x08000df4   0x08000df4   0x000003a4   Code   RO          400    .text               stm32f10x_rcc.o
    0x08001198   0x08001198   0x00000e1a   Code   RO          450    .text               stm32f10x_tim.o
    0x08001fb2   0x08001fb2   0x00000002   PAD
    0x08001fb4   0x08001fb4   0x00000408   Code   RO          462    .text               stm32f10x_usart.o
    0x080023bc   0x080023bc   0x000000d4   Code   RO          486    .text               delay.o
    0x08002490   0x08002490   0x000002e0   Code   RO          516    .text               usart.o
    0x08002770   0x08002770   0x000002ce   Code   RO          546    .text               cr4_fft_64_stm32.o
    0x08002a3e   0x08002a3e   0x00000002   PAD
    0x08002a40   0x08002a40   0x000000e8   Code   RO          555    .text               adc.o
    0x08002b28   0x08002b28   0x000001d4   Code   RO          579    .text               timer.o
    0x08002cfc   0x08002cfc   0x000000f8   Code   RO          596    .text               led.o
    0x08002df4   0x08002df4   0x000002dc   Code   RO          611    .text               fft2.o
    0x080030d0   0x080030d0   0x00000140   Code   RO          630    .text               dsp_g2.o
    0x08003210   0x08003210   0x00000274   Code   RO          649    .text               dsp_asm.o
    0x08003484   0x08003484   0x00000002   Code   RO          677    .text               c_w.l(use_no_semi_2.o)
    0x08003486   0x08003486   0x00000002   PAD
    0x08003488   0x08003488   0x00000028   Code   RO          681    .text               c_w.l(noretval__2sprintf.o)
    0x080034b0   0x080034b0   0x00000078   Code   RO          685    .text               c_w.l(_printf_dec.o)
    0x08003528   0x08003528   0x0000010e   Code   RO          695    .text               c_w.l(__printf_wp.o)
    0x08003636   0x08003636   0x0000004e   Code   RO          710    .text               c_w.l(rt_memclr_w.o)
    0x08003684   0x08003684   0x00000006   Code   RO          712    .text               c_w.l(heapauxi.o)
    0x0800368a   0x0800368a   0x00000002   Code   RO          800    .text               c_w.l(use_no_semi.o)
    0x0800368c   0x0800368c   0x00000016   Code   RO          803    .text               c_w.l(_rserrno.o)
    0x080036a2   0x080036a2   0x000000b2   Code   RO          805    .text               c_w.l(_printf_intcommon.o)
    0x08003754   0x08003754   0x0000041e   Code   RO          807    .text               c_w.l(_printf_fp_dec.o)
    0x08003b72   0x08003b72   0x00000002   PAD
    0x08003b74   0x08003b74   0x00000030   Code   RO          809    .text               c_w.l(_printf_char_common.o)
    0x08003ba4   0x08003ba4   0x0000000a   Code   RO          811    .text               c_w.l(_sputc.o)
    0x08003bae   0x08003bae   0x00000002   PAD
    0x08003bb0   0x08003bb0   0x00000008   Code   RO          882    .text               c_w.l(rt_locale_intlibspace.o)
    0x08003bb8   0x08003bb8   0x00000008   Code   RO          887    .text               c_w.l(rt_errno_addr_intlibspace.o)
    0x08003bc0   0x08003bc0   0x0000008a   Code   RO          889    .text               c_w.l(lludiv10.o)
    0x08003c4a   0x08003c4a   0x00000002   PAD
    0x08003c4c   0x08003c4c   0x00000080   Code   RO          891    .text               c_w.l(_printf_fp_infnan.o)
    0x08003ccc   0x08003ccc   0x000000e4   Code   RO          895    .text               c_w.l(bigflt0.o)
    0x08003db0   0x08003db0   0x00000008   Code   RO          929    .text               c_w.l(libspace.o)
    0x08003db8   0x08003db8   0x0000004a   Code   RO          932    .text               c_w.l(sys_stackheap_outer.o)
    0x08003e02   0x08003e02   0x00000012   Code   RO          934    .text               c_w.l(exit.o)
    0x08003e14   0x08003e14   0x00000080   Code   RO          936    .text               c_w.l(strcmpv7m.o)
    0x08003e94   0x08003e94   0x0000003e   Code   RO          898    CL$$btod_d2e        c_w.l(btod.o)
    0x08003ed2   0x08003ed2   0x00000046   Code   RO          900    CL$$btod_d2e_denorm_low  c_w.l(btod.o)
    0x08003f18   0x08003f18   0x00000060   Code   RO          899    CL$$btod_d2e_norm_op1  c_w.l(btod.o)
    0x08003f78   0x08003f78   0x00000338   Code   RO          908    CL$$btod_div_common  c_w.l(btod.o)
    0x080042b0   0x080042b0   0x000000dc   Code   RO          905    CL$$btod_e2e        c_w.l(btod.o)
    0x0800438c   0x0800438c   0x0000002a   Code   RO          902    CL$$btod_ediv       c_w.l(btod.o)
    0x080043b6   0x080043b6   0x0000002a   Code   RO          901    CL$$btod_emul       c_w.l(btod.o)
    0x080043e0   0x080043e0   0x00000244   Code   RO          907    CL$$btod_mult_common  c_w.l(btod.o)
    0x08004624   0x08004624   0x00000028   Code   RO          848    i.__ARM_fpclassify  m_ws.l(fpclassify.o)
    0x0800464c   0x0800464c   0x00000388   Code   RO          853    i.__ieee754_rem_pio2  m_ws.l(rred.o)
    0x080049d4   0x080049d4   0x000000fc   Code   RO          831    i.__kernel_cos      m_ws.l(cos_i.o)
    0x08004ad0   0x08004ad0   0x000000aa   Code   RO          850    i.__kernel_poly     m_ws.l(poly.o)
    0x08004b7a   0x08004b7a   0x00000002   PAD
    0x08004b7c   0x08004b7c   0x000000ec   Code   RO          858    i.__kernel_sin      m_ws.l(sin_i.o)
    0x08004c68   0x08004c68   0x00000010   Code   RO          834    i.__mathlib_dbl_divzero  m_ws.l(dunder.o)
    0x08004c78   0x08004c78   0x00000006   Code   RO          835    i.__mathlib_dbl_infnan  m_ws.l(dunder.o)
    0x08004c7e   0x08004c7e   0x00000004   Code   RO          836    i.__mathlib_dbl_infnan2  m_ws.l(dunder.o)
    0x08004c82   0x08004c82   0x0000000c   Code   RO          837    i.__mathlib_dbl_invalid  m_ws.l(dunder.o)
    0x08004c8e   0x08004c8e   0x0000000e   Code   RO          838    i.__mathlib_dbl_overflow  m_ws.l(dunder.o)
    0x08004c9c   0x08004c9c   0x00000010   Code   RO          840    i.__mathlib_dbl_underflow  m_ws.l(dunder.o)
    0x08004cac   0x08004cac   0x0000000e   Code   RO          697    i._is_digit         c_w.l(__printf_wp.o)
    0x08004cba   0x08004cba   0x00000002   PAD
    0x08004cbc   0x08004cbc   0x0000009c   Code   RO          767    i.cos               m_ws.l(cos.o)
    0x08004d58   0x08004d58   0x000009d8   Code   RO          775    i.pow               m_ws.l(pow.o)
    0x08005730   0x08005730   0x000000a0   Code   RO          785    i.sin               m_ws.l(sin.o)
    0x080057d0   0x080057d0   0x0000004c   Code   RO          793    i.sqrt              m_ws.l(sqrt.o)
    0x0800581c   0x0800581c   0x0000002c   Code   RO          921    locale$$code        c_w.l(lc_numeric_c.o)
    0x08005848   0x08005848   0x00000062   Code   RO          716    x$fpl$d2f           fz_ws.l(d2f.o)
    0x080058aa   0x080058aa   0x00000002   PAD
    0x080058ac   0x080058ac   0x00000150   Code   RO          718    x$fpl$dadd          fz_ws.l(daddsub_clz.o)
    0x080059fc   0x080059fc   0x00000010   Code   RO          923    x$fpl$dcheck1       fz_ws.l(dcheck1.o)
    0x08005a0c   0x08005a0c   0x00000018   Code   RO          925    x$fpl$dcmpinf       fz_ws.l(dcmpi.o)
    0x08005a24   0x08005a24   0x000002b0   Code   RO          725    x$fpl$ddiv          fz_ws.l(ddiv.o)
    0x08005cd4   0x08005cd4   0x0000005e   Code   RO          728    x$fpl$dfix          fz_ws.l(dfix.o)
    0x08005d32   0x08005d32   0x0000002e   Code   RO          733    x$fpl$dflt          fz_ws.l(dflt_clz.o)
    0x08005d60   0x08005d60   0x00000026   Code   RO          732    x$fpl$dfltu         fz_ws.l(dflt_clz.o)
    0x08005d86   0x08005d86   0x00000002   PAD
    0x08005d88   0x08005d88   0x00000078   Code   RO          814    x$fpl$dleqf         fz_ws.l(dleqf.o)
    0x08005e00   0x08005e00   0x00000154   Code   RO          738    x$fpl$dmul          fz_ws.l(dmul.o)
    0x08005f54   0x08005f54   0x0000009c   Code   RO          816    x$fpl$dnaninf       fz_ws.l(dnaninf.o)
    0x08005ff0   0x08005ff0   0x0000000c   Code   RO          818    x$fpl$dretinf       fz_ws.l(dretinf.o)
    0x08005ffc   0x08005ffc   0x0000006c   Code   RO          820    x$fpl$drleqf        fz_ws.l(drleqf.o)
    0x08006068   0x08006068   0x00000016   Code   RO          719    x$fpl$drsb          fz_ws.l(daddsub_clz.o)
    0x0800607e   0x0800607e   0x00000002   PAD
    0x08006080   0x08006080   0x000001cc   Code   RO          822    x$fpl$dsqrt         fz_ws.l(dsqrt_noumaal.o)
    0x0800624c   0x0800624c   0x000001d4   Code   RO          720    x$fpl$dsub          fz_ws.l(daddsub_clz.o)
    0x08006420   0x08006420   0x00000056   Code   RO          740    x$fpl$f2d           fz_ws.l(f2d.o)
    0x08006476   0x08006476   0x00000002   PAD
    0x08006478   0x08006478   0x000000c4   Code   RO          742    x$fpl$fadd          fz_ws.l(faddsub_clz.o)
    0x0800653c   0x0800653c   0x00000184   Code   RO          749    x$fpl$fdiv          fz_ws.l(fdiv.o)
    0x080066c0   0x080066c0   0x00000036   Code   RO          752    x$fpl$ffix          fz_ws.l(ffix.o)
    0x080066f6   0x080066f6   0x00000002   PAD
    0x080066f8   0x080066f8   0x00000030   Code   RO          757    x$fpl$fflt          fz_ws.l(fflt_clz.o)
    0x08006728   0x08006728   0x00000026   Code   RO          756    x$fpl$ffltu         fz_ws.l(fflt_clz.o)
    0x0800674e   0x0800674e   0x00000002   PAD
    0x08006750   0x08006750   0x00000102   Code   RO          762    x$fpl$fmul          fz_ws.l(fmul.o)
    0x08006852   0x08006852   0x0000008c   Code   RO          824    x$fpl$fnaninf       fz_ws.l(fnaninf.o)
    0x080068de   0x080068de   0x0000000a   Code   RO          826    x$fpl$fretinf       fz_ws.l(fretinf.o)
    0x080068e8   0x080068e8   0x000000ea   Code   RO          744    x$fpl$fsub          fz_ws.l(faddsub_clz.o)
    0x080069d2   0x080069d2   0x00000004   Code   RO          764    x$fpl$printf1       fz_ws.l(printf1.o)
    0x080069d6   0x080069d6   0x00000064   Code   RO          989    x$fpl$retnan        fz_ws.l(retnan.o)
    0x08006a3a   0x08006a3a   0x0000005c   Code   RO          828    x$fpl$scalbn        fz_ws.l(scalbn.o)
    0x08006a96   0x08006a96   0x00000030   Code   RO          997    x$fpl$trapveneer    fz_ws.l(trapv.o)
    0x08006ac6   0x08006ac6   0x00000000   Code   RO          830    x$fpl$usenofp       fz_ws.l(usenofp.o)
    0x08006ac6   0x08006ac6   0x00000002   PAD
    0x08006ac8   0x08006ac8   0x00000088   Data   RO          776    .constdata          m_ws.l(pow.o)
    0x08006b50   0x08006b50   0x00000030   Data   RO          832    .constdata          m_ws.l(cos_i.o)
    0x08006b80   0x08006b80   0x00000008   Data   RO          852    .constdata          m_ws.l(qnan.o)
    0x08006b88   0x08006b88   0x000000c8   Data   RO          855    .constdata          m_ws.l(rred.o)
    0x08006c50   0x08006c50   0x00000028   Data   RO          859    .constdata          m_ws.l(sin_i.o)
    0x08006c78   0x08006c78   0x00000094   Data   RO          896    .constdata          c_w.l(bigflt0.o)
    0x08006d0c   0x08006d0c   0x00000020   Data   RO         1068    Region$$Table       anon$$obj.o
    0x08006d2c   0x08006d2c   0x0000001c   Data   RO          920    locale$$data        c_w.l(lc_numeric_c.o)


    Execution Region RW_IRAM1 (Exec base: 0x20000000, Load base: 0x08006d48, Size: 0x00001280, Max: 0x00010000, ABSOLUTE)

    Exec Addr    Load Addr    Size         Type   Attr      Idx    E Section Name        Object

    0x20000000   0x08006d48   0x00000014   Data   RW          173    .data               system_stm32f10x.o
    0x20000014   0x08006d5c   0x00000014   Data   RW          401    .data               stm32f10x_rcc.o
    0x20000028   0x08006d70   0x00000004   Data   RW          487    .data               delay.o
    0x2000002c   0x08006d74   0x0000001a   Data   RW          518    .data               usart.o
    0x20000046   0x08006d8e   0x00000002   PAD
    0x20000048   0x08006d90   0x0000000c   Data   RW          581    .data               timer.o
    0x20000054        -       0x000000c8   Zero   RW          517    .bss                usart.o
    0x2000011c        -       0x00000100   Zero   RW          580    .bss                timer.o
    0x2000021c   0x08006d9c   0x00000004   PAD
    0x20000220        -       0x00000700   Zero   RW          631    .bss                dsp_g2.o
    0x20000920        -       0x00000300   Zero   RW          650    .bss                dsp_asm.o
    0x20000c20        -       0x00000060   Zero   RW          930    .bss                c_w.l(libspace.o)
    0x20000c80        -       0x00000200   Zero   RW          202    HEAP                startup_stm32f10x_hd.o
    0x20000e80        -       0x00000400   Zero   RW          201    STACK               startup_stm32f10x_hd.o


==============================================================================

Image component sizes


      Code (inc. data)   RO Data    RW Data    ZI Data      Debug   Object Name

       232          8          0          0          0       1075   adc.o
         0          0          0          0          0         32   core_cm3.o
       718        240          0          0          0        304   cr4_fft_64_stm32.o
       212         18          0          4          0        999   delay.o
       628         94          0          0        768       2120   dsp_asm.o
       320         70          0          0       1792       1585   dsp_g2.o
       732          6          0          0          0       1885   fft2.o
       248         14          0          0          0        993   led.o
       324         50          0          0          0     263161   main.o
       220         22          0          0          0       1757   misc.o
        64         26        304          0       1536        780   startup_stm32f10x_hd.o
      1102         26          0          0          0      11001   stm32f10x_adc.o
       860         38          0          0          0       5689   stm32f10x_gpio.o
        26          0          0          0          0     204210   stm32f10x_it.o
       932         36          0         20          0       8848   stm32f10x_rcc.o
      3610         88          0          0          0      22800   stm32f10x_tim.o
      1032         22          0          0          0       8416   stm32f10x_usart.o
       480         38          0         20          0       1671   system_stm32f10x.o
       468         46          0         12        256       2263   timer.o
       736         58          0         26        200       5079   usart.o

    ----------------------------------------------------------------------
     12952        902        336         84       4556     544668   Object Totals
         0          0         32          0          0          0   (incl. Generated)
         8          2          0          2          4          0   (incl. Padding)

    ----------------------------------------------------------------------

      Code (inc. data)   RO Data    RW Data    ZI Data      Debug   Library Member Name

         8          0          0          0          0         68   __main.o
       284          0          0          0          0        156   __printf_wp.o
         0          0          0          0          0          0   __rtentry.o
        12          0          0          0          0          0   __rtentry2.o
         6          0          0          0          0          0   __rtentry4.o
        52          8          0          0          0          0   __scatter.o
        26          0          0          0          0          0   __scatter_copy.o
        28          0          0          0          0          0   __scatter_zi.o
        48          6          0          0          0         96   _printf_char_common.o
         6          0          0          0          0          0   _printf_d.o
       120         16          0          0          0         92   _printf_dec.o
         6          0          0          0          0          0   _printf_f.o
      1054          0          0          0          0        216   _printf_fp_dec.o
       128         16          0          0          0         84   _printf_fp_infnan.o
       178          0          0          0          0         88   _printf_intcommon.o
         0          0          0          0          0          0   _printf_percent.o
         4          0          0          0          0          0   _printf_percent_end.o
        22          0          0          0          0        100   _rserrno.o
        10          0          0          0          0         68   _sputc.o
       228          4        148          0          0         96   bigflt0.o
      1936        128          0          0          0        672   btod.o
        18          0          0          0          0         80   exit.o
         6          0          0          0          0        152   heapauxi.o
        44         10         28          0          0         76   lc_numeric_c.o
         2          0          0          0          0          0   libinit.o
        18          0          0          0          0          0   libinit2.o
         2          0          0          0          0          0   libshutdown.o
         2          0          0          0          0          0   libshutdown2.o
         8          4          0          0         96         68   libspace.o
       138          0          0          0          0         80   lludiv10.o
        40          6          0          0          0         84   noretval__2sprintf.o
         8          4          0          0          0         68   rt_errno_addr_intlibspace.o
         8          4          0          0          0         68   rt_locale_intlibspace.o
        78          0          0          0          0         80   rt_memclr_w.o
         2          0          0          0          0          0   rtexit.o
        10          0          0          0          0          0   rtexit2.o
       128          0          0          0          0         68   strcmpv7m.o
        74          0          0          0          0         80   sys_stackheap_outer.o
         2          0          0          0          0         68   use_no_semi.o
         2          0          0          0          0         68   use_no_semi_2.o
        98          4          0          0          0         92   d2f.o
       826         16          0          0          0        348   daddsub_clz.o
        16          4          0          0          0         68   dcheck1.o
        24          0          0          0          0         68   dcmpi.o
       688        140          0          0          0        208   ddiv.o
        94          4          0          0          0         92   dfix.o
        84          0          0          0          0        136   dflt_clz.o
       120          4          0          0          0         92   dleqf.o
       340         12          0          0          0        104   dmul.o
       156          4          0          0          0         92   dnaninf.o
        12          0          0          0          0         68   dretinf.o
       108          0          0          0          0         80   drleqf.o
       460         56          0          0          0        120   dsqrt_noumaal.o
        86          4          0          0          0         84   f2d.o
       430          8          0          0          0        168   faddsub_clz.o
       388         76          0          0          0         96   fdiv.o
        54          4          0          0          0         84   ffix.o
        86          0          0          0          0        136   fflt_clz.o
       258          4          0          0          0         84   fmul.o
       140          4          0          0          0         84   fnaninf.o
        10          0          0          0          0         68   fretinf.o
         4          0          0          0          0         68   printf1.o
       100          0          0          0          0         68   retnan.o
        92          0          0          0          0         68   scalbn.o
        48          0          0          0          0         68   trapv.o
         0          0          0          0          0          0   usenofp.o
       156          8          0          0          0        104   cos.o
       252         22         48          0          0        124   cos_i.o
        68         10          0          0          0        408   dunder.o
        40          0          0          0          0         68   fpclassify.o
       170          0          0          0          0         96   poly.o
      2520        190        136          0          0        324   pow.o
         0          0          8          0          0          0   qnan.o
       904         76        200          0          0        140   rred.o
       160         10          0          0          0        108   sin.o
       236         12         40          0          0        128   sin_i.o
        76          0          0          0          0         84   sqrt.o

    ----------------------------------------------------------------------
     14080        878        608          0         96       7004   Library Totals
        30          0          0          0          0          0   (incl. Padding)

    ----------------------------------------------------------------------

      Code (inc. data)   RO Data    RW Data    ZI Data      Debug   Library Name

      4746        206        176          0         96       2776   c_w.l
      4722        344          0          0          0       2644   fz_ws.l
      4582        328        432          0          0       1584   m_ws.l

    ----------------------------------------------------------------------
     14080        878        608          0         96       7004   Library Totals

    ----------------------------------------------------------------------

==============================================================================


      Code (inc. data)   RO Data    RW Data    ZI Data      Debug   

     27032       1780        944         84       4652     546416   Grand Totals
     27032       1780        944         84       4652     546416   ELF Image Totals
     27032       1780        944         84          0          0   ROM Totals

==============================================================================

    Total RO  Size (Code + RO Data)                27976 (  27.32kB)
    Total RW  Size (RW Data + ZI Data)              4736 (   4.63kB)
    Total ROM Size (Code + RO Data + RW Data)      28060 (  27.40kB)

==============================================================================

