Component: ARM Compiler 5.06 update 5 (build 528) Tool: armlink [4d35e2]

==============================================================================

Section Cross References

    main.o(.text) refers to rt_memclr_w.o(.text) for __aeabi_memclr4
    main.o(.text) refers to delay.o(.text) for delay_init
    main.o(.text) refers to adc.o(.text) for Adc_Init
    main.o(.text) refers to led.o(.text) for LED_Init
    main.o(.text) refers to misc.o(.text) for NVIC_PriorityGroupConfig
    main.o(.text) refers to usart.o(.text) for uart_init
    main.o(.text) refers to timer.o(.text) for TIM3_Int_Init
    main.o(.text) refers to dsp_g2.o(.text) for dsp_g2_test
    main.o(.text) refers to handlefft.o(.text) for handle_fft_result
    main.o(.text) refers to stm32f10x_tim.o(.text) for TIM_Cmd
    main.o(.text) refers to stm32f10x_usart.o(.text) for USART_GetFlagStatus
    main.o(.text) refers to timer.o(.data) for Flag_Can_Do_FFT
    main.o(.text) refers to handlefft.o(.data) for harmonic_regression
    main.o(.text) refers to main.o(.data) for last_harmonic_regression
    system_stm32f10x.o(.text) refers to system_stm32f10x.o(.data) for SystemCoreClock
    startup_stm32f10x_hd.o(STACK) refers (Special) to heapauxi.o(.text) for __use_two_region_memory
    startup_stm32f10x_hd.o(HEAP) refers (Special) to heapauxi.o(.text) for __use_two_region_memory
    startup_stm32f10x_hd.o(RESET) refers (Special) to heapauxi.o(.text) for __use_two_region_memory
    startup_stm32f10x_hd.o(RESET) refers to startup_stm32f10x_hd.o(STACK) for __initial_sp
    startup_stm32f10x_hd.o(RESET) refers to startup_stm32f10x_hd.o(.text) for Reset_Handler
    startup_stm32f10x_hd.o(RESET) refers to stm32f10x_it.o(.text) for NMI_Handler
    startup_stm32f10x_hd.o(RESET) refers to timer.o(.text) for TIM3_IRQHandler
    startup_stm32f10x_hd.o(RESET) refers to usart.o(.text) for USART1_IRQHandler
    startup_stm32f10x_hd.o(.text) refers (Special) to heapauxi.o(.text) for __use_two_region_memory
    startup_stm32f10x_hd.o(.text) refers to system_stm32f10x.o(.text) for SystemInit
    startup_stm32f10x_hd.o(.text) refers to __main.o(!!!main) for __main
    startup_stm32f10x_hd.o(.text) refers to startup_stm32f10x_hd.o(HEAP) for Heap_Mem
    startup_stm32f10x_hd.o(.text) refers to startup_stm32f10x_hd.o(STACK) for Stack_Mem
    stm32f10x_adc.o(.text) refers to stm32f10x_rcc.o(.text) for RCC_APB2PeriphResetCmd
    stm32f10x_bkp.o(.text) refers to stm32f10x_rcc.o(.text) for RCC_BackupResetCmd
    stm32f10x_can.o(.text) refers to stm32f10x_rcc.o(.text) for RCC_APB1PeriphResetCmd
    stm32f10x_cec.o(.text) refers to stm32f10x_rcc.o(.text) for RCC_APB1PeriphResetCmd
    stm32f10x_dac.o(.text) refers to stm32f10x_rcc.o(.text) for RCC_APB1PeriphResetCmd
    stm32f10x_gpio.o(.text) refers to stm32f10x_rcc.o(.text) for RCC_APB2PeriphResetCmd
    stm32f10x_i2c.o(.text) refers to stm32f10x_rcc.o(.text) for RCC_APB1PeriphResetCmd
    stm32f10x_pwr.o(.text) refers to stm32f10x_rcc.o(.text) for RCC_APB1PeriphResetCmd
    stm32f10x_rcc.o(.text) refers to stm32f10x_rcc.o(.data) for APBAHBPrescTable
    stm32f10x_spi.o(.text) refers to stm32f10x_rcc.o(.text) for RCC_APB2PeriphResetCmd
    stm32f10x_tim.o(.text) refers to stm32f10x_rcc.o(.text) for RCC_APB2PeriphResetCmd
    stm32f10x_usart.o(.text) refers to stm32f10x_rcc.o(.text) for RCC_APB2PeriphResetCmd
    stm32f10x_wwdg.o(.text) refers to stm32f10x_rcc.o(.text) for RCC_APB1PeriphResetCmd
    delay.o(.text) refers to misc.o(.text) for SysTick_CLKSourceConfig
    delay.o(.text) refers to system_stm32f10x.o(.data) for SystemCoreClock
    delay.o(.text) refers to delay.o(.data) for fac_us
    usart.o(.text) refers (Special) to use_no_semi_2.o(.text) for __use_no_semihosting
    usart.o(.text) refers to stm32f10x_rcc.o(.text) for RCC_APB2PeriphClockCmd
    usart.o(.text) refers to stm32f10x_gpio.o(.text) for GPIO_Init
    usart.o(.text) refers to misc.o(.text) for NVIC_Init
    usart.o(.text) refers to stm32f10x_usart.o(.text) for USART_Init
    usart.o(.text) refers to led.o(.text) for led_display
    usart.o(.text) refers to stm32f10x_tim.o(.text) for TIM_Cmd
    usart.o(.text) refers to usart.o(.data) for Rcv_Len
    usart.o(.text) refers to usart.o(.bss) for USART_RX_BUF
    usart.o(.bss) refers (Special) to use_no_semi_2.o(.text) for __use_no_semihosting
    usart.o(.data) refers (Special) to use_no_semi_2.o(.text) for __use_no_semihosting
    adc.o(.text) refers to stm32f10x_rcc.o(.text) for RCC_APB2PeriphClockCmd
    adc.o(.text) refers to stm32f10x_gpio.o(.text) for GPIO_Init
    adc.o(.text) refers to stm32f10x_adc.o(.text) for ADC_DeInit
    adc.o(.text) refers to delay.o(.text) for delay_ms
    timer.o(.text) refers to stm32f10x_rcc.o(.text) for RCC_APB1PeriphClockCmd
    timer.o(.text) refers to stm32f10x_tim.o(.text) for TIM_TimeBaseInit
    timer.o(.text) refers to misc.o(.text) for NVIC_Init
    timer.o(.text) refers to rt_memclr_w.o(.text) for __aeabi_memclr4
[...]
    .text                                    0x08003664   Section        0  _sputc.o(.text)
    .text                                    0x08003670   Section        8  rt_locale_intlibspace.o(.text)
    .text                                    0x08003678   Section        8  rt_errno_addr_intlibspace.o(.text)
    .text                                    0x08003680   Section      138  lludiv10.o(.text)
    .text                                    0x0800370c   Section        0  _printf_fp_infnan.o(.text)
    .text                                    0x0800378c   Section        0  bigflt0.o(.text)
    .text                                    0x08003870   Section        8  libspace.o(.text)
    .text                                    0x08003878   Section       74  sys_stackheap_outer.o(.text)
    .text                                    0x080038c2   Section        0  exit.o(.text)
    .text                                    0x080038d4   Section      128  strcmpv7m.o(.text)
    CL$$btod_d2e                             0x08003954   Section       62  btod.o(CL$$btod_d2e)
    CL$$btod_d2e_denorm_low                  0x08003992   Section       70  btod.o(CL$$btod_d2e_denorm_low)
    CL$$btod_d2e_norm_op1                    0x080039d8   Section       96  btod.o(CL$$btod_d2e_norm_op1)
    CL$$btod_div_common                      0x08003a38   Section      824  btod.o(CL$$btod_div_common)
    CL$$btod_e2e                             0x08003d70   Section      220  btod.o(CL$$btod_e2e)
    CL$$btod_ediv                            0x08003e4c   Section       42  btod.o(CL$$btod_ediv)
    CL$$btod_emul                            0x08003e76   Section       42  btod.o(CL$$btod_emul)
    CL$$btod_mult_common                     0x08003ea0   Section      580  btod.o(CL$$btod_mult_common)
    i.__ARM_fpclassify                       0x080040e4   Section        0  fpclassify.o(i.__ARM_fpclassify)
    i.__ieee754_rem_pio2                     0x0800410c   Section        0  rred.o(i.__ieee754_rem_pio2)
    i.__kernel_cos                           0x08004494   Section        0  cos_i.o(i.__kernel_cos)
    i.__kernel_poly                          0x08004590   Section        0  poly.o(i.__kernel_poly)
    i.__kernel_sin                           0x0800463c   Section        0  sin_i.o(i.__kernel_sin)
    i.__mathlib_dbl_divzero                  0x08004728   Section        0  dunder.o(i.__mathlib_dbl_divzero)
    i.__mathlib_dbl_infnan                   0x08004738   Section        0  dunder.o(i.__mathlib_dbl_infnan)
    i.__mathlib_dbl_infnan2                  0x0800473e   Section        0  dunder.o(i.__mathlib_dbl_infnan2)
    i.__mathlib_dbl_invalid                  0x08004742   Section        0  dunder.o(i.__mathlib_dbl_invalid)
    i.__mathlib_dbl_overflow                 0x0800474e   Section        0  dunder.o(i.__mathlib_dbl_overflow)
    i.__mathlib_dbl_underflow                0x0800475c   Section        0  dunder.o(i.__mathlib_dbl_underflow)
    i._is_digit                              0x0800476c   Section        0  __printf_wp.o(i._is_digit)
    i.cos                                    0x0800477c   Section        0  cos.o(i.cos)
    i.pow                                    0x08004818   Section        0  pow.o(i.pow)
    i.sin                                    0x080051f0   Section        0  sin.o(i.sin)
    i.sqrt                                   0x08005290   Section        0  sqrt.o(i.sqrt)
    locale$$code                             0x080052dc   Section       44  lc_numeric_c.o(locale$$code)
    x$fpl$d2f                                0x08005308   Section       98  d2f.o(x$fpl$d2f)
    x$fpl$dadd                               0x0800536c   Section      336  daddsub_clz.o(x$fpl$dadd)
    _dadd1                                   0x0800537d   Thumb Code     0  daddsub_clz.o(x$fpl$dadd)
    x$fpl$dcheck1                            0x080054bc   Section       16  dcheck1.o(x$fpl$dcheck1)
    x$fpl$dcmpinf                            0x080054cc   Section       24  dcmpi.o(x$fpl$dcmpinf)
    x$fpl$ddiv                               0x080054e4   Section      688  ddiv.o(x$fpl$ddiv)
    ddiv_entry                               0x080054eb   Thumb Code     0  ddiv.o(x$fpl$ddiv)
    x$fpl$dfix                               0x08005794   Section       94  dfix.o(x$fpl$dfix)
    x$fpl$dflt                               0x080057f2   Section       46  dflt_clz.o(x$fpl$dflt)
    x$fpl$dfltu                              0x08005820   Section       38  dflt_clz.o(x$fpl$dfltu)
    x$fpl$dleqf                              0x08005848   Section      120  dleqf.o(x$fpl$dleqf)
    x$fpl$dmul                               0x080058c0   Section      340  dmul.o(x$fpl$dmul)
    x$fpl$dnaninf                            0x08005a14   Section      156  dnaninf.o(x$fpl$dnaninf)
    x$fpl$dretinf                            0x08005ab0   Section       12  dretinf.o(x$fpl$dretinf)
    x$fpl$drleqf                             0x08005abc   Section      108  drleqf.o(x$fpl$drleqf)
    x$fpl$drsb                               0x08005b28   Section       22  daddsub_clz.o(x$fpl$drsb)
    x$fpl$dsqrt                              0x08005b40   Section      460  dsqrt_noumaal.o(x$fpl$dsqrt)
    x$fpl$dsub                               0x08005d0c   Section      468  daddsub_clz.o(x$fpl$dsub)
    _dsub1                                   0x08005d1d   Thumb Code     0  daddsub_clz.o(x$fpl$dsub)
    x$fpl$f2d                                0x08005ee0   Section       86  f2d.o(x$fpl$f2d)
    x$fpl$fadd                               0x08005f38   Section      196  faddsub_clz.o(x$fpl$fadd)
    _fadd1                                   0x08005f47   Thumb Code     0  faddsub_clz.o(x$fpl$fadd)
    x$fpl$fdiv                               0x08005ffc   Section      388  fdiv.o(x$fpl$fdiv)
    _fdiv1                                   0x08005ffd   Thumb Code     0  fdiv.o(x$fpl$fdiv)
    x$fpl$fflt                               0x08006180   Section       48  fflt_clz.o(x$fpl$fflt)
    x$fpl$ffltu                              0x080061b0   Section       38  fflt_clz.o(x$fpl$ffltu)
    x$fpl$fmul                               0x080061d8   Section      258  fmul.o(x$fpl$fmul)
    x$fpl$fnaninf                            0x080062da   Section      140  fnaninf.o(x$fpl$fnaninf)
    x$fpl$fretinf                            0x08006366   Section       10  fretinf.o(x$fpl$fretinf)
    x$fpl$frsb                               0x08006370   Section       20  faddsub_clz.o(x$fpl$frsb)
    x$fpl$fsub                               0x08006384   Section      234  faddsub_clz.o(x$fpl$fsub)
    _fsub1                                   0x08006393   Thumb Code     0  faddsub_clz.o(x$fpl$fsub)
    x$fpl$printf1                            0x0800646e   Section        4  printf1.o(x$fpl$printf1)
    x$fpl$retnan                             0x08006472   Section      100  retnan.o(x$fpl$retnan)
    x$fpl$scalbn                             0x080064d6   Section       92  scalbn.o(x$fpl$scalbn)
    x$fpl$trapveneer                         0x08006532   Section       48  trapv.o(x$fpl$trapveneer)
    x$fpl$usenofp                            0x08006562   Section        0  usenofp.o(x$fpl$usenofp)
    .constdata                               0x08006568   Section      136  pow.o(.constdata)
    bp                                       0x08006568   Data          16  pow.o(.constdata)
    dp_h                                     0x08006578   Data          16  pow.o(.constdata)
    dp_l                                     0x08006588   Data          16  pow.o(.constdata)
    L                                        0x08006598   Data          48  pow.o(.constdata)
    P                                        0x080065c8   Data          40  pow.o(.constdata)
    .constdata                               0x080065f0   Section       48  cos_i.o(.constdata)
    C                                        0x080065f0   Data          48  cos_i.o(.constdata)
    .constdata                               0x08006620   Section        8  qnan.o(.constdata)
    .constdata                               0x08006628   Section      200  rred.o(.constdata)
    pio2s                                    0x08006628   Data          48  rred.o(.constdata)
    twooverpi                                0x08006658   Data         152  rred.o(.constdata)
    .constdata                               0x080066f0   Section       40  sin_i.o(.constdata)
    S                                        0x080066f0   Data          40  sin_i.o(.constdata)
    .constdata                               0x08006718   Section      148  bigflt0.o(.constdata)
    tenpwrs_x                                0x08006718   Data          60  bigflt0.o(.constdata)
    tenpwrs_i                                0x08006754   Data          64  bigflt0.o(.constdata)
    locale$$data                             0x080067cc   Section       28  lc_numeric_c.o(locale$$data)
    __lcnum_c_name                           0x080067d0   Data           2  lc_numeric_c.o(locale$$data)
    __lcnum_c_start                          0x080067d8   Data           0  lc_numeric_c.o(locale$$data)
    __lcnum_c_point                          0x080067e4   Data           0  lc_numeric_c.o(locale$$data)
    __lcnum_c_thousands                      0x080067e6   Data           0  lc_numeric_c.o(locale$$data)
    __lcnum_c_grouping                       0x080067e7   Data           0  lc_numeric_c.o(locale$$data)
    __lcnum_c_end                            0x080067e8   Data           0  lc_numeric_c.o(locale$$data)
    .data                                    0x20000000   Section       16  main.o(.data)
    .data                                    0x20000010   Section       20  system_stm32f10x.o(.data)
    .data                                    0x20000024   Section       20  stm32f10x_rcc.o(.data)
    APBAHBPrescTable                         0x20000024   Data          16  stm32f10x_rcc.o(.data)
    ADCPrescTable                            0x20000034   Data           4  stm32f10x_rcc.o(.data)
    .data                                    0x20000038   Section        4  delay.o(.data)
    fac_us                                   0x20000038   Data           1  delay.o(.data)
    fac_ms                                   0x2000003a   Data           2  delay.o(.data)
    .data                                    0x2000003c   Section       26  usart.o(.data)
    .data                                    0x20000058   Section       12  timer.o(.data)
    .data                                    0x20000064   Section       16  handlefft.o(.data)
    .bss                                     0x20000074   Section      200  usart.o(.bss)
    .bss                                     0x2000013c   Section      256  timer.o(.bss)
    .bss                                     0x20000240   Section     1536  dsp_g2.o(.bss)
    .bss                                     0x20000840   Section       96  libspace.o(.bss)
    HEAP                                     0x200008a0   Section      512  startup_stm32f10x_hd.o(HEAP)
    Heap_Mem                                 0x200008a0   Data         512  startup_stm32f10x_hd.o(HEAP)
    STACK                                    0x20000aa0   Section     1024  startup_stm32f10x_hd.o(STACK)
    Stack_Mem                                0x20000aa0   Data        1024  startup_stm32f10x_hd.o(STACK)
    __initial_sp                             0x20000ea0   Data           0  startup_stm32f10x_hd.o(STACK)

    Global Symbols

    Symbol Name                              Value     Ov Type        Size  Object(Section)

    BuildAttributes$$THM_ISAv4$P$D$K$B$S$PE$A:L22UL41UL21$X:L11$S22US41US21$IEEE1$IW$USESV6$~STKCKD$USESV7$~SHL$OTIME$ROPI$IEEEX$EBA8$UX$STANDARDLIB$REQ8$PRES8$EABIv2 0x00000000   Number         0  anon$$obj.o ABSOLUTE
    __ARM_use_no_argv                        0x00000000   Number         0  main.o ABSOLUTE
    _printf_flags                            0x00000000   Number         0  printf_stubs.o ABSOLUTE
    _printf_return_value                     0x00000000   Number         0  printf_stubs.o ABSOLUTE
    _printf_sizespec                         0x00000000   Number         0  printf_stubs.o ABSOLUTE
    _printf_widthprec                        0x00000000   Number         0  printf_stubs.o ABSOLUTE
    __ARM_exceptions_init                     - Undefined Weak Reference
    __alloca_initialize                       - Undefined Weak Reference
    __arm_preinit_                            - Undefined Weak Reference
    __cpp_initialize__aeabi_                  - Undefined Weak Reference
    __cxa_finalize                            - Undefined Weak Reference
    __sigvec_lookup                           - Undefined Weak Reference
    _atexit_init                              - Undefined Weak Reference
    _call_atexit_fns                          - Undefined Weak Reference
    _clock_init                               - Undefined Weak Reference
    _fp_trap_init                             - Undefined Weak Reference
    _fp_trap_shutdown                         - Undefined Weak Reference
    _get_lc_collate                           - Undefined Weak Reference
    _get_lc_ctype                             - Undefined Weak Reference
    _get_lc_monetary                          - Undefined Weak Reference
    _get_lc_time                              - Undefined Weak Reference
    _getenv_init                              - Undefined Weak Reference
    _handle_redirection                       - Undefined Weak Reference
    _init_alloc                               - Undefined Weak Reference
    _init_user_alloc                          - Undefined Weak Reference
    _initio                                   - Undefined Weak Reference
    _printf_post_padding                      - Undefined Weak Reference
    _printf_pre_padding                       - Undefined Weak Reference
    _rand_init                                - Undefined Weak Reference
    _signal_finish                            - Undefined Weak Reference
    _signal_init                              - Undefined Weak Reference
    _terminate_alloc                          - Undefined Weak Reference
    _terminate_user_alloc                     - Undefined Weak Reference
    _terminateio                              - Undefined Weak Reference
    __Vectors_Size                           0x00000130   Number         0  startup_stm32f10x_hd.o ABSOLUTE
    __Vectors                                0x08000000   Data           4  startup_stm32f10x_hd.o(RESET)
    __Vectors_End                            0x08000130   Data           0  startup_stm32f10x_hd.o(RESET)
    __main                                   0x08000131   Thumb Code     8  __main.o(!!!main)
    __scatterload                            0x08000139   Thumb Code     0  __scatter.o(!!!scatter)
    __scatterload_rt2                        0x08000139   Thumb Code    44  __scatter.o(!!!scatter)
    __scatterload_rt2_thumb_only             0x08000139   Thumb Code     0  __scatter.o(!!!scatter)
    __scatterload_null                       0x08000147   Thumb Code     0  __scatter.o(!!!scatter)
    __scatterload_copy                       0x0800016d   Thumb Code    26  __scatter_copy.o(!!handler_copy)
    __scatterload_zeroinit                   0x08000189   Thumb Code    28  __scatter_zi.o(!!handler_zi)
    _printf_f                                0x080001a5   Thumb Code     0  _printf_f.o(.ARM.Collect$$_printf_percent$$00000003)
    _printf_percent                          0x080001a5   Thumb Code     0  _printf_percent.o(.ARM.Collect$$_printf_percent$$00000000)
    _printf_percent_end                      0x080001ab   Thumb Code     0  _printf_percent_end.o(.ARM.Collect$$_printf_percent$$00000017)
    __rt_lib_init                            0x080001af   Thumb Code     0  libinit.o(.ARM.Collect$$libinit$$00000000)
    __rt_lib_init_fp_1                       0x080001b1   Thumb Code     0  libinit2.o(.ARM.Collect$$libinit$$00000002)
    __rt_lib_init_heap_1                     0x080001b1   Thumb Code     0  libinit2.o(.ARM.Collect$$libinit$$0000000A)
    __rt_lib_init_lc_common                  0x080001b1   Thumb Code     0  libinit2.o(.ARM.Collect$$libinit$$0000000F)
    __rt_lib_init_preinit_1                  0x080001b1   Thumb Code     0  libinit2.o(.ARM.Collect$$libinit$$00000004)
    __rt_lib_init_rand_1                     0x080001b1   Thumb Code     0  libinit2.o(.ARM.Collect$$libinit$$0000000E)
    __rt_lib_init_user_alloc_1               0x080001b1   Thumb Code     0  libinit2.o(.ARM.Collect$$libinit$$0000000C)
    __rt_lib_init_lc_collate_1               0x080001b7   Thumb Code     0  libinit2.o(.ARM.Collect$$libinit$$00000011)
    __rt_lib_init_lc_ctype_1                 0x080001b7   Thumb Code     0  libinit2.o(.ARM.Collect$$libinit$$00000013)
    __rt_lib_init_lc_monetary_1              0x080001b7   Thumb Code     0  libinit2.o(.ARM.Collect$$libinit$$00000015)
    __rt_lib_init_lc_numeric_2               0x080001b7   Thumb Code     0  libinit2.o(.ARM.Collect$$libinit$$00000016)
    __rt_lib_init_alloca_1                   0x080001c1   Thumb Code     0  libinit2.o(.ARM.Collect$$libinit$$0000002E)
    __rt_lib_init_argv_1                     0x080001c1   Thumb Code     0  libinit2.o(.ARM.Collect$$libinit$$0000002C)
    __rt_lib_init_atexit_1                   0x080001c1   Thumb Code     0  libinit2.o(.ARM.Collect$$libinit$$0000001B)
    __rt_lib_init_clock_1                    0x080001c1   Thumb Code     0  libinit2.o(.ARM.Collect$$libinit$$00000021)
    __rt_lib_init_cpp_1                      0x080001c1   Thumb Code     0  libinit2.o(.ARM.Collect$$libinit$$00000032)
    __rt_lib_init_exceptions_1               0x080001c1   Thumb Code     0  libinit2.o(.ARM.Collect$$libinit$$00000030)
    __rt_lib_init_fp_trap_1                  0x080001c1   Thumb Code     0  libinit2.o(.ARM.Collect$$libinit$$0000001F)
    __rt_lib_init_getenv_1                   0x080001c1   Thumb Code     0  libinit2.o(.ARM.Collect$$libinit$$00000023)
    __rt_lib_init_lc_numeric_1               0x080001c1   Thumb Code     0  libinit2.o(.ARM.Collect$$libinit$$00000017)
    __rt_lib_init_lc_time_1                  0x080001c1   Thumb Code     0  libinit2.o(.ARM.Collect$$libinit$$00000019)
    __rt_lib_init_return                     0x080001c1   Thumb Code     0  libinit2.o(.ARM.Collect$$libinit$$00000033)
    __rt_lib_init_signal_1                   0x080001c1   Thumb Code     0  libinit2.o(.ARM.Collect$$libinit$$0000001D)
    __rt_lib_init_stdio_1                    0x080001c1   Thumb Code     0  libinit2.o(.ARM.Collect$$libinit$$00000025)
    __rt_lib_shutdown                        0x080001c3   Thumb Code     0  libshutdown.o(.ARM.Collect$$libshutdown$$00000000)
    __rt_lib_shutdown_cpp_1                  0x080001c5   Thumb Code     0  libshutdown2.o(.ARM.Collect$$libshutdown$$00000002)
    __rt_lib_shutdown_fp_trap_1              0x080001c5   Thumb Code     0  libshutdown2.o(.ARM.Collect$$libshutdown$$00000007)
    __rt_lib_shutdown_heap_1                 0x080001c5   Thumb Code     0  libshutdown2.o(.ARM.Collect$$libshutdown$$0000000F)
    __rt_lib_shutdown_return                 0x080001c5   Thumb Code     0  libshutdown2.o(.ARM.Collect$$libshutdown$$00000010)
    __rt_lib_shutdown_signal_1               0x080001c5   Thumb Code     0  libshutdown2.o(.ARM.Collect$$libshutdown$$0000000A)
    __rt_lib_shutdown_stdio_1                0x080001c5   Thumb Code     0  libshutdown2.o(.ARM.Collect$$libshutdown$$00000004)
    __rt_lib_shutdown_user_alloc_1           0x080001c5   Thumb Code     0  libshutdown2.o(.ARM.Collect$$libshutdown$$0000000C)
    __rt_entry                               0x080001c7   Thumb Code     0  __rtentry.o(.ARM.Collect$$rtentry$$00000000)
    __rt_entry_presh_1                       0x080001c7   Thumb Code     0  __rtentry2.o(.ARM.Collect$$rtentry$$00000002)
    __rt_entry_sh                            0x080001c7   Thumb Code     0  __rtentry4.o(.ARM.Collect$$rtentry$$00000004)
    __rt_entry_li                            0x080001cd   Thumb Code     0  __rtentry2.o(.ARM.Collect$$rtentry$$0000000A)
    __rt_entry_postsh_1                      0x080001cd   Thumb Code     0  __rtentry2.o(.ARM.Collect$$rtentry$$00000009)
    __rt_entry_main                          0x080001d1   Thumb Code     0  __rtentry2.o(.ARM.Collect$$rtentry$$0000000D)
    __rt_entry_postli_1                      0x080001d1   Thumb Code     0  __rtentry2.o(.ARM.Collect$$rtentry$$0000000C)
    __rt_exit                                0x080001d9   Thumb Code     0  rtexit.o(.ARM.Collect$$rtexit$$00000000)
    __rt_exit_ls                             0x080001db   Thumb Code     0  rtexit2.o(.ARM.Collect$$rtexit$$00000003)
    __rt_exit_prels_1                        0x080001db   Thumb Code     0  rtexit2.o(.ARM.Collect$$rtexit$$00000002)
    __rt_exit_exit                           0x080001df   Thumb Code     0  rtexit2.o(.ARM.Collect$$rtexit$$00000004)
    main                                     0x080001e5   Thumb Code   146  main.o(.text)
    NMI_Handler                              0x08000299   Thumb Code     2  stm32f10x_it.o(.text)
    HardFault_Handler                        0x0800029b   Thumb Code     4  stm32f10x_it.o(.text)
    MemManage_Handler                        0x0800029f   Thumb Code     4  stm32f10x_it.o(.text)
    BusFault_Handler                         0x080002a3   Thumb Code     4  stm32f10x_it.o(.text)
    UsageFault_Handler                       0x080002a7   Thumb Code     4  stm32f10x_it.o(.text)
    SVC_Handler                              0x080002ab   Thumb Code     2  stm32f10x_it.o(.text)
    DebugMon_Handler                         0x080002ad   Thumb Code     2  stm32f10x_it.o(.text)
    PendSV_Handler                           0x080002af   Thumb Code     2  stm32f10x_it.o(.text)
    SysTick_Handler                          0x080002b1   Thumb Code     2  stm32f10x_it.o(.text)
    SystemInit                               0x08000393   Thumb Code    78  system_stm32f10x.o(.text)
    SystemCoreClockUpdate                    0x080003e1   Thumb Code   142  system_stm32f10x.o(.text)
    Reset_Handler                            0x08000495   Thumb Code     8  startup_stm32f10x_hd.o(.text)
    ADC1_2_IRQHandler                        0x080004af   Thumb Code     0  startup_stm32f10x_hd.o(.text)
    ADC3_IRQHandler                          0x080004af   Thumb Code     0  startup_stm32f10x_hd.o(.text)
    CAN1_RX1_IRQHandler                      0x080004af   Thumb Code     0  startup_stm32f10x_hd.o(.text)
    CAN1_SCE_IRQHandler                      0x080004af   Thumb Code     0  startup_stm32f10x_hd.o(.text)
    DMA1_Channel1_IRQHandler                 0x080004af   Thumb Code     0  startup_stm32f10x_hd.o(.text)
    DMA1_Channel2_IRQHandler                 0x080004af   Thumb Code     0  startup_stm32f10x_hd.o(.text)
    DMA1_Channel3_IRQHandler                 0x080004af   Thumb Code     0  startup_stm32f10x_hd.o(.text)
    DMA1_Channel4_IRQHandler                 0x080004af   Thumb Code     0  startup_stm32f10x_hd.o(.text)
    DMA1_Channel5_IRQHandler                 0x080004af   Thumb Code     0  startup_stm32f10x_hd.o(.text)
    DMA1_Channel6_IRQHandler                 0x080004af   Thumb Code     0  startup_stm32f10x_hd.o(.text)
    DMA1_Channel7_IRQHandler                 0x080004af   Thumb Code     0  startup_stm32f10x_hd.o(.text)
    DMA2_Channel1_IRQHandler                 0x080004af   Thumb Code     0  startup_stm32f10x_hd.o(.text)
    DMA2_Channel2_IRQHandler                 0x080004af   Thumb Code     0  startup_stm32f10x_hd.o(.text)
    DMA2_Channel3_IRQHandler                 0x080004af   Thumb Code     0  startup_stm32f10x_hd.o(.text)
    DMA2_Channel4_5_IRQHandler               0x080004af   Thumb Code     0  startup_stm32f10x_hd.o(.text)
    EXTI0_IRQHandler                         0x080004af   Thumb Code     0  startup_stm32f10x_hd.o(.text)
    EXTI15_10_IRQHandler                     0x080004af   Thumb Code     0  startup_stm32f10x_hd.o(.text)
    EXTI1_IRQHandler                         0x080004af   Thumb Code     0  startup_stm32f10x_hd.o(.text)
    EXTI2_IRQHandler                         0x080004af   Thumb Code     0  startup_stm32f10x_hd.o(.text)
    EXTI3_IRQHandler                         0x080004af   Thumb Code     0  startup_stm32f10x_hd.o(.text)
    EXTI4_IRQHandler                         0x080004af   Thumb Code     0  startup_stm32f10x_hd.o(.text)
    EXTI9_5_IRQHandler                       0x080004af   Thumb Code     0  startup_stm32f10x_hd.o(.text)
    FLASH_IRQHandler                         0x080004af   Thumb Code     0  startup_stm32f10x_hd.o(.text)
    FSMC_IRQHandler                          0x080004af   Thumb Code     0  startup_stm32f10x_hd.o(.text)
    I2C1_ER_IRQHandler                       0x080004af   Thumb Code     0  startup_stm32f10x_hd.o(.text)
    I2C1_EV_IRQHandler                       0x080004af   Thumb Code     0  startup_stm32f10x_hd.o(.text)
    I2C2_ER_IRQHandler                       0x080004af   Thumb Code     0  startup_stm32f10x_hd.o(.text)
    I2C2_EV_IRQHandler                       0x080004af   Thumb Code     0  startup_stm32f10x_hd.o(.text)
    PVD_IRQHandler                           0x080004af   Thumb Code     0  startup_stm32f10x_hd.o(.text)
    RCC_IRQHandler                           0x080004af   Thumb Code     0  startup_stm32f10x_hd.o(.text)
    RTCAlarm_IRQHandler                      0x080004af   Thumb Code     0  startup_stm32f10x_hd.o(.text)
    RTC_IRQHandler                           0x080004af   Thumb Code     0  startup_stm32f10x_hd.o(.text)
    SDIO_IRQHandler                          0x080004af   Thumb Code     0  startup_stm32f10x_hd.o(.text)
    SPI1_IRQHandler                          0x080004af   Thumb Code     0  startup_stm32f10x_hd.o(.text)
    SPI2_IRQHandler                          0x080004af   Thumb Code     0  startup_stm32f10x_hd.o(.text)
    SPI3_IRQHandler                          0x080004af   Thumb Code     0  startup_stm32f10x_hd.o(.text)
    TAMPER_IRQHandler                        0x080004af   Thumb Code     0  startup_stm32f10x_hd.o(.text)
    TIM1_BRK_IRQHandler                      0x080004af   Thumb Code     0  startup_stm32f10x_hd.o(.text)
    TIM1_CC_IRQHandler                       0x080004af   Thumb Code     0  startup_stm32f10x_hd.o(.text)
    TIM1_TRG_COM_IRQHandler                  0x080004af   Thumb Code     0  startup_stm32f10x_hd.o(.text)
    TIM1_UP_IRQHandler                       0x080004af   Thumb Code     0  startup_stm32f10x_hd.o(.text)
    TIM2_IRQHandler                          0x080004af   Thumb Code     0  startup_stm32f10x_hd.o(.text)
    TIM5_IRQHandler                          0x080004af   Thumb Code     0  startup_stm32f10x_hd.o(.text)
    TIM6_IRQHandler                          0x080004af   Thumb Code     0  startup_stm32f10x_hd.o(.text)
    TIM7_IRQHandler                          0x080004af   Thumb Code     0  startup_stm32f10x_hd.o(.text)
    TIM8_BRK_IRQHandler                      0x080004af   Thumb Code     0  startup_stm32f10x_hd.o(.text)
    TIM8_CC_IRQHandler                       0x080004af   Thumb Code     0  startup_stm32f10x_hd.o(.text)
    TIM8_TRG_COM_IRQHandler                  0x080004af   Thumb Code     0  startup_stm32f10x_hd.o(.text)
    TIM8_UP_IRQHandler                       0x080004af   Thumb Code     0  startup_stm32f10x_hd.o(.text)
    UART4_IRQHandler                         0x080004af   Thumb Code     0  startup_stm32f10x_hd.o(.text)
    USART2_IRQHandler                        0x080004af   Thumb Code     0  startup_stm32f10x_hd.o(.text)
    USART3_IRQHandler                        0x080004af   Thumb Code     0  startup_stm32f10x_hd.o(.text)
    USBWakeUp_IRQHandler                     0x080004af   Thumb Code     0  startup_stm32f10x_hd.o(.text)
    USB_HP_CAN1_TX_IRQHandler                0x080004af   Thumb Code     0  startup_stm32f10x_hd.o(.text)
    USB_LP_CAN1_RX0_IRQHandler               0x080004af   Thumb Code     0  startup_stm32f10x_hd.o(.text)
    WWDG_IRQHandler                          0x080004af   Thumb Code     0  startup_stm32f10x_hd.o(.text)
    __user_initial_stackheap                 0x080004b1   Thumb Code     0  startup_stm32f10x_hd.o(.text)
    NVIC_PriorityGroupConfig                 0x080004d5   Thumb Code    10  misc.o(.text)
    NVIC_Init                                0x080004df   Thumb Code   100  misc.o(.text)
    NVIC_SetVectorTable                      0x08000543   Thumb Code    14  misc.o(.text)
    NVIC_SystemLPConfig                      0x08000551   Thumb Code    34  misc.o(.text)
    SysTick_CLKSourceConfig                  0x08000573   Thumb Code    40  misc.o(.text)
    ADC_DeInit                               0x080005b1   Thumb Code    78  stm32f10x_adc.o(.text)
    ADC_Init                                 0x080005ff   Thumb Code    70  stm32f10x_adc.o(.text)
    ADC_StructInit                           0x08000645   Thumb Code    18  stm32f10x_adc.o(.text)
    ADC_Cmd                                  0x08000657   Thumb Code    22  stm32f10x_adc.o(.text)
    ADC_DMACmd                               0x0800066d   Thumb Code    22  stm32f10x_adc.o(.text)
    ADC_ITConfig                             0x08000683   Thumb Code    24  stm32f10x_adc.o(.text)
    ADC_ResetCalibration                     0x0800069b   Thumb Code    10  stm32f10x_adc.o(.text)
    ADC_GetResetCalibrationStatus            0x080006a5   Thumb Code    20  stm32f10x_adc.o(.text)
    ADC_StartCalibration                     0x080006b9   Thumb Code    10  stm32f10x_adc.o(.text)
    ADC_GetCalibrationStatus                 0x080006c3   Thumb Code    20  stm32f10x_adc.o(.text)
    ADC_SoftwareStartConvCmd                 0x080006d7   Thumb Code    22  stm32f10x_adc.o(.text)
    ADC_GetSoftwareStartConvStatus           0x080006ed   Thumb Code    20  stm32f10x_adc.o(.text)
    ADC_DiscModeChannelCountConfig           0x08000701   Thumb Code    24  stm32f10x_adc.o(.text)
    ADC_DiscModeCmd                          0x08000719   Thumb Code    22  stm32f10x_adc.o(.text)
    ADC_RegularChannelConfig                 0x0800072f   Thumb Code   184  stm32f10x_adc.o(.text)
    ADC_ExternalTrigConvCmd                  0x080007e7   Thumb Code    22  stm32f10x_adc.o(.text)
    ADC_GetConversionValue                   0x080007fd   Thumb Code     8  stm32f10x_adc.o(.text)
    ADC_GetDualModeConversionValue           0x08000805   Thumb Code     8  stm32f10x_adc.o(.text)
    ADC_AutoInjectedConvCmd                  0x0800080d   Thumb Code    22  stm32f10x_adc.o(.text)
    ADC_InjectedDiscModeCmd                  0x08000823   Thumb Code    22  stm32f10x_adc.o(.text)
    ADC_ExternalTrigInjectedConvConfig       0x08000839   Thumb Code    16  stm32f10x_adc.o(.text)
    ADC_ExternalTrigInjectedConvCmd          0x08000849   Thumb Code    22  stm32f10x_adc.o(.text)
    ADC_SoftwareStartInjectedConvCmd         0x0800085f   Thumb Code    22  stm32f10x_adc.o(.text)
    ADC_GetSoftwareStartInjectedConvCmdStatus 0x08000875   Thumb Code    20  stm32f10x_adc.o(.text)
    ADC_InjectedChannelConfig                0x08000889   Thumb Code   130  stm32f10x_adc.o(.text)
    ADC_InjectedSequencerLengthConfig        0x0800090b   Thumb Code    24  stm32f10x_adc.o(.text)
    ADC_SetInjectedOffset                    0x08000923   Thumb Code    20  stm32f10x_adc.o(.text)
    ADC_GetInjectedConversionValue           0x08000937   Thumb Code    28  stm32f10x_adc.o(.text)
    ADC_AnalogWatchdogCmd                    0x08000953   Thumb Code    16  stm32f10x_adc.o(.text)
    ADC_AnalogWatchdogThresholdsConfig       0x08000963   Thumb Code     6  stm32f10x_adc.o(.text)
    ADC_AnalogWatchdogSingleChannelConfig    0x08000969   Thumb Code    16  stm32f10x_adc.o(.text)
    ADC_TempSensorVrefintCmd                 0x08000979   Thumb Code    64  stm32f10x_adc.o(.text)
    ADC_GetFlagStatus                        0x080009b9   Thumb Code    18  stm32f10x_adc.o(.text)
    ADC_ClearFlag                            0x080009cb   Thumb Code     6  stm32f10x_adc.o(.text)
    ADC_GetITStatus                          0x080009d1   Thumb Code    36  stm32f10x_adc.o(.text)
    ADC_ClearITPendingBit                    0x080009f5   Thumb Code    10  stm32f10x_adc.o(.text)
    GPIO_DeInit                              0x08000a01   Thumb Code   172  stm32f10x_gpio.o(.text)
    GPIO_AFIODeInit                          0x08000aad   Thumb Code    20  stm32f10x_gpio.o(.text)
    GPIO_Init                                0x08000ac1   Thumb Code   278  stm32f10x_gpio.o(.text)
    GPIO_StructInit                          0x08000bd7   Thumb Code    16  stm32f10x_gpio.o(.text)
    GPIO_ReadInputDataBit                    0x08000be7   Thumb Code    18  stm32f10x_gpio.o(.text)
    GPIO_ReadInputData                       0x08000bf9   Thumb Code     8  stm32f10x_gpio.o(.text)
    GPIO_ReadOutputDataBit                   0x08000c01   Thumb Code    18  stm32f10x_gpio.o(.text)
    GPIO_ReadOutputData                      0x08000c13   Thumb Code     8  stm32f10x_gpio.o(.text)
    GPIO_SetBits                             0x08000c1b   Thumb Code     4  stm32f10x_gpio.o(.text)
    GPIO_ResetBits                           0x08000c1f   Thumb Code     4  stm32f10x_gpio.o(.text)
    GPIO_WriteBit                            0x08000c23   Thumb Code    10  stm32f10x_gpio.o(.text)
    GPIO_Write                               0x08000c2d   Thumb Code     4  stm32f10x_gpio.o(.text)
    GPIO_PinLockConfig                       0x08000c31   Thumb Code    18  stm32f10x_gpio.o(.text)
    GPIO_EventOutputConfig                   0x08000c43   Thumb Code    26  stm32f10x_gpio.o(.text)
    GPIO_EventOutputCmd                      0x08000c5d   Thumb Code     6  stm32f10x_gpio.o(.text)
    GPIO_PinRemapConfig                      0x08000c63   Thumb Code   138  stm32f10x_gpio.o(.text)
    GPIO_EXTILineConfig                      0x08000ced   Thumb Code    66  stm32f10x_gpio.o(.text)
    GPIO_ETH_MediaInterfaceConfig            0x08000d2f   Thumb Code     8  stm32f10x_gpio.o(.text)
    RCC_DeInit                               0x08000d5d   Thumb Code    64  stm32f10x_rcc.o(.text)
    RCC_HSEConfig                            0x08000d9d   Thumb Code    70  stm32f10x_rcc.o(.text)
    RCC_GetFlagStatus                        0x08000de3   Thumb Code    56  stm32f10x_rcc.o(.text)
    RCC_WaitForHSEStartUp                    0x08000e1b   Thumb Code    56  stm32f10x_rcc.o(.text)
    RCC_AdjustHSICalibrationValue            0x08000e53   Thumb Code    20  stm32f10x_rcc.o(.text)
    RCC_HSICmd                               0x08000e67   Thumb Code     6  stm32f10x_rcc.o(.text)
    RCC_PLLConfig                            0x08000e6d   Thumb Code    24  stm32f10x_rcc.o(.text)
    RCC_PLLCmd                               0x08000e85   Thumb Code     6  stm32f10x_rcc.o(.text)
    RCC_SYSCLKConfig                         0x08000e8b   Thumb Code    18  stm32f10x_rcc.o(.text)
    RCC_GetSYSCLKSource                      0x08000e9d   Thumb Code    10  stm32f10x_rcc.o(.text)
    RCC_HCLKConfig                           0x08000ea7   Thumb Code    18  stm32f10x_rcc.o(.text)
    RCC_PCLK1Config                          0x08000eb9   Thumb Code    18  stm32f10x_rcc.o(.text)
    RCC_PCLK2Config                          0x08000ecb   Thumb Code    20  stm32f10x_rcc.o(.text)
    RCC_ITConfig                             0x08000edf   Thumb Code    26  stm32f10x_rcc.o(.text)
    RCC_USBCLKConfig                         0x08000ef9   Thumb Code     8  stm32f10x_rcc.o(.text)
    RCC_ADCCLKConfig                         0x08000f01   Thumb Code    18  stm32f10x_rcc.o(.text)
    RCC_LSEConfig                            0x08000f13   Thumb Code    50  stm32f10x_rcc.o(.text)
    RCC_LSICmd                               0x08000f45   Thumb Code     6  stm32f10x_rcc.o(.text)
    RCC_RTCCLKConfig                         0x08000f4b   Thumb Code    12  stm32f10x_rcc.o(.text)
    RCC_RTCCLKCmd                            0x08000f57   Thumb Code     8  stm32f10x_rcc.o(.text)
    RCC_GetClocksFreq                        0x08000f5f   Thumb Code   192  stm32f10x_rcc.o(.text)
    RCC_AHBPeriphClockCmd                    0x0800101f   Thumb Code    26  stm32f10x_rcc.o(.text)
    RCC_APB2PeriphClockCmd                   0x08001039   Thumb Code    26  stm32f10x_rcc.o(.text)
    RCC_APB1PeriphClockCmd                   0x08001053   Thumb Code    26  stm32f10x_rcc.o(.text)
    RCC_APB2PeriphResetCmd                   0x0800106d   Thumb Code    26  stm32f10x_rcc.o(.text)
    RCC_APB1PeriphResetCmd                   0x08001087   Thumb Code    26  stm32f10x_rcc.o(.text)
    RCC_BackupResetCmd                       0x080010a1   Thumb Code     8  stm32f10x_rcc.o(.text)
    RCC_ClockSecuritySystemCmd               0x080010a9   Thumb Code     6  stm32f10x_rcc.o(.text)
    RCC_MCOConfig                            0x080010af   Thumb Code     6  stm32f10x_rcc.o(.text)
    RCC_ClearFlag                            0x080010b5   Thumb Code    14  stm32f10x_rcc.o(.text)
    RCC_GetITStatus                          0x080010c3   Thumb Code    20  stm32f10x_rcc.o(.text)
    RCC_ClearITPendingBit                    0x080010d7   Thumb Code     6  stm32f10x_rcc.o(.text)
    TIM_DeInit                               0x08001101   Thumb Code   424  stm32f10x_tim.o(.text)
    TIM_TimeBaseInit                         0x080012a9   Thumb Code   122  stm32f10x_tim.o(.text)
    TIM_OC1Init                              0x08001323   Thumb Code   132  stm32f10x_tim.o(.text)
    TIM_OC2Init                              0x080013a7   Thumb Code   154  stm32f10x_tim.o(.text)
    TIM_OC3Init                              0x08001441   Thumb Code   150  stm32f10x_tim.o(.text)
    TIM_OC4Init                              0x080014d7   Thumb Code   182  stm32f10x_tim.o(.text)
    TIM_SetIC4Prescaler                      0x0800158d   Thumb Code    26  stm32f10x_tim.o(.text)
    TIM_SetIC3Prescaler                      0x08001629   Thumb Code    18  stm32f10x_tim.o(.text)
    TIM_SetIC2Prescaler                      0x080016b5   Thumb Code    26  stm32f10x_tim.o(.text)
    TIM_SetIC1Prescaler                      0x08001751   Thumb Code    18  stm32f10x_tim.o(.text)
    TIM_ICInit                               0x080017cf   Thumb Code   150  stm32f10x_tim.o(.text)
    TIM_PWMIConfig                           0x08001865   Thumb Code   124  stm32f10x_tim.o(.text)
    TIM_BDTRConfig                           0x080018e1   Thumb Code    32  stm32f10x_tim.o(.text)
    TIM_TimeBaseStructInit                   0x08001901   Thumb Code    18  stm32f10x_tim.o(.text)
    TIM_OCStructInit                         0x08001913   Thumb Code    20  stm32f10x_tim.o(.text)
    TIM_ICStructInit                         0x08001927   Thumb Code    18  stm32f10x_tim.o(.text)
    TIM_BDTRStructInit                       0x08001939   Thumb Code    40  stm32f10x_tim.o(.text)
    TIM_Cmd                                  0x08001961   Thumb Code    24  stm32f10x_tim.o(.text)
    TIM_CtrlPWMOutputs                       0x08001979   Thumb Code    30  stm32f10x_tim.o(.text)
    TIM_ITConfig                             0x08001997   Thumb Code    18  stm32f10x_tim.o(.text)
    TIM_GenerateEvent                        0x080019a9   Thumb Code     4  stm32f10x_tim.o(.text)
    TIM_DMAConfig                            0x080019ad   Thumb Code    10  stm32f10x_tim.o(.text)
    TIM_DMACmd                               0x080019b7   Thumb Code    18  stm32f10x_tim.o(.text)
    TIM_InternalClockConfig                  0x080019c9   Thumb Code    12  stm32f10x_tim.o(.text)
    TIM_SelectInputTrigger                   0x080019d5   Thumb Code    18  stm32f10x_tim.o(.text)
    TIM_ITRxExternalClockConfig              0x080019e7   Thumb Code    24  stm32f10x_tim.o(.text)
    TIM_TIxExternalClockConfig               0x080019ff   Thumb Code    62  stm32f10x_tim.o(.text)
    TIM_ETRConfig                            0x08001a3d   Thumb Code    28  stm32f10x_tim.o(.text)
    TIM_ETRClockMode1Config                  0x08001a59   Thumb Code    54  stm32f10x_tim.o(.text)
    TIM_ETRClockMode2Config                  0x08001a8f   Thumb Code    32  stm32f10x_tim.o(.text)
    TIM_PrescalerConfig                      0x08001aaf   Thumb Code     6  stm32f10x_tim.o(.text)
    TIM_CounterModeConfig                    0x08001ab5   Thumb Code    18  stm32f10x_tim.o(.text)
    TIM_EncoderInterfaceConfig               0x08001ac7   Thumb Code    66  stm32f10x_tim.o(.text)
    TIM_ForcedOC1Config                      0x08001b09   Thumb Code    18  stm32f10x_tim.o(.text)
    TIM_ForcedOC2Config                      0x08001b1b   Thumb Code    26  stm32f10x_tim.o(.text)
    TIM_ForcedOC3Config                      0x08001b35   Thumb Code    18  stm32f10x_tim.o(.text)
    TIM_ForcedOC4Config                      0x08001b47   Thumb Code    26  stm32f10x_tim.o(.text)
    TIM_ARRPreloadConfig                     0x08001b61   Thumb Code    24  stm32f10x_tim.o(.text)
    TIM_SelectCOM                            0x08001b79   Thumb Code    24  stm32f10x_tim.o(.text)
    TIM_SelectCCDMA                          0x08001b91   Thumb Code    24  stm32f10x_tim.o(.text)
    TIM_CCPreloadControl                     0x08001ba9   Thumb Code    24  stm32f10x_tim.o(.text)
    TIM_OC1PreloadConfig                     0x08001bc1   Thumb Code    18  stm32f10x_tim.o(.text)
    TIM_OC2PreloadConfig                     0x08001bd3   Thumb Code    26  stm32f10x_tim.o(.text)
    TIM_OC3PreloadConfig                     0x08001bed   Thumb Code    18  stm32f10x_tim.o(.text)
    TIM_OC4PreloadConfig                     0x08001bff   Thumb Code    26  stm32f10x_tim.o(.text)
    TIM_OC1FastConfig                        0x08001c19   Thumb Code    18  stm32f10x_tim.o(.text)
    TIM_OC2FastConfig                        0x08001c2b   Thumb Code    26  stm32f10x_tim.o(.text)
    TIM_OC3FastConfig                        0x08001c45   Thumb Code    18  stm32f10x_tim.o(.text)
    TIM_OC4FastConfig                        0x08001c57   Thumb Code    26  stm32f10x_tim.o(.text)
    TIM_ClearOC1Ref                          0x08001c71   Thumb Code    18  stm32f10x_tim.o(.text)
    TIM_ClearOC2Ref                          0x08001c83   Thumb Code    24  stm32f10x_tim.o(.text)
    TIM_ClearOC3Ref                          0x08001c9b   Thumb Code    18  stm32f10x_tim.o(.text)
    TIM_ClearOC4Ref                          0x08001cad   Thumb Code    24  stm32f10x_tim.o(.text)
    TIM_OC1PolarityConfig                    0x08001cc5   Thumb Code    18  stm32f10x_tim.o(.text)
    TIM_OC1NPolarityConfig                   0x08001cd7   Thumb Code    18  stm32f10x_tim.o(.text)
    TIM_OC2PolarityConfig                    0x08001ce9   Thumb Code    26  stm32f10x_tim.o(.text)
    TIM_OC2NPolarityConfig                   0x08001d03   Thumb Code    26  stm32f10x_tim.o(.text)
    TIM_OC3PolarityConfig                    0x08001d1d   Thumb Code    26  stm32f10x_tim.o(.text)
    TIM_OC3NPolarityConfig                   0x08001d37   Thumb Code    26  stm32f10x_tim.o(.text)
    TIM_OC4PolarityConfig                    0x08001d51   Thumb Code    26  stm32f10x_tim.o(.text)
    TIM_CCxCmd                               0x08001d6b   Thumb Code    30  stm32f10x_tim.o(.text)
    TIM_CCxNCmd                              0x08001d89   Thumb Code    30  stm32f10x_tim.o(.text)
    TIM_SelectOCxM                           0x08001da7   Thumb Code    82  stm32f10x_tim.o(.text)
    TIM_UpdateDisableConfig                  0x08001df9   Thumb Code    24  stm32f10x_tim.o(.text)
    TIM_UpdateRequestConfig                  0x08001e11   Thumb Code    24  stm32f10x_tim.o(.text)
    TIM_SelectHallSensor                     0x08001e29   Thumb Code    24  stm32f10x_tim.o(.text)
    TIM_SelectOnePulseMode                   0x08001e41   Thumb Code    18  stm32f10x_tim.o(.text)
    TIM_SelectOutputTrigger                  0x08001e53   Thumb Code    18  stm32f10x_tim.o(.text)
    TIM_SelectSlaveMode                      0x08001e65   Thumb Code    18  stm32f10x_tim.o(.text)
    TIM_SelectMasterSlaveMode                0x08001e77   Thumb Code    18  stm32f10x_tim.o(.text)
    TIM_SetCounter                           0x08001e89   Thumb Code     4  stm32f10x_tim.o(.text)
    TIM_SetAutoreload                        0x08001e8d   Thumb Code     4  stm32f10x_tim.o(.text)
    TIM_SetCompare1                          0x08001e91   Thumb Code     4  stm32f10x_tim.o(.text)
    TIM_SetCompare2                          0x08001e95   Thumb Code     4  stm32f10x_tim.o(.text)
    TIM_SetCompare3                          0x08001e99   Thumb Code     4  stm32f10x_tim.o(.text)
    TIM_SetCompare4                          0x08001e9d   Thumb Code     6  stm32f10x_tim.o(.text)
    TIM_SetClockDivision                     0x08001ea3   Thumb Code    18  stm32f10x_tim.o(.text)
    TIM_GetCapture1                          0x08001eb5   Thumb Code     6  stm32f10x_tim.o(.text)
    TIM_GetCapture2                          0x08001ebb   Thumb Code     6  stm32f10x_tim.o(.text)
    TIM_GetCapture3                          0x08001ec1   Thumb Code     6  stm32f10x_tim.o(.text)
    TIM_GetCapture4                          0x08001ec7   Thumb Code     8  stm32f10x_tim.o(.text)
    TIM_GetCounter                           0x08001ecf   Thumb Code     6  stm32f10x_tim.o(.text)
    TIM_GetPrescaler                         0x08001ed5   Thumb Code     6  stm32f10x_tim.o(.text)
    TIM_GetFlagStatus                        0x08001edb   Thumb Code    18  stm32f10x_tim.o(.text)
    TIM_ClearFlag                            0x08001eed   Thumb Code     6  stm32f10x_tim.o(.text)
    TIM_GetITStatus                          0x08001ef3   Thumb Code    34  stm32f10x_tim.o(.text)
    TIM_ClearITPendingBit                    0x08001f15   Thumb Code     6  stm32f10x_tim.o(.text)
    USART_DeInit                             0x08001f1d   Thumb Code   134  stm32f10x_usart.o(.text)
    USART_Init                               0x08001fa3   Thumb Code   210  stm32f10x_usart.o(.text)
    USART_StructInit                         0x08002075   Thumb Code    24  stm32f10x_usart.o(.text)
    USART_ClockInit                          0x0800208d   Thumb Code    34  stm32f10x_usart.o(.text)
    USART_ClockStructInit                    0x080020af   Thumb Code    12  stm32f10x_usart.o(.text)
    USART_Cmd                                0x080020bb   Thumb Code    24  stm32f10x_usart.o(.text)
    USART_ITConfig                           0x080020d3   Thumb Code    74  stm32f10x_usart.o(.text)
    USART_DMACmd                             0x0800211d   Thumb Code    18  stm32f10x_usart.o(.text)
    USART_SetAddress                         0x0800212f   Thumb Code    18  stm32f10x_usart.o(.text)
    USART_WakeUpConfig                       0x08002141   Thumb Code    18  stm32f10x_usart.o(.text)
    USART_ReceiverWakeUpCmd                  0x08002153   Thumb Code    24  stm32f10x_usart.o(.text)
    USART_LINBreakDetectLengthConfig         0x0800216b   Thumb Code    18  stm32f10x_usart.o(.text)
    USART_LINCmd                             0x0800217d   Thumb Code    24  stm32f10x_usart.o(.text)
    USART_SendData                           0x08002195   Thumb Code     8  stm32f10x_usart.o(.text)
    USART_ReceiveData                        0x0800219d   Thumb Code    10  stm32f10x_usart.o(.text)
    USART_SendBreak                          0x080021a7   Thumb Code    10  stm32f10x_usart.o(.text)
    USART_SetGuardTime                       0x080021b1   Thumb Code    16  stm32f10x_usart.o(.text)
    USART_SetPrescaler                       0x080021c1   Thumb Code    16  stm32f10x_usart.o(.text)
    USART_SmartCardCmd                       0x080021d1   Thumb Code    24  stm32f10x_usart.o(.text)
    USART_SmartCardNACKCmd                   0x080021e9   Thumb Code    24  stm32f10x_usart.o(.text)
    USART_HalfDuplexCmd                      0x08002201   Thumb Code    24  stm32f10x_usart.o(.text)
    USART_OverSampling8Cmd                   0x08002219   Thumb Code    22  stm32f10x_usart.o(.text)
    USART_OneBitMethodCmd                    0x0800222f   Thumb Code    24  stm32f10x_usart.o(.text)
    USART_IrDAConfig                         0x08002247   Thumb Code    18  stm32f10x_usart.o(.text)
    USART_IrDACmd                            0x08002259   Thumb Code    24  stm32f10x_usart.o(.text)
    USART_GetFlagStatus                      0x08002271   Thumb Code    26  stm32f10x_usart.o(.text)
    USART_ClearFlag                          0x0800228b   Thumb Code    18  stm32f10x_usart.o(.text)
    USART_GetITStatus                        0x0800229d   Thumb Code    84  stm32f10x_usart.o(.text)
    USART_ClearITPendingBit                  0x080022f1   Thumb Code    52  stm32f10x_usart.o(.text)
    delay_init                               0x08002325   Thumb Code    50  delay.o(.text)
    delay_us                                 0x08002357   Thumb Code    72  delay.o(.text)
    delay_ms                                 0x0800239f   Thumb Code    72  delay.o(.text)
    _sys_exit                                0x080023f9   Thumb Code     6  usart.o(.text)
    fputc                                    0x080023ff   Thumb Code    24  usart.o(.text)
    uart_init                                0x08002417   Thumb Code   152  usart.o(.text)
    zh_USART_SendData                        0x080024af   Thumb Code    28  usart.o(.text)
    zh_USART_SendString                      0x080024cb   Thumb Code    24  usart.o(.text)
    ModHandle                                0x080024e3   Thumb Code    34  usart.o(.text)
    ModRcv                                   0x08002505   Thumb Code   146  usart.o(.text)
    USART1_IRQHandler                        0x08002597   Thumb Code    20  usart.o(.text)
    TFT_Send_End                             0x080025ab   Thumb Code    18  usart.o(.text)
    NVIC_Configuration_Usart5                0x080025bd   Thumb Code    42  usart.o(.text)
    UART5_Config                             0x080025e7   Thumb Code   138  usart.o(.text)
    UART5_IRQHandler                         0x08002671   Thumb Code    46  usart.o(.text)
    Uart5_Send_String                        0x0800269f   Thumb Code    80  usart.o(.text)
    Adc_Init                                 0x08002729   Thumb Code   132  adc.o(.text)
    Get_Adc                                  0x080027ad   Thumb Code    46  adc.o(.text)
    Get_Adc_Average                          0x080027db   Thumb Code    46  adc.o(.text)
    TIM3_Int_Init                            0x08002811   Thumb Code    90  timer.o(.text)
    TIM3_IRQHandler                          0x0800286b   Thumb Code    60  timer.o(.text)
    TIM4_Int_Init                            0x080028a7   Thumb Code    90  timer.o(.text)
    TIM4_IRQHandler                          0x08002901   Thumb Code   182  timer.o(.text)
    delay                                    0x080029e5   Thumb Code    12  led.o(.text)
    LED_Init                                 0x080029f1   Thumb Code    44  led.o(.text)
    led_display                              0x08002a1d   Thumb Code    46  led.o(.text)
    led_huayang                              0x08002a4b   Thumb Code   132  led.o(.text)
    EE                                       0x08002add   Thumb Code   132  fft2.o(.text)
    FFT                                      0x08002b61   Thumb Code   594  fft2.o(.text)
    dsp_g2_test                              0x08002db9   Thumb Code   218  dsp_g2.o(.text)
    linear_regression                        0x08002ea5   Thumb Code   244  handlefft.o(.text)
    handle_fft_result                        0x08002f99   Thumb Code   150  handlefft.o(.text)
    handle_recongize                         0x0800302f   Thumb Code     2  handlefft.o(.text)
    __use_no_semihosting                     0x08003071   Thumb Code     2  use_no_semi_2.o(.text)
    __2sprintf                               0x08003075   Thumb Code    34  noretval__2sprintf.o(.text)
    __printf                                 0x0800309d   Thumb Code   270  __printf_wp.o(.text)
    __aeabi_memclr4                          0x080031ab   Thumb Code     0  rt_memclr_w.o(.text)
    __aeabi_memclr8                          0x080031ab   Thumb Code     0  rt_memclr_w.o(.text)
    __rt_memclr_w                            0x080031ab   Thumb Code    78  rt_memclr_w.o(.text)
    _memset_w                                0x080031af   Thumb Code     0  rt_memclr_w.o(.text)
    __use_two_region_memory                  0x080031f9   Thumb Code     2  heapauxi.o(.text)
    __rt_heap_escrow$2region                 0x080031fb   Thumb Code     2  heapauxi.o(.text)
    __rt_heap_expand$2region                 0x080031fd   Thumb Code     2  heapauxi.o(.text)
    __I$use$semihosting                      0x080031ff   Thumb Code     0  use_no_semi.o(.text)
    __use_no_semihosting_swi                 0x080031ff   Thumb Code     2  use_no_semi.o(.text)
    __read_errno                             0x08003201   Thumb Code    10  _rserrno.o(.text)
    __set_errno                              0x0800320b   Thumb Code    12  _rserrno.o(.text)
    __lib_sel_fp_printf                      0x08003217   Thumb Code     2  _printf_fp_dec.o(.text)
    _printf_fp_dec_real                      0x080033c9   Thumb Code   620  _printf_fp_dec.o(.text)
    _printf_char_common                      0x0800363f   Thumb Code    32  _printf_char_common.o(.text)
    _sputc                                   0x08003665   Thumb Code    10  _sputc.o(.text)
    __rt_locale                              0x08003671   Thumb Code     8  rt_locale_intlibspace.o(.text)
    __aeabi_errno_addr                       0x08003679   Thumb Code     8  rt_errno_addr_intlibspace.o(.text)
    __errno$intlibspace                      0x08003679   Thumb Code     0  rt_errno_addr_intlibspace.o(.text)
    __rt_errno_addr$intlibspace              0x08003679   Thumb Code     0  rt_errno_addr_intlibspace.o(.text)
    _ll_udiv10                               0x08003681   Thumb Code   138  lludiv10.o(.text)
    _printf_fp_infnan                        0x0800370d   Thumb Code   112  _printf_fp_infnan.o(.text)
    _btod_etento                             0x0800378d   Thumb Code   224  bigflt0.o(.text)
    __user_libspace                          0x08003871   Thumb Code     8  libspace.o(.text)
    __user_perproc_libspace                  0x08003871   Thumb Code     0  libspace.o(.text)
    __user_perthread_libspace                0x08003871   Thumb Code     0  libspace.o(.text)
    __user_setup_stackheap                   0x08003879   Thumb Code    74  sys_stackheap_outer.o(.text)
    exit                                     0x080038c3   Thumb Code    18  exit.o(.text)
    strcmp                                   0x080038d5   Thumb Code   128  strcmpv7m.o(.text)
    _btod_d2e                                0x08003955   Thumb Code    62  btod.o(CL$$btod_d2e)
    _d2e_denorm_low                          0x08003993   Thumb Code    70  btod.o(CL$$btod_d2e_denorm_low)
    _d2e_norm_op1                            0x080039d9   Thumb Code    96  btod.o(CL$$btod_d2e_norm_op1)
    __btod_div_common                        0x08003a39   Thumb Code   696  btod.o(CL$$btod_div_common)
    _e2e                                     0x08003d71   Thumb Code   220  btod.o(CL$$btod_e2e)
    _btod_ediv                               0x08003e4d   Thumb Code    42  btod.o(CL$$btod_ediv)
    _btod_emul                               0x08003e77   Thumb Code    42  btod.o(CL$$btod_emul)
    __btod_mult_common                       0x08003ea1   Thumb Code   580  btod.o(CL$$btod_mult_common)
    __ARM_fpclassify                         0x080040e5   Thumb Code    40  fpclassify.o(i.__ARM_fpclassify)
    __ieee754_rem_pio2                       0x0800410d   Thumb Code   828  rred.o(i.__ieee754_rem_pio2)
    __kernel_cos                             0x08004495   Thumb Code   230  cos_i.o(i.__kernel_cos)
    __kernel_poly                            0x08004591   Thumb Code   170  poly.o(i.__kernel_poly)
    __kernel_sin                             0x0800463d   Thumb Code   224  sin_i.o(i.__kernel_sin)
    __mathlib_dbl_divzero                    0x08004729   Thumb Code    12  dunder.o(i.__mathlib_dbl_divzero)
    __mathlib_dbl_infnan                     0x08004739   Thumb Code     6  dunder.o(i.__mathlib_dbl_infnan)
    __mathlib_dbl_infnan2                    0x0800473f   Thumb Code     4  dunder.o(i.__mathlib_dbl_infnan2)
    __mathlib_dbl_invalid                    0x08004743   Thumb Code    12  dunder.o(i.__mathlib_dbl_invalid)
    __mathlib_dbl_overflow                   0x0800474f   Thumb Code    14  dunder.o(i.__mathlib_dbl_overflow)
    __mathlib_dbl_underflow                  0x0800475d   Thumb Code    10  dunder.o(i.__mathlib_dbl_underflow)
    _is_digit                                0x0800476d   Thumb Code    14  __printf_wp.o(i._is_digit)
    cos                                      0x0800477d   Thumb Code   148  cos.o(i.cos)
    pow                                      0x08004819   Thumb Code  2512  pow.o(i.pow)
    sin                                      0x080051f1   Thumb Code   150  sin.o(i.sin)
    sqrt                                     0x08005291   Thumb Code    76  sqrt.o(i.sqrt)
    _get_lc_numeric                          0x080052dd   Thumb Code    44  lc_numeric_c.o(locale$$code)
    __aeabi_d2f                              0x08005309   Thumb Code     0  d2f.o(x$fpl$d2f)
    _d2f                                     0x08005309   Thumb Code    98  d2f.o(x$fpl$d2f)
    __aeabi_dadd                             0x0800536d   Thumb Code     0  daddsub_clz.o(x$fpl$dadd)
    _dadd                                    0x0800536d   Thumb Code   332  daddsub_clz.o(x$fpl$dadd)
    __fpl_dcheck_NaN1                        0x080054bd   Thumb Code    10  dcheck1.o(x$fpl$dcheck1)
    __fpl_dcmp_Inf                           0x080054cd   Thumb Code    24  dcmpi.o(x$fpl$dcmpinf)
    __aeabi_ddiv                             0x080054e5   Thumb Code     0  ddiv.o(x$fpl$ddiv)
    _ddiv                                    0x080054e5   Thumb Code   552  ddiv.o(x$fpl$ddiv)
    __aeabi_d2iz                             0x08005795   Thumb Code     0  dfix.o(x$fpl$dfix)
    _dfix                                    0x08005795   Thumb Code    94  dfix.o(x$fpl$dfix)
    __aeabi_i2d                              0x080057f3   Thumb Code     0  dflt_clz.o(x$fpl$dflt)
    _dflt                                    0x080057f3   Thumb Code    46  dflt_clz.o(x$fpl$dflt)
    __aeabi_ui2d                             0x08005821   Thumb Code     0  dflt_clz.o(x$fpl$dfltu)
    _dfltu                                   0x08005821   Thumb Code    38  dflt_clz.o(x$fpl$dfltu)
    __aeabi_cdcmple                          0x08005849   Thumb Code     0  dleqf.o(x$fpl$dleqf)
    _dcmple                                  0x08005849   Thumb Code   120  dleqf.o(x$fpl$dleqf)
    __fpl_dcmple_InfNaN                      0x080058ab   Thumb Code     0  dleqf.o(x$fpl$dleqf)
    __aeabi_dmul                             0x080058c1   Thumb Code     0  dmul.o(x$fpl$dmul)
    _dmul                                    0x080058c1   Thumb Code   332  dmul.o(x$fpl$dmul)
    __fpl_dnaninf                            0x08005a15   Thumb Code   156  dnaninf.o(x$fpl$dnaninf)
    __fpl_dretinf                            0x08005ab1   Thumb Code    12  dretinf.o(x$fpl$dretinf)
    __aeabi_cdrcmple                         0x08005abd   Thumb Code     0  drleqf.o(x$fpl$drleqf)
    _drcmple                                 0x08005abd   Thumb Code   108  drleqf.o(x$fpl$drleqf)
    __aeabi_drsub                            0x08005b29   Thumb Code     0  daddsub_clz.o(x$fpl$drsb)
    _drsb                                    0x08005b29   Thumb Code    22  daddsub_clz.o(x$fpl$drsb)
    _dsqrt                                   0x08005b41   Thumb Code   456  dsqrt_noumaal.o(x$fpl$dsqrt)
    __aeabi_dsub                             0x08005d0d   Thumb Code     0  daddsub_clz.o(x$fpl$dsub)
    _dsub                                    0x08005d0d   Thumb Code   464  daddsub_clz.o(x$fpl$dsub)
    __aeabi_f2d                              0x08005ee1   Thumb Code     0  f2d.o(x$fpl$f2d)
    _f2d                                     0x08005ee1   Thumb Code    86  f2d.o(x$fpl$f2d)
    __aeabi_fadd                             0x08005f39   Thumb Code     0  faddsub_clz.o(x$fpl$fadd)
    _fadd                                    0x08005f39   Thumb Code   196  faddsub_clz.o(x$fpl$fadd)
    __aeabi_fdiv                             0x08005ffd   Thumb Code     0  fdiv.o(x$fpl$fdiv)
    _fdiv                                    0x08005ffd   Thumb Code   384  fdiv.o(x$fpl$fdiv)
    __aeabi_i2f                              0x08006181   Thumb Code     0  fflt_clz.o(x$fpl$fflt)
    _fflt                                    0x08006181   Thumb Code    48  fflt_clz.o(x$fpl$fflt)
    __aeabi_ui2f                             0x080061b1   Thumb Code     0  fflt_clz.o(x$fpl$ffltu)
    _ffltu                                   0x080061b1   Thumb Code    38  fflt_clz.o(x$fpl$ffltu)
    __aeabi_fmul                             0x080061d9   Thumb Code     0  fmul.o(x$fpl$fmul)
    _fmul                                    0x080061d9   Thumb Code   258  fmul.o(x$fpl$fmul)
    __fpl_fnaninf                            0x080062db   Thumb Code   140  fnaninf.o(x$fpl$fnaninf)
    __fpl_fretinf                            0x08006367   Thumb Code    10  fretinf.o(x$fpl$fretinf)
    __aeabi_frsub                            0x08006371   Thumb Code     0  faddsub_clz.o(x$fpl$frsb)
    _frsb                                    0x08006371   Thumb Code    20  faddsub_clz.o(x$fpl$frsb)
    __aeabi_fsub                             0x08006385   Thumb Code     0  faddsub_clz.o(x$fpl$fsub)
    _fsub                                    0x08006385   Thumb Code   234  faddsub_clz.o(x$fpl$fsub)
    _printf_fp_dec                           0x0800646f   Thumb Code     4  printf1.o(x$fpl$printf1)
    __fpl_return_NaN                         0x08006473   Thumb Code   100  retnan.o(x$fpl$retnan)
    __ARM_scalbn                             0x080064d7   Thumb Code    92  scalbn.o(x$fpl$scalbn)
    __fpl_cmpreturn                          0x08006533   Thumb Code    48  trapv.o(x$fpl$trapveneer)
    __I$use$fp                               0x08006562   Number         0  usenofp.o(x$fpl$usenofp)
    __mathlib_zero                           0x08006620   Data           8  qnan.o(.constdata)
    Region$$Table$$Base                      0x080067ac   Number         0  anon$$obj.o(Region$$Table)
    Region$$Table$$Limit                     0x080067cc   Number         0  anon$$obj.o(Region$$Table)
    CMD_GET_DATAS                            0x20000000   Data           8  main.o(.data)
    last_harmonic_regression                 0x20000008   Data           4  main.o(.data)
    last_harmonic_intercept                  0x2000000c   Data           4  main.o(.data)
    SystemCoreClock                          0x20000010   Data           4  system_stm32f10x.o(.data)
    AHBPrescTable                            0x20000014   Data          16  system_stm32f10x.o(.data)
    __stdout                                 0x2000003c   Data           4  usart.o(.data)
    zh_Buf                                   0x20000040   Data           6  usart.o(.data)
    zh_Send                                  0x20000046   Data           9  usart.o(.data)
    Rcv_Len                                  0x2000004f   Data           1  usart.o(.data)
    Rcv_Data                                 0x20000050   Data           1  usart.o(.data)
    Rcv_Busy                                 0x20000051   Data           1  usart.o(.data)
    RCv_Time_Out                             0x20000052   Data           1  usart.o(.data)
    Device_Id                                0x20000053   Data           1  usart.o(.data)
    Rcv_Complete                             0x20000054   Data           1  usart.o(.data)
    Send_Len                                 0x20000055   Data           1  usart.o(.data)
    Current_Num                              0x20000058   Data           4  timer.o(.data)
    Flag_Can_Do_FFT                          0x2000005c   Data           4  timer.o(.data)
    FLag_LED                                 0x20000060   Data           4  timer.o(.data)
    harmonic_difference                      0x20000064   Data           4  handlefft.o(.data)
    harmonic_regression                      0x20000068   Data           4  handlefft.o(.data)
    harmonic_intercept                       0x2000006c   Data           4  handlefft.o(.data)
    harmonic_ratio                           0x20000070   Data           4  handlefft.o(.data)
    USART_RX_BUF                             0x20000074   Data         200  usart.o(.bss)
    ADC_DATA                                 0x2000013c   Data         256  timer.o(.bss)
    result                                   0x20000240   Data         256  dsp_g2.o(.bss)
    s                                        0x20000340   Data        1024  dsp_g2.o(.bss)
    OMAG                                     0x20000740   Data         256  dsp_g2.o(.bss)
    __libspace_start                         0x20000840   Data          96  libspace.o(.bss)
    __temporary_stack_top$libspace           0x200008a0   Data           0  libspace.o(.bss)



==============================================================================

Memory Map of the image

  Image Entry point : 0x08000131

  Load Region LR_IROM1 (Base: 0x08000000, Size: 0x0000685c, Max: 0x00080000, ABSOLUTE)

    Execution Region ER_IROM1 (Exec base: 0x08000000, Load base: 0x08000000, Size: 0x000067e8, Max: 0x00080000, ABSOLUTE)

    Exec Addr    Load Addr    Size         Type   Attr      Idx    E Section Name        Object

    0x08000000   0x08000000   0x00000130   Data   RO          206    RESET               startup_stm32f10x_hd.o
    0x08000130   0x08000130   0x00000008   Code   RO          730  * !!!main             c_w.l(__main.o)
    0x08000138   0x08000138   0x00000034   Code   RO         1080    !!!scatter          c_w.l(__scatter.o)
    0x0800016c   0x0800016c   0x0000001a   Code   RO         1082    !!handler_copy      c_w.l(__scatter_copy.o)
    0x08000186   0x08000186   0x00000002   PAD
    0x08000188   0x08000188   0x0000001c   Code   RO         1084    !!handler_zi        c_w.l(__scatter_zi.o)
    0x080001a4   0x080001a4   0x00000000   Code   RO          725    .ARM.Collect$$_printf_percent$$00000000  c_w.l(_printf_percent.o)
    0x080001a4   0x080001a4   0x00000006   Code   RO          724    .ARM.Collect$$_printf_percent$$00000003  c_w.l(_printf_f.o)
    0x080001aa   0x080001aa   0x00000004   Code   RO          823    .ARM.Collect$$_printf_percent$$00000017  c_w.l(_printf_percent_end.o)
    0x080001ae   0x080001ae   0x00000002   Code   RO          953    .ARM.Collect$$libinit$$00000000  c_w.l(libinit.o)
    0x080001b0   0x080001b0   0x00000000   Code   RO          955    .ARM.Collect$$libinit$$00000002  c_w.l(libinit2.o)
    0x080001b0   0x080001b0   0x00000000   Code   RO          957    .ARM.Collect$$libinit$$00000004  c_w.l(libinit2.o)
    0x080001b0   0x080001b0   0x00000000   Code   RO          960    .ARM.Collect$$libinit$$0000000A  c_w.l(libinit2.o)
    0x080001b0   0x080001b0   0x00000000   Code   RO          962    .ARM.Collect$$libinit$$0000000C  c_w.l(libinit2.o)
    0x080001b0   0x080001b0   0x00000000   Code   RO          964    .ARM.Collect$$libinit$$0000000E  c_w.l(libinit2.o)
    0x080001b0   0x080001b0   0x00000006   Code   RO          965    .ARM.Collect$$libinit$$0000000F  c_w.l(libinit2.o)
    0x080001b6   0x080001b6   0x00000000   Code   RO          967    .ARM.Collect$$libinit$$00000011  c_w.l(libinit2.o)
    0x080001b6   0x080001b6   0x00000000   Code   RO          969    .ARM.Collect$$libinit$$00000013  c_w.l(libinit2.o)
    0x080001b6   0x080001b6   0x00000000   Code   RO          971    .ARM.Collect$$libinit$$00000015  c_w.l(libinit2.o)
    0x080001b6   0x080001b6   0x0000000a   Code   RO          972    .ARM.Collect$$libinit$$00000016  c_w.l(libinit2.o)
    0x080001c0   0x080001c0   0x00000000   Code   RO          973    .ARM.Collect$$libinit$$00000017  c_w.l(libinit2.o)
    0x080001c0   0x080001c0   0x00000000   Code   RO          975    .ARM.Collect$$libinit$$00000019  c_w.l(libinit2.o)
    0x080001c0   0x080001c0   0x00000000   Code   RO          977    .ARM.Collect$$libinit$$0000001B  c_w.l(libinit2.o)
    0x080001c0   0x080001c0   0x00000000   Code   RO          979    .ARM.Collect$$libinit$$0000001D  c_w.l(libinit2.o)
    0x080001c0   0x080001c0   0x00000000   Code   RO          981    .ARM.Collect$$libinit$$0000001F  c_w.l(libinit2.o)
    0x080001c0   0x080001c0   0x00000000   Code   RO          983    .ARM.Collect$$libinit$$00000021  c_w.l(libinit2.o)
    0x080001c0   0x080001c0   0x00000000   Code   RO          985    .ARM.Collect$$libinit$$00000023  c_w.l(libinit2.o)
    0x080001c0   0x080001c0   0x00000000   Code   RO          987    .ARM.Collect$$libinit$$00000025  c_w.l(libinit2.o)
    0x080001c0   0x080001c0   0x00000000   Code   RO          991    .ARM.Collect$$libinit$$0000002C  c_w.l(libinit2.o)
    0x080001c0   0x080001c0   0x00000000   Code   RO          993    .ARM.Collect$$libinit$$0000002E  c_w.l(libinit2.o)
    0x080001c0   0x080001c0   0x00000000   Code   RO          995    .ARM.Collect$$libinit$$00000030  c_w.l(libinit2.o)
    0x080001c0   0x080001c0   0x00000000   Code   RO          997    .ARM.Collect$$libinit$$00000032  c_w.l(libinit2.o)
    0x080001c0   0x080001c0   0x00000002   Code   RO          998    .ARM.Collect$$libinit$$00000033  c_w.l(libinit2.o)
    0x080001c2   0x080001c2   0x00000002   Code   RO         1030    .ARM.Collect$$libshutdown$$00000000  c_w.l(libshutdown.o)
    0x080001c4   0x080001c4   0x00000000   Code   RO         1039    .ARM.Collect$$libshutdown$$00000002  c_w.l(libshutdown2.o)
    0x080001c4   0x080001c4   0x00000000   Code   RO         1041    .ARM.Collect$$libshutdown$$00000004  c_w.l(libshutdown2.o)
    0x080001c4   0x080001c4   0x00000000   Code   RO         1044    .ARM.Collect$$libshutdown$$00000007  c_w.l(libshutdown2.o)
    0x080001c4   0x080001c4   0x00000000   Code   RO         1047    .ARM.Collect$$libshutdown$$0000000A  c_w.l(libshutdown2.o)
    0x080001c4   0x080001c4   0x00000000   Code   RO         1049    .ARM.Collect$$libshutdown$$0000000C  c_w.l(libshutdown2.o)
    0x080001c4   0x080001c4   0x00000000   Code   RO         1052    .ARM.Collect$$libshutdown$$0000000F  c_w.l(libshutdown2.o)
    0x080001c4   0x080001c4   0x00000002   Code   RO         1053    .ARM.Collect$$libshutdown$$00000010  c_w.l(libshutdown2.o)
    0x080001c6   0x080001c6   0x00000000   Code   RO          814    .ARM.Collect$$rtentry$$00000000  c_w.l(__rtentry.o)
    0x080001c6   0x080001c6   0x00000000   Code   RO          875    .ARM.Collect$$rtentry$$00000002  c_w.l(__rtentry2.o)
    0x080001c6   0x080001c6   0x00000006   Code   RO          887    .ARM.Collect$$rtentry$$00000004  c_w.l(__rtentry4.o)
    0x080001cc   0x080001cc   0x00000000   Code   RO          877    .ARM.Collect$$rtentry$$00000009  c_w.l(__rtentry2.o)
    0x080001cc   0x080001cc   0x00000004   Code   RO          878    .ARM.Collect$$rtentry$$0000000A  c_w.l(__rtentry2.o)
    0x080001d0   0x080001d0   0x00000000   Code   RO          880    .ARM.Collect$$rtentry$$0000000C  c_w.l(__rtentry2.o)
    0x080001d0   0x080001d0   0x00000008   Code   RO          881    .ARM.Collect$$rtentry$$0000000D  c_w.l(__rtentry2.o)
    0x080001d8   0x080001d8   0x00000002   Code   RO         1001    .ARM.Collect$$rtexit$$00000000  c_w.l(rtexit.o)
    0x080001da   0x080001da   0x00000000   Code   RO         1010    .ARM.Collect$$rtexit$$00000002  c_w.l(rtexit2.o)
    0x080001da   0x080001da   0x00000004   Code   RO         1011    .ARM.Collect$$rtexit$$00000003  c_w.l(rtexit2.o)
    0x080001de   0x080001de   0x00000006   Code   RO         1012    .ARM.Collect$$rtexit$$00000004  c_w.l(rtexit2.o)
    0x080001e4   0x080001e4   0x000000b4   Code   RO            1    .text               main.o
    0x08000298   0x08000298   0x0000001a   Code   RO          134    .text               stm32f10x_it.o
    0x080002b2   0x080002b2   0x00000002   PAD
    0x080002b4   0x080002b4   0x000001e0   Code   RO          175    .text               system_stm32f10x.o
    0x08000494   0x08000494   0x00000040   Code   RO          207    .text               startup_stm32f10x_hd.o
    0x080004d4   0x080004d4   0x000000dc   Code   RO          211    .text               misc.o
    0x080005b0   0x080005b0   0x0000044e   Code   RO          223    .text               stm32f10x_adc.o
    0x080009fe   0x080009fe   0x00000002   PAD
    0x08000a00   0x08000a00   0x0000035c   Code   RO          355    .text               stm32f10x_gpio.o
    0x08000d5c   0x08000d5c   0x000003a4   Code   RO          403    .text               stm32f10x_rcc.o
    0x08001100   0x08001100   0x00000e1a   Code   RO          453    .text               stm32f10x_tim.o
    0x08001f1a   0x08001f1a   0x00000002   PAD
    0x08001f1c   0x08001f1c   0x00000408   Code   RO          465    .text               stm32f10x_usart.o
    0x08002324   0x08002324   0x000000d4   Code   RO          489    .text               delay.o
    0x080023f8   0x080023f8   0x00000330   Code   RO          519    .text               usart.o
    0x08002728   0x08002728   0x000000e8   Code   RO          558    .text               adc.o
    0x08002810   0x08002810   0x000001d4   Code   RO          582    .text               timer.o
    0x080029e4   0x080029e4   0x000000f8   Code   RO          599    .text               led.o
    0x08002adc   0x08002adc   0x000002dc   Code   RO          614    .text               fft2.o
    0x08002db8   0x08002db8   0x000000ec   Code   RO          633    .text               dsp_g2.o
    0x08002ea4   0x08002ea4   0x000001cc   Code   RO          678    .text               handlefft.o
    0x08003070   0x08003070   0x00000002   Code   RO          696    .text               c_w.l(use_no_semi_2.o)
    0x08003072   0x08003072   0x00000002   PAD
    0x08003074   0x08003074   0x00000028   Code   RO          700    .text               c_w.l(noretval__2sprintf.o)
    0x0800309c   0x0800309c   0x0000010e   Code   RO          712    .text               c_w.l(__printf_wp.o)
    0x080031aa   0x080031aa   0x0000004e   Code   RO          726    .text               c_w.l(rt_memclr_w.o)
    0x080031f8   0x080031f8   0x00000006   Code   RO          728    .text               c_w.l(heapauxi.o)
    0x080031fe   0x080031fe   0x00000002   Code   RO          812    .text               c_w.l(use_no_semi.o)
    0x08003200   0x08003200   0x00000016   Code   RO          815    .text               c_w.l(_rserrno.o)
    0x08003216   0x08003216   0x0000041e   Code   RO          817    .text               c_w.l(_printf_fp_dec.o)
    0x08003634   0x08003634   0x00000030   Code   RO          819    .text               c_w.l(_printf_char_common.o)
    0x08003664   0x08003664   0x0000000a   Code   RO          821    .text               c_w.l(_sputc.o)
    0x0800366e   0x0800366e   0x00000002   PAD
    0x08003670   0x08003670   0x00000008   Code   RO          892    .text               c_w.l(rt_locale_intlibspace.o)
    0x08003678   0x08003678   0x00000008   Code   RO          897    .text               c_w.l(rt_errno_addr_intlibspace.o)
    0x08003680   0x08003680   0x0000008a   Code   RO          899    .text               c_w.l(lludiv10.o)
    0x0800370a   0x0800370a   0x00000002   PAD
    0x0800370c   0x0800370c   0x00000080   Code   RO          901    .text               c_w.l(_printf_fp_infnan.o)
    0x0800378c   0x0800378c   0x000000e4   Code   RO          905    .text               c_w.l(bigflt0.o)
    0x08003870   0x08003870   0x00000008   Code   RO          939    .text               c_w.l(libspace.o)
    0x08003878   0x08003878   0x0000004a   Code   RO          942    .text               c_w.l(sys_stackheap_outer.o)
    0x080038c2   0x080038c2   0x00000012   Code   RO          944    .text               c_w.l(exit.o)
    0x080038d4   0x080038d4   0x00000080   Code   RO          946    .text               c_w.l(strcmpv7m.o)
    0x08003954   0x08003954   0x0000003e   Code   RO          908    CL$$btod_d2e        c_w.l(btod.o)
    0x08003992   0x08003992   0x00000046   Code   RO          910    CL$$btod_d2e_denorm_low  c_w.l(btod.o)
    0x080039d8   0x080039d8   0x00000060   Code   RO          909    CL$$btod_d2e_norm_op1  c_w.l(btod.o)
    0x08003a38   0x08003a38   0x00000338   Code   RO          918    CL$$btod_div_common  c_w.l(btod.o)
    0x08003d70   0x08003d70   0x000000dc   Code   RO          915    CL$$btod_e2e        c_w.l(btod.o)
    0x08003e4c   0x08003e4c   0x0000002a   Code   RO          912    CL$$btod_ediv       c_w.l(btod.o)
    0x08003e76   0x08003e76   0x0000002a   Code   RO          911    CL$$btod_emul       c_w.l(btod.o)
    0x08003ea0   0x08003ea0   0x00000244   Code   RO          917    CL$$btod_mult_common  c_w.l(btod.o)
    0x080040e4   0x080040e4   0x00000028   Code   RO          858    i.__ARM_fpclassify  m_ws.l(fpclassify.o)
    0x0800410c   0x0800410c   0x00000388   Code   RO          863    i.__ieee754_rem_pio2  m_ws.l(rred.o)
    0x08004494   0x08004494   0x000000fc   Code   RO          841    i.__kernel_cos      m_ws.l(cos_i.o)
    0x08004590   0x08004590   0x000000aa   Code   RO          860    i.__kernel_poly     m_ws.l(poly.o)
    0x0800463a   0x0800463a   0x00000002   PAD
    0x0800463c   0x0800463c   0x000000ec   Code   RO          868    i.__kernel_sin      m_ws.l(sin_i.o)
    0x08004728   0x08004728   0x00000010   Code   RO          844    i.__mathlib_dbl_divzero  m_ws.l(dunder.o)
    0x08004738   0x08004738   0x00000006   Code   RO          845    i.__mathlib_dbl_infnan  m_ws.l(dunder.o)
    0x0800473e   0x0800473e   0x00000004   Code   RO          846    i.__mathlib_dbl_infnan2  m_ws.l(dunder.o)
    0x08004742   0x08004742   0x0000000c   Code   RO          847    i.__mathlib_dbl_invalid  m_ws.l(dunder.o)
    0x0800474e   0x0800474e   0x0000000e   Code   RO          848    i.__mathlib_dbl_overflow  m_ws.l(dunder.o)
    0x0800475c   0x0800475c   0x00000010   Code   RO          850    i.__mathlib_dbl_underflow  m_ws.l(dunder.o)
    0x0800476c   0x0800476c   0x0000000e   Code   RO          714    i._is_digit         c_w.l(__printf_wp.o)
    0x0800477a   0x0800477a   0x00000002   PAD
    0x0800477c   0x0800477c   0x0000009c   Code   RO          779    i.cos               m_ws.l(cos.o)
    0x08004818   0x08004818   0x000009d8   Code   RO          787    i.pow               m_ws.l(pow.o)
    0x080051f0   0x080051f0   0x000000a0   Code   RO          797    i.sin               m_ws.l(sin.o)
    0x08005290   0x08005290   0x0000004c   Code   RO          805    i.sqrt              m_ws.l(sqrt.o)
    0x080052dc   0x080052dc   0x0000002c   Code   RO          931    locale$$code        c_w.l(lc_numeric_c.o)
    0x08005308   0x08005308   0x00000062   Code   RO          732    x$fpl$d2f           fz_ws.l(d2f.o)
    0x0800536a   0x0800536a   0x00000002   PAD
    0x0800536c   0x0800536c   0x00000150   Code   RO          734    x$fpl$dadd          fz_ws.l(daddsub_clz.o)
    0x080054bc   0x080054bc   0x00000010   Code   RO          933    x$fpl$dcheck1       fz_ws.l(dcheck1.o)
    0x080054cc   0x080054cc   0x00000018   Code   RO          935    x$fpl$dcmpinf       fz_ws.l(dcmpi.o)
    0x080054e4   0x080054e4   0x000002b0   Code   RO          741    x$fpl$ddiv          fz_ws.l(ddiv.o)
    0x08005794   0x08005794   0x0000005e   Code   RO          744    x$fpl$dfix          fz_ws.l(dfix.o)
    0x080057f2   0x080057f2   0x0000002e   Code   RO          749    x$fpl$dflt          fz_ws.l(dflt_clz.o)
    0x08005820   0x08005820   0x00000026   Code   RO          748    x$fpl$dfltu         fz_ws.l(dflt_clz.o)
    0x08005846   0x08005846   0x00000002   PAD
    0x08005848   0x08005848   0x00000078   Code   RO          824    x$fpl$dleqf         fz_ws.l(dleqf.o)
    0x080058c0   0x080058c0   0x00000154   Code   RO          754    x$fpl$dmul          fz_ws.l(dmul.o)
    0x08005a14   0x08005a14   0x0000009c   Code   RO          826    x$fpl$dnaninf       fz_ws.l(dnaninf.o)
    0x08005ab0   0x08005ab0   0x0000000c   Code   RO          828    x$fpl$dretinf       fz_ws.l(dretinf.o)
    0x08005abc   0x08005abc   0x0000006c   Code   RO          830    x$fpl$drleqf        fz_ws.l(drleqf.o)
    0x08005b28   0x08005b28   0x00000016   Code   RO          735    x$fpl$drsb          fz_ws.l(daddsub_clz.o)
    0x08005b3e   0x08005b3e   0x00000002   PAD
    0x08005b40   0x08005b40   0x000001cc   Code   RO          832    x$fpl$dsqrt         fz_ws.l(dsqrt_noumaal.o)
    0x08005d0c   0x08005d0c   0x000001d4   Code   RO          736    x$fpl$dsub          fz_ws.l(daddsub_clz.o)
    0x08005ee0   0x08005ee0   0x00000056   Code   RO          756    x$fpl$f2d           fz_ws.l(f2d.o)
    0x08005f36   0x08005f36   0x00000002   PAD
    0x08005f38   0x08005f38   0x000000c4   Code   RO          758    x$fpl$fadd          fz_ws.l(faddsub_clz.o)
    0x08005ffc   0x08005ffc   0x00000184   Code   RO          765    x$fpl$fdiv          fz_ws.l(fdiv.o)
    0x08006180   0x08006180   0x00000030   Code   RO          769    x$fpl$fflt          fz_ws.l(fflt_clz.o)
    0x080061b0   0x080061b0   0x00000026   Code   RO          768    x$fpl$ffltu         fz_ws.l(fflt_clz.o)
    0x080061d6   0x080061d6   0x00000002   PAD
    0x080061d8   0x080061d8   0x00000102   Code   RO          774    x$fpl$fmul          fz_ws.l(fmul.o)
    0x080062da   0x080062da   0x0000008c   Code   RO          834    x$fpl$fnaninf       fz_ws.l(fnaninf.o)
    0x08006366   0x08006366   0x0000000a   Code   RO          836    x$fpl$fretinf       fz_ws.l(fretinf.o)
    0x08006370   0x08006370   0x00000014   Code   RO          759    x$fpl$frsb          fz_ws.l(faddsub_clz.o)
    0x08006384   0x08006384   0x000000ea   Code   RO          760    x$fpl$fsub          fz_ws.l(faddsub_clz.o)
    0x0800646e   0x0800646e   0x00000004   Code   RO          776    x$fpl$printf1       fz_ws.l(printf1.o)
    0x08006472   0x08006472   0x00000064   Code   RO          999    x$fpl$retnan        fz_ws.l(retnan.o)
    0x080064d6   0x080064d6   0x0000005c   Code   RO          838    x$fpl$scalbn        fz_ws.l(scalbn.o)
    0x08006532   0x08006532   0x00000030   Code   RO         1007    x$fpl$trapveneer    fz_ws.l(trapv.o)
    0x08006562   0x08006562   0x00000000   Code   RO          840    x$fpl$usenofp       fz_ws.l(usenofp.o)
    0x08006562   0x08006562   0x00000006   PAD
    0x08006568   0x08006568   0x00000088   Data   RO          788    .constdata          m_ws.l(pow.o)
    0x080065f0   0x080065f0   0x00000030   Data   RO          842    .constdata          m_ws.l(cos_i.o)
    0x08006620   0x08006620   0x00000008   Data   RO          862    .constdata          m_ws.l(qnan.o)
    0x08006628   0x08006628   0x000000c8   Data   RO          865    .constdata          m_ws.l(rred.o)
    0x080066f0   0x080066f0   0x00000028   Data   RO          869    .constdata          m_ws.l(sin_i.o)
    0x08006718   0x08006718   0x00000094   Data   RO          906    .constdata          c_w.l(bigflt0.o)
    0x080067ac   0x080067ac   0x00000020   Data   RO         1078    Region$$Table       anon$$obj.o
    0x080067cc   0x080067cc   0x0000001c   Data   RO          930    locale$$data        c_w.l(lc_numeric_c.o)


    Execution Region RW_IRAM1 (Exec base: 0x20000000, Load base: 0x080067e8, Size: 0x00000ea0, Max: 0x00010000, ABSOLUTE)

    Exec Addr    Load Addr    Size         Type   Attr      Idx    E Section Name        Object

    0x20000000   0x080067e8   0x00000010   Data   RW            2    .data               main.o
    0x20000010   0x080067f8   0x00000014   Data   RW          176    .data               system_stm32f10x.o
    0x20000024   0x0800680c   0x00000014   Data   RW          404    .data               stm32f10x_rcc.o
    0x20000038   0x08006820   0x00000004   Data   RW          490    .data               delay.o
    0x2000003c   0x08006824   0x0000001a   Data   RW          521    .data               usart.o
    0x20000056   0x0800683e   0x00000002   PAD
    0x20000058   0x08006840   0x0000000c   Data   RW          584    .data               timer.o
    0x20000064   0x0800684c   0x00000010   Data   RW          679    .data               handlefft.o
    0x20000074        -       0x000000c8   Zero   RW          520    .bss                usart.o
    0x2000013c        -       0x00000100   Zero   RW          583    .bss                timer.o
    0x2000023c   0x0800685c   0x00000004   PAD
    0x20000240        -       0x00000600   Zero   RW          634    .bss                dsp_g2.o
    0x20000840        -       0x00000060   Zero   RW          940    .bss                c_w.l(libspace.o)
    0x200008a0        -       0x00000200   Zero   RW          205    HEAP                startup_stm32f10x_hd.o
    0x20000aa0        -       0x00000400   Zero   RW          204    STACK               startup_stm32f10x_hd.o


==============================================================================

Image component sizes


      Code (inc. data)   RO Data    RW Data    ZI Data      Debug   Object Name

       232          8          0          0          0       1075   adc.o
         0          0          0          0          0         32   core_cm3.o
       212         18          0          4          0        999   delay.o
       236         18          0          0       1536       1525   dsp_g2.o
       732          6          0          0          0       1885   fft2.o
       460         64          0         16          0       1487   handlefft.o
       248         14          0          0          0        993   led.o
       180         34          0         16          0     263251   main.o
       220         22          0          0          0       1757   misc.o
        64         26        304          0       1536        780   startup_stm32f10x_hd.o
      1102         26          0          0          0      11001   stm32f10x_adc.o
       860         38          0          0          0       5689   stm32f10x_gpio.o
        26          0          0          0          0     204210   stm32f10x_it.o
       932         36          0         20          0       8848   stm32f10x_rcc.o
      3610         88          0          0          0      22800   stm32f10x_tim.o
      1032         22          0          0          0       8416   stm32f10x_usart.o
       480         38          0         20          0       1671   system_stm32f10x.o
       468         46          0         12        256       2263   timer.o
       816         58          0         26        200       5357   usart.o

    ----------------------------------------------------------------------
     11916        562        336        116       3532     544039   Object Totals
         0          0         32          0          0          0   (incl. Generated)
         6          0          0          2          4          0   (incl. Padding)

    ----------------------------------------------------------------------

      Code (inc. data)   RO Data    RW Data    ZI Data      Debug   Library Member Name

         8          0          0          0          0         68   __main.o
       284          0          0          0          0        156   __printf_wp.o
         0          0          0          0          0          0   __rtentry.o
        12          0          0          0          0          0   __rtentry2.o
         6          0          0          0          0          0   __rtentry4.o
        52          8          0          0          0          0   __scatter.o
        26          0          0          0          0          0   __scatter_copy.o
        28          0          0          0          0          0   __scatter_zi.o
        48          6          0          0          0         96   _printf_char_common.o
         6          0          0          0          0          0   _printf_f.o
      1054          0          0          0          0        216   _printf_fp_dec.o
       128         16          0          0          0         84   _printf_fp_infnan.o
         0          0          0          0          0          0   _printf_percent.o
         4          0          0          0          0          0   _printf_percent_end.o
        22          0          0          0          0        100   _rserrno.o
        10          0          0          0          0         68   _sputc.o
       228          4        148          0          0         96   bigflt0.o
      1936        128          0          0          0        672   btod.o
        18          0          0          0          0         80   exit.o
         6          0          0          0          0        152   heapauxi.o
        44         10         28          0          0         76   lc_numeric_c.o
         2          0          0          0          0          0   libinit.o
        18          0          0          0          0          0   libinit2.o
         2          0          0          0          0          0   libshutdown.o
         2          0          0          0          0          0   libshutdown2.o
         8          4          0          0         96         68   libspace.o
       138          0          0          0          0         80   lludiv10.o
        40          6          0          0          0         84   noretval__2sprintf.o
         8          4          0          0          0         68   rt_errno_addr_intlibspace.o
         8          4          0          0          0         68   rt_locale_intlibspace.o
        78          0          0          0          0         80   rt_memclr_w.o
         2          0          0          0          0          0   rtexit.o
        10          0          0          0          0          0   rtexit2.o
       128          0          0          0          0         68   strcmpv7m.o
        74          0          0          0          0         80   sys_stackheap_outer.o
         2          0          0          0          0         68   use_no_semi.o
         2          0          0          0          0         68   use_no_semi_2.o
        98          4          0          0          0         92   d2f.o
       826         16          0          0          0        348   daddsub_clz.o
        16          4          0          0          0         68   dcheck1.o
        24          0          0          0          0         68   dcmpi.o
       688        140          0          0          0        208   ddiv.o
        94          4          0          0          0         92   dfix.o
        84          0          0          0          0        136   dflt_clz.o
       120          4          0          0          0         92   dleqf.o
       340         12          0          0          0        104   dmul.o
       156          4          0          0          0         92   dnaninf.o
        12          0          0          0          0         68   dretinf.o
       108          0          0          0          0         80   drleqf.o
       460         56          0          0          0        120   dsqrt_noumaal.o
        86          4          0          0          0         84   f2d.o
       450          8          0          0          0        236   faddsub_clz.o
       388         76          0          0          0         96   fdiv.o
        86          0          0          0          0        136   fflt_clz.o
       258          4          0          0          0         84   fmul.o
       140          4          0          0          0         84   fnaninf.o
        10          0          0          0          0         68   fretinf.o
         4          0          0          0          0         68   printf1.o
       100          0          0          0          0         68   retnan.o
        92          0          0          0          0         68   scalbn.o
        48          0          0          0          0         68   trapv.o
         0          0          0          0          0          0   usenofp.o
       156          8          0          0          0        104   cos.o
       252         22         48          0          0        124   cos_i.o
        68         10          0          0          0        408   dunder.o
        40          0          0          0          0         68   fpclassify.o
       170          0          0          0          0         96   poly.o
      2520        190        136          0          0        324   pow.o
         0          0          8          0          0          0   qnan.o
       904         76        200          0          0        140   rred.o
       160         10          0          0          0        108   sin.o
       236         12         40          0          0        128   sin_i.o
        76          0          0          0          0         84   sqrt.o

    ----------------------------------------------------------------------
     13740        858        608          0         96       6808   Library Totals
        28          0          0          0          0          0   (incl. Padding)

    ----------------------------------------------------------------------

      Code (inc. data)   RO Data    RW Data    ZI Data      Debug   Library Name

      4442        190        176          0         96       2596   c_w.l
      4688        340          0          0          0       2628   fz_ws.l
      4582        328        432          0          0       1584   m_ws.l

    ----------------------------------------------------------------------
     13740        858        608          0         96       6808   Library Totals

    ----------------------------------------------------------------------

==============================================================================


      Code (inc. data)   RO Data    RW Data    ZI Data      Debug   

     25656       1420        944        116       3628     545643   Grand Totals
     25656       1420        944        116       3628     545643   ELF Image Totals
     25656       1420        944        116          0          0   ROM Totals

==============================================================================

    Total RO  Size (Code + RO Data)                26600 (  25.98kB)
    Total RW  Size (RW Data + ZI Data)              3744 (   3.66kB)
    Total ROM Size (Code + RO Data + RW Data)      26716 (  26.09kB)

==============================================================================

